Component: ARM Compiler 5.06 update 7 (build 960) Tool: armlink [4d3601]

==============================================================================

Section Cross References

    i2c.o(i.I2C_Ping) refers to i2c.o(i.i2c_enable) for i2c_enable
    i2c.o(i.I2C_Ping) refers to i2c.o(i.i2c_tran) for i2c_tran
    i2c.o(i.I2C_Ping) refers to i2c.o(i.i2c_m_start) for i2c_m_start
    i2c.o(i.I2C_Ping) refers to i2c.o(i.i2c_send) for i2c_send
    i2c.o(i.I2C_Ping) refers to i2c.o(i.i2c_wait) for i2c_wait
    i2c.o(i.I2C_Ping) refers to i2c.o(i.i2c_m_stop) for i2c_m_stop
    i2c.o(i.I2C_Ping) refers to i2c.o(i.i2c_disable) for i2c_disable
    i2c.o(i.I2C_Ping) refers to i2c.o(.data) for error
    i2c.o(i.I2C_Read) refers to i2c.o(i.i2c_enable) for i2c_enable
    i2c.o(i.I2C_Read) refers to i2c.o(i.i2c_tran) for i2c_tran
    i2c.o(i.I2C_Read) refers to i2c.o(i.i2c_m_start) for i2c_m_start
    i2c.o(i.I2C_Read) refers to i2c.o(i.i2c_send) for i2c_send
    i2c.o(i.I2C_Read) refers to i2c.o(i.i2c_wait) for i2c_wait
    i2c.o(i.I2C_Read) refers to i2c.o(i.i2c_rec) for i2c_rec
    i2c.o(i.I2C_Read) refers to i2c.o(i.i2c_nack) for i2c_nack
    i2c.o(i.I2C_Read) refers to i2c.o(i.i2c_recv) for i2c_recv
    i2c.o(i.I2C_Read) refers to i2c.o(i.i2c_m_stop) for i2c_m_stop
    i2c.o(i.I2C_Read) refers to i2c.o(i.i2c_disable) for i2c_disable
    i2c.o(i.I2C_Read) refers to i2c.o(.data) for error
    i2c.o(i.I2C_ReadReg) refers to i2c.o(i.i2c_enable) for i2c_enable
    i2c.o(i.I2C_ReadReg) refers to i2c.o(i.i2c_clr_IICIF) for i2c_clr_IICIF
    i2c.o(i.I2C_ReadReg) refers to i2c.o(i.i2c_tran) for i2c_tran
    i2c.o(i.I2C_ReadReg) refers to i2c.o(i.i2c_m_start) for i2c_m_start
    i2c.o(i.I2C_ReadReg) refers to i2c.o(i.i2c_send) for i2c_send
    i2c.o(i.I2C_ReadReg) refers to i2c.o(i.i2c_wait) for i2c_wait
    i2c.o(i.I2C_ReadReg) refers to i2c.o(i.i2c_m_rstart) for i2c_m_rstart
    i2c.o(i.I2C_ReadReg) refers to i2c.o(i.i2c_rec) for i2c_rec
    i2c.o(i.I2C_ReadReg) refers to i2c.o(i.i2c_nack) for i2c_nack
    i2c.o(i.I2C_ReadReg) refers to i2c.o(i.i2c_recv) for i2c_recv
    i2c.o(i.I2C_ReadReg) refers to i2c.o(i.i2c_m_stop) for i2c_m_stop
    i2c.o(i.I2C_ReadReg) refers to i2c.o(i.i2c_disable) for i2c_disable
    i2c.o(i.I2C_ReadReg) refers to i2c.o(.data) for error
    i2c.o(i.I2C_ReadRegBlock) refers to i2c.o(i.i2c_enable) for i2c_enable
    i2c.o(i.I2C_ReadRegBlock) refers to i2c.o(i.i2c_clr_IICIF) for i2c_clr_IICIF
    i2c.o(i.I2C_ReadRegBlock) refers to i2c.o(i.i2c_tran) for i2c_tran
    i2c.o(i.I2C_ReadRegBlock) refers to i2c.o(i.i2c_m_start) for i2c_m_start
    i2c.o(i.I2C_ReadRegBlock) refers to i2c.o(i.i2c_send) for i2c_send
    i2c.o(i.I2C_ReadRegBlock) refers to i2c.o(i.i2c_wait) for i2c_wait
    i2c.o(i.I2C_ReadRegBlock) refers to i2c.o(i.i2c_m_rstart) for i2c_m_rstart
    i2c.o(i.I2C_ReadRegBlock) refers to i2c.o(i.i2c_rec) for i2c_rec
    i2c.o(i.I2C_ReadRegBlock) refers to i2c.o(i.i2c_ack) for i2c_ack
    i2c.o(i.I2C_ReadRegBlock) refers to i2c.o(i.i2c_recv) for i2c_recv
    i2c.o(i.I2C_ReadRegBlock) refers to i2c.o(i.i2c_nack) for i2c_nack
    i2c.o(i.I2C_ReadRegBlock) refers to i2c.o(i.i2c_m_stop) for i2c_m_stop
    i2c.o(i.I2C_ReadRegBlock) refers to i2c.o(i.i2c_disable) for i2c_disable
    i2c.o(i.I2C_ReadRegBlock) refers to i2c.o(.data) for error
    i2c.o(i.I2C_Write) refers to i2c.o(i.i2c_enable) for i2c_enable
    i2c.o(i.I2C_Write) refers to i2c.o(i.i2c_tran) for i2c_tran
    i2c.o(i.I2C_Write) refers to i2c.o(i.i2c_m_start) for i2c_m_start
    i2c.o(i.I2C_Write) refers to i2c.o(i.i2c_send) for i2c_send
    i2c.o(i.I2C_Write) refers to i2c.o(i.i2c_wait) for i2c_wait
    i2c.o(i.I2C_Write) refers to i2c.o(i.i2c_m_stop) for i2c_m_stop
    i2c.o(i.I2C_Write) refers to i2c.o(i.i2c_disable) for i2c_disable
    i2c.o(i.I2C_Write) refers to i2c.o(.data) for error
    i2c.o(i.I2C_WriteReg) refers to i2c.o(i.i2c_enable) for i2c_enable
    i2c.o(i.I2C_WriteReg) refers to i2c.o(i.i2c_tran) for i2c_tran
    i2c.o(i.I2C_WriteReg) refers to i2c.o(i.i2c_m_start) for i2c_m_start
    i2c.o(i.I2C_WriteReg) refers to i2c.o(i.i2c_send) for i2c_send
    i2c.o(i.I2C_WriteReg) refers to i2c.o(i.i2c_wait) for i2c_wait
    i2c.o(i.I2C_WriteReg) refers to i2c.o(i.i2c_m_stop) for i2c_m_stop
    i2c.o(i.I2C_WriteReg) refers to i2c.o(i.i2c_disable) for i2c_disable
    i2c.o(i.I2C_WriteReg) refers to i2c.o(.data) for error
    i2c.o(i.i2c_wait) refers to i2c.o(i.i2c_clr_IICIF) for i2c_clr_IICIF
    i2c.o(i.i2c_wait) refers to i2c.o(.data) for timeout
    lcd1602.o(i.LCD1602_BF_AC) refers to i2c.o(i.I2C_Write) for I2C_Write
    lcd1602.o(i.LCD1602_BF_AC) refers to i2c.o(i.I2C_Read) for I2C_Read
    lcd1602.o(i.LCD1602_BF_AC) refers to lcd1602.o(.data) for lcd_backlight
    lcd1602.o(i.LCD1602_Backlight) refers to lcd1602.o(i.PCF8574_Write) for PCF8574_Write
    lcd1602.o(i.LCD1602_Backlight) refers to lcd1602.o(.data) for lcd_backlight
    lcd1602.o(i.LCD1602_Blink_Off) refers to lcd1602.o(i.LCD1602_Write8) for LCD1602_Write8
    lcd1602.o(i.LCD1602_Blink_Off_Cursor_On) refers to lcd1602.o(i.LCD1602_Write8) for LCD1602_Write8
    lcd1602.o(i.LCD1602_Blink_On) refers to lcd1602.o(i.LCD1602_Write8) for LCD1602_Write8
    lcd1602.o(i.LCD1602_CheckAddress) refers to i2c.o(i.I2C_Write) for I2C_Write
    lcd1602.o(i.LCD1602_CheckAddress) refers to lcd1602.o(.data) for pcf_address
    lcd1602.o(i.LCD1602_ClearAll) refers to lcd1602.o(i.LCD1602_Write8) for LCD1602_Write8
    lcd1602.o(i.LCD1602_Init) refers to i2c.o(i.I2C_Init) for I2C_Init
    lcd1602.o(i.LCD1602_Init) refers to lcd1602.o(i.LCD1602_CheckAddress) for LCD1602_CheckAddress
    lcd1602.o(i.LCD1602_Init) refers to lcd1602.o(i.LCD1602_Write8) for LCD1602_Write8
    lcd1602.o(i.LCD1602_PL_CH) refers to lcd1602.o(i.LCD1602_Write8) for LCD1602_Write8
    lcd1602.o(i.LCD1602_PL_CH) refers to lcd1602.o(i.LCD1602_BF_AC) for LCD1602_BF_AC
    lcd1602.o(i.LCD1602_PL_CH) refers to lcd1602.o(.data) for PL_CH_a_
    lcd1602.o(i.LCD1602_Print) refers to lcd1602.o(i.LCD1602_Write8) for LCD1602_Write8
    lcd1602.o(i.LCD1602_PrintNum) refers to lcd1602.o(i.itoa) for itoa
    lcd1602.o(i.LCD1602_PrintNum) refers to lcd1602.o(i.LCD1602_Print) for LCD1602_Print
    lcd1602.o(i.LCD1602_PrintPL) refers to lcd1602.o(i.LCD1602_Write8) for LCD1602_Write8
    lcd1602.o(i.LCD1602_SetCursor) refers to lcd1602.o(i.LCD1602_Write8) for LCD1602_Write8
    lcd1602.o(i.LCD1602_Write4) refers to lcd1602.o(i.PCF8574_Write) for PCF8574_Write
    lcd1602.o(i.LCD1602_Write8) refers to lcd1602.o(i.LCD1602_Write4) for LCD1602_Write4
    lcd1602.o(i.PCF8574_Write) refers to i2c.o(i.I2C_Write) for I2C_Write
    lcd1602.o(i.PCF8574_Write) refers to lcd1602.o(.data) for lcd_backlight
    lcd1602.o(i.itoa) refers to aeabi_sdiv.o(.text) for __aeabi_idivmod
    main.o(i.main) refers to _printf_pad.o(.text) for _printf_pre_padding
    main.o(i.main) refers to _printf_percent.o(.ARM.Collect$$_printf_percent$$00000000) for _printf_percent
    main.o(i.main) refers to _printf_f.o(.ARM.Collect$$_printf_percent$$00000003) for _printf_f
    main.o(i.main) refers to printf1.o(x$fpl$printf1) for _printf_fp_dec
    main.o(i.main) refers to rt_memcpy.o(.emb_text) for __aeabi_memcpy4
    main.o(i.main) refers to lcd1602.o(i.LCD1602_Init) for LCD1602_Init
    main.o(i.main) refers to lcd1602.o(i.LCD1602_Backlight) for LCD1602_Backlight
    main.o(i.main) refers to i2c.o(i.I2C_WriteReg) for I2C_WriteReg
    main.o(i.main) refers to i2c.o(i.I2C_ReadReg) for I2C_ReadReg
    main.o(i.main) refers to i2c.o(i.I2C_ReadRegBlock) for I2C_ReadRegBlock
    main.o(i.main) refers to lcd1602.o(i.LCD1602_SetCursor) for LCD1602_SetCursor
    main.o(i.main) refers to dflti.o(.text) for __aeabi_i2d
    main.o(i.main) refers to ddiv.o(.text) for __aeabi_ddiv
    main.o(i.main) refers to noretval__2sprintf.o(.text) for __2sprintf
    main.o(i.main) refers to lcd1602.o(i.LCD1602_Print) for LCD1602_Print
    main.o(i.main) refers to main.o(.data) for sens
    startup_mkl05z4.o(STACK) refers (Special) to heapauxi.o(.text) for __use_two_region_memory
    startup_mkl05z4.o(HEAP) refers (Special) to heapauxi.o(.text) for __use_two_region_memory
    startup_mkl05z4.o(RESET) refers (Special) to heapauxi.o(.text) for __use_two_region_memory
    startup_mkl05z4.o(RESET) refers to startup_mkl05z4.o(STACK) for __initial_sp
    startup_mkl05z4.o(RESET) refers to startup_mkl05z4.o(.text) for Reset_Handler
    startup_mkl05z4.o(.ARM.__at_0x400) refers (Special) to heapauxi.o(.text) for __use_two_region_memory
    startup_mkl05z4.o(.text) refers (Special) to heapauxi.o(.text) for __use_two_region_memory
    startup_mkl05z4.o(.text) refers to system_mkl05z4.o(i.SystemInit) for SystemInit
    startup_mkl05z4.o(.text) refers to __main.o(!!!main) for __main
    startup_mkl05z4.o(.text) refers to startup_mkl05z4.o(HEAP) for Heap_Mem
    startup_mkl05z4.o(.text) refers to startup_mkl05z4.o(STACK) for Stack_Mem
    system_mkl05z4.o(i.SystemCoreClockUpdate) refers to aeabi_sdiv.o(.text) for __aeabi_uidivmod
    system_mkl05z4.o(i.SystemCoreClockUpdate) refers to system_mkl05z4.o(i.__ARM_common_switch8) for __ARM_common_switch8
    system_mkl05z4.o(i.SystemCoreClockUpdate) refers to system_mkl05z4.o(.data) for SystemCoreClock
    __2sprintf.o(.text) refers to _printf_char_common.o(.text) for _printf_char_common
    __2sprintf.o(.text) refers to _sputc.o(.text) for _sputc
    noretval__2sprintf.o(.text) refers to _printf_char_common.o(.text) for _printf_char_common
    noretval__2sprintf.o(.text) refers to _sputc.o(.text) for _sputc
    __printf.o(.text) refers to _printf_percent.o(.ARM.Collect$$_printf_percent$$00000000) for _printf_percent
    __printf_flags.o(.text) refers to _printf_percent.o(.ARM.Collect$$_printf_percent$$00000000) for _printf_percent
    __printf_flags.o(.text) refers to __printf_flags.o(.constdata) for .constdata
    __printf_ss.o(.text) refers to _printf_percent.o(.ARM.Collect$$_printf_percent$$00000000) for _printf_percent
    __printf_flags_ss.o(.text) refers to _printf_percent.o(.ARM.Collect$$_printf_percent$$00000000) for _printf_percent
    __printf_flags_ss.o(.text) refers to __printf_flags_ss.o(.constdata) for .constdata
    __printf_wp.o(.text) refers to __printf_wp.o(i._is_digit) for _is_digit
    __printf_wp.o(.text) refers to _printf_percent.o(.ARM.Collect$$_printf_percent$$00000000) for _printf_percent
    __printf_flags_wp.o(.text) refers to __printf_wp.o(i._is_digit) for _is_digit
    __printf_flags_wp.o(.text) refers to _printf_percent.o(.ARM.Collect$$_printf_percent$$00000000) for _printf_percent
    __printf_flags_wp.o(.text) refers to __printf_flags_wp.o(.constdata) for .constdata
    __printf_ss_wp.o(.text) refers to __printf_wp.o(i._is_digit) for _is_digit
    __printf_ss_wp.o(.text) refers to _printf_percent.o(.ARM.Collect$$_printf_percent$$00000000) for _printf_percent
    __printf_flags_ss_wp.o(.text) refers to __printf_wp.o(i._is_digit) for _is_digit
    __printf_flags_ss_wp.o(.text) refers to _printf_percent.o(.ARM.Collect$$_printf_percent$$00000000) for _printf_percent
    __printf_flags_ss_wp.o(.text) refers to __printf_flags_ss_wp.o(.constdata) for .constdata
    _printf_f.o(.ARM.Collect$$_printf_percent$$00000003) refers (Weak) to printf1.o(x$fpl$printf1) for _printf_fp_dec
    _printf_percent.o(.ARM.Collect$$_printf_percent$$00000000) refers (Special) to _printf_percent_end.o(.ARM.Collect$$_printf_percent$$00000017) for _printf_percent_end
    rt_memcpy.o(.text) refers to rt_memcpy.o(.emb_text) for __aeabi_memcpy4
    __main.o(!!!main) refers to __rtentry.o(.ARM.Collect$$rtentry$$00000000) for __rt_entry
    ddiv.o(.text) refers (Special) to usenofp.o(x$fpl$usenofp) for __I$use$fp
    ddiv.o(.text) refers to ddiv.o(.constdata) for .constdata
    ddiv.o(.constdata) refers (Special) to usenofp.o(x$fpl$usenofp) for __I$use$fp
    dflti.o(.text) refers (Special) to usenofp.o(x$fpl$usenofp) for __I$use$fp
    printf1.o(x$fpl$printf1) refers to _printf_fp_dec.o(.text) for _printf_fp_dec_real
    __rtentry.o(.ARM.Collect$$rtentry$$00000000) refers (Special) to __rtentry2.o(.ARM.Collect$$rtentry$$0000000A) for __rt_entry_li
    __rtentry.o(.ARM.Collect$$rtentry$$00000000) refers (Special) to __rtentry2.o(.ARM.Collect$$rtentry$$0000000D) for __rt_entry_main
    __rtentry.o(.ARM.Collect$$rtentry$$00000000) refers (Special) to __rtentry2.o(.ARM.Collect$$rtentry$$0000000C) for __rt_entry_postli_1
    __rtentry.o(.ARM.Collect$$rtentry$$00000000) refers (Special) to __rtentry2.o(.ARM.Collect$$rtentry$$00000009) for __rt_entry_postsh_1
    __rtentry.o(.ARM.Collect$$rtentry$$00000000) refers (Special) to __rtentry2.o(.ARM.Collect$$rtentry$$00000002) for __rt_entry_presh_1
    __rtentry.o(.ARM.Collect$$rtentry$$00000000) refers (Special) to __rtentry4.o(.ARM.Collect$$rtentry$$00000004) for __rt_entry_sh
    aeabi_idiv0_sigfpe.o(.text) refers to rt_div0.o(.text) for __rt_div0
    _printf_fp_dec.o(.text) refers (Special) to usenofp.o(x$fpl$usenofp) for __I$use$fp
    _printf_fp_dec.o(.text) refers (Special) to lc_numeric_c.o(locale$$code) for _get_lc_numeric
    _printf_fp_dec.o(.text) refers to bigflt0.o(.text) for _btod_etento
    _printf_fp_dec.o(.text) refers to btod.o(.text) for _btod_d2e
    _printf_fp_dec.o(.text) refers to lludiv10.o(.text) for _ll_udiv10
    _printf_fp_dec.o(.text) refers to fpclassify.o(i.__ARM_fpclassify) for __ARM_fpclassify
    _printf_fp_dec.o(.text) refers to _printf_fp_infnan.o(.text) for _printf_fp_infnan
    _printf_fp_dec.o(.text) refers to rtudiv10.o(.text) for __rt_udiv10
    _printf_fp_dec.o(.text) refers (Weak) to _printf_pad.o(.text) for _printf_pre_padding
    _printf_fp_dec.o(.text) refers (Weak) to _printf_pad.o(.text) for _printf_pre_padding
    _printf_fp_dec.o(.text) refers to rt_locale_intlibspace.o(.text) for __rt_locale
    _printf_fp_dec.o(.text) refers (Weak) to _printf_pad.o(.text) for _printf_post_padding
    _printf_char_common.o(.text) refers to __printf_flags_wp.o(.text) for __printf
    __rtentry2.o(.ARM.Collect$$rtentry$$00000008) refers to boardinit2.o(.text) for _platform_post_stackheap_init
    __rtentry2.o(.ARM.Collect$$rtentry$$0000000A) refers to libinit.o(.ARM.Collect$$libinit$$00000000) for __rt_lib_init
    __rtentry2.o(.ARM.Collect$$rtentry$$0000000B) refers to boardinit3.o(.text) for _platform_post_lib_init
    __rtentry2.o(.ARM.Collect$$rtentry$$0000000D) refers to main.o(i.main) for main
    __rtentry2.o(.ARM.Collect$$rtentry$$0000000D) refers to exit.o(.text) for exit
    __rtentry2.o(.ARM.exidx) refers to __rtentry2.o(.ARM.Collect$$rtentry$$00000001) for .ARM.Collect$$rtentry$$00000001
    __rtentry2.o(.ARM.exidx) refers to __rtentry2.o(.ARM.Collect$$rtentry$$00000008) for .ARM.Collect$$rtentry$$00000008
    __rtentry2.o(.ARM.exidx) refers to __rtentry2.o(.ARM.Collect$$rtentry$$0000000A) for .ARM.Collect$$rtentry$$0000000A
    __rtentry2.o(.ARM.exidx) refers to __rtentry2.o(.ARM.Collect$$rtentry$$0000000B) for .ARM.Collect$$rtentry$$0000000B
    __rtentry2.o(.ARM.exidx) refers to __rtentry2.o(.ARM.Collect$$rtentry$$0000000D) for .ARM.Collect$$rtentry$$0000000D
    __rtentry4.o(.ARM.Collect$$rtentry$$00000004) refers to sys_stackheap_outer.o(.text) for __user_setup_stackheap
    __rtentry4.o(.ARM.exidx) refers to __rtentry4.o(.ARM.Collect$$rtentry$$00000004) for .ARM.Collect$$rtentry$$00000004
    rt_div0.o(.text) refers to defsig_fpe_outer.o(.text) for __rt_SIGFPE
    rt_locale.o(.text) refers to rt_locale.o(.bss) for __rt_locale_data
    rt_locale_intlibspace.o(.text) refers to libspace.o(.bss) for __libspace_start
    _printf_fp_infnan.o(.text) refers (Weak) to _printf_pad.o(.text) for _printf_pre_padding
    _printf_fp_infnan.o(.text) refers (Weak) to _printf_pad.o(.text) for _printf_post_padding
    bigflt0.o(.text) refers (Special) to usenofp.o(x$fpl$usenofp) for __I$use$fp
    bigflt0.o(.text) refers to aeabi_sdiv.o(.text) for __aeabi_idivmod
    bigflt0.o(.text) refers to btod.o(.text) for _btod_emul
    bigflt0.o(.text) refers to bigflt0.o(.constdata) for .constdata
    bigflt0.o(.constdata) refers (Special) to usenofp.o(x$fpl$usenofp) for __I$use$fp
    btod.o(.text) refers to btod.o(i.__ARM_common_ll_muluu) for __ARM_common_ll_muluu
    lc_numeric_c.o(locale$$data) refers (Special) to libinit2.o(.ARM.Collect$$libinit$$00000016) for __rt_lib_init_lc_numeric_2
    lc_numeric_c.o(locale$$code) refers (Special) to libinit2.o(.ARM.Collect$$libinit$$00000016) for __rt_lib_init_lc_numeric_2
    lc_numeric_c.o(locale$$code) refers to strcmp.o(.text) for strcmp
    lc_numeric_c.o(locale$$code) refers to lc_numeric_c.o(locale$$data) for __lcnum_c_name
    ieee_status.o(.text) refers (Special) to usenofp.o(x$fpl$usenofp) for __I$use$fp
    fpclassify.o(i.__ARM_fpclassify) refers (Special) to usenofp.o(x$fpl$usenofp) for __I$use$fp
    libspace.o(.text) refers to libspace.o(.bss) for __libspace_start
    sys_stackheap_outer.o(.text) refers to libspace.o(.text) for __user_perproc_libspace
    sys_stackheap_outer.o(.text) refers to startup_mkl05z4.o(.text) for __user_initial_stackheap
    sys_stackheap_outer.o(__vectab_stack_and_reset_area) refers to tempstk.o(.text) for __temporary_stack_top
    sys_stackheap_outer.o(__vectab_stack_and_reset_area) refers to __main.o(!!!main) for __main
    exit.o(.text) refers to rtexit.o(.ARM.Collect$$rtexit$$00000000) for __rt_exit
    defsig_fpe_outer.o(.text) refers to defsig_fpe_inner.o(.text) for __rt_SIGFPE_inner
    defsig_fpe_outer.o(.text) refers to defsig_exit.o(.text) for __sig_exit
    defsig_fpe_formal.o(.text) refers to rt_raise.o(.text) for __rt_raise
    libinit.o(.ARM.Collect$$libinit$$00000000) refers (Special) to libinit2.o(.ARM.Collect$$libinit$$0000002E) for __rt_lib_init_alloca_1
    libinit.o(.ARM.Collect$$libinit$$00000000) refers (Special) to libinit2.o(.ARM.Collect$$libinit$$0000002C) for __rt_lib_init_argv_1
    libinit.o(.ARM.Collect$$libinit$$00000000) refers (Special) to libinit2.o(.ARM.Collect$$libinit$$0000001B) for __rt_lib_init_atexit_1
    libinit.o(.ARM.Collect$$libinit$$00000000) refers (Special) to libinit2.o(.ARM.Collect$$libinit$$00000021) for __rt_lib_init_clock_1
    libinit.o(.ARM.Collect$$libinit$$00000000) refers (Special) to libinit2.o(.ARM.Collect$$libinit$$00000032) for __rt_lib_init_cpp_1
    libinit.o(.ARM.Collect$$libinit$$00000000) refers (Special) to libinit2.o(.ARM.Collect$$libinit$$00000030) for __rt_lib_init_exceptions_1
    libinit.o(.ARM.Collect$$libinit$$00000000) refers (Special) to libinit2.o(.ARM.Collect$$libinit$$00000002) for __rt_lib_init_fp_1
    libinit.o(.ARM.Collect$$libinit$$00000000) refers (Special) to libinit2.o(.ARM.Collect$$libinit$$0000001F) for __rt_lib_init_fp_trap_1
    libinit.o(.ARM.Collect$$libinit$$00000000) refers (Special) to libinit2.o(.ARM.Collect$$libinit$$00000023) for __rt_lib_init_getenv_1
    libinit.o(.ARM.Collect$$libinit$$00000000) refers (Special) to libinit2.o(.ARM.Collect$$libinit$$0000000A) for __rt_lib_init_heap_1
    libinit.o(.ARM.Collect$$libinit$$00000000) refers (Special) to libinit2.o(.ARM.Collect$$libinit$$00000011) for __rt_lib_init_lc_collate_1
    libinit.o(.ARM.Collect$$libinit$$00000000) refers (Special) to libinit2.o(.ARM.Collect$$libinit$$00000013) for __rt_lib_init_lc_ctype_1
    libinit.o(.ARM.Collect$$libinit$$00000000) refers (Special) to libinit2.o(.ARM.Collect$$libinit$$00000015) for __rt_lib_init_lc_monetary_1
    libinit.o(.ARM.Collect$$libinit$$00000000) refers (Special) to libinit2.o(.ARM.Collect$$libinit$$00000017) for __rt_lib_init_lc_numeric_1
    libinit.o(.ARM.Collect$$libinit$$00000000) refers (Special) to libinit2.o(.ARM.Collect$$libinit$$00000019) for __rt_lib_init_lc_time_1
    libinit.o(.ARM.Collect$$libinit$$00000000) refers (Special) to libinit2.o(.ARM.Collect$$libinit$$00000004) for __rt_lib_init_preinit_1
    libinit.o(.ARM.Collect$$libinit$$00000000) refers (Special) to libinit2.o(.ARM.Collect$$libinit$$0000000E) for __rt_lib_init_rand_1
    libinit.o(.ARM.Collect$$libinit$$00000000) refers (Special) to libinit2.o(.ARM.Collect$$libinit$$00000033) for __rt_lib_init_return
    libinit.o(.ARM.Collect$$libinit$$00000000) refers (Special) to libinit2.o(.ARM.Collect$$libinit$$0000001D) for __rt_lib_init_signal_1
    libinit.o(.ARM.Collect$$libinit$$00000000) refers (Special) to libinit2.o(.ARM.Collect$$libinit$$00000025) for __rt_lib_init_stdio_1
    libinit.o(.ARM.Collect$$libinit$$00000000) refers (Special) to libinit2.o(.ARM.Collect$$libinit$$0000000C) for __rt_lib_init_user_alloc_1
    libinit2.o(.ARM.Collect$$libinit$$0000000F) refers (Weak) to rt_locale_intlibspace.o(.text) for __rt_locale
    libinit2.o(.ARM.Collect$$libinit$$00000010) refers to libinit2.o(.ARM.Collect$$libinit$$0000000F) for .ARM.Collect$$libinit$$0000000F
    libinit2.o(.ARM.Collect$$libinit$$00000012) refers to libinit2.o(.ARM.Collect$$libinit$$0000000F) for .ARM.Collect$$libinit$$0000000F
    libinit2.o(.ARM.Collect$$libinit$$00000014) refers to libinit2.o(.ARM.Collect$$libinit$$0000000F) for .ARM.Collect$$libinit$$0000000F
    libinit2.o(.ARM.Collect$$libinit$$00000016) refers to libinit2.o(.ARM.Collect$$libinit$$0000000F) for .ARM.Collect$$libinit$$0000000F
    libinit2.o(.ARM.Collect$$libinit$$00000016) refers (Weak) to lc_numeric_c.o(locale$$code) for _get_lc_numeric
    libinit2.o(.ARM.Collect$$libinit$$00000018) refers to libinit2.o(.ARM.Collect$$libinit$$0000000F) for .ARM.Collect$$libinit$$0000000F
    libinit2.o(.ARM.Collect$$libinit$$00000026) refers to argv_veneer.o(.text) for __ARM_argv_veneer
    libinit2.o(.ARM.Collect$$libinit$$00000027) refers to argv_veneer.o(.text) for __ARM_argv_veneer
    rtexit.o(.ARM.Collect$$rtexit$$00000000) refers (Special) to rtexit2.o(.ARM.Collect$$rtexit$$00000004) for __rt_exit_exit
    rtexit.o(.ARM.Collect$$rtexit$$00000000) refers (Special) to rtexit2.o(.ARM.Collect$$rtexit$$00000003) for __rt_exit_ls
    rtexit.o(.ARM.Collect$$rtexit$$00000000) refers (Special) to rtexit2.o(.ARM.Collect$$rtexit$$00000002) for __rt_exit_prels_1
    rtexit.o(.ARM.exidx) refers (Special) to rtexit2.o(.ARM.Collect$$rtexit$$00000004) for __rt_exit_exit
    rtexit.o(.ARM.exidx) refers (Special) to rtexit2.o(.ARM.Collect$$rtexit$$00000003) for __rt_exit_ls
    rtexit.o(.ARM.exidx) refers (Special) to rtexit2.o(.ARM.Collect$$rtexit$$00000002) for __rt_exit_prels_1
    rtexit.o(.ARM.exidx) refers to rtexit.o(.ARM.Collect$$rtexit$$00000000) for .ARM.Collect$$rtexit$$00000000
    rt_raise.o(.text) refers to __raise.o(.text) for __raise
    rt_raise.o(.text) refers to sys_exit.o(.text) for _sys_exit
    defsig_exit.o(.text) refers to sys_exit.o(.text) for _sys_exit
    defsig_fpe_inner.o(.text) refers to defsig_general.o(.text) for __default_signal_display
    sys_exit.o(.text) refers (Special) to use_no_semi.o(.text) for __I$use$semihosting
    sys_exit.o(.text) refers (Special) to indicate_semi.o(.text) for __semihosting_library_function
    rtexit2.o(.ARM.Collect$$rtexit$$00000003) refers to libshutdown.o(.ARM.Collect$$libshutdown$$00000000) for __rt_lib_shutdown
    rtexit2.o(.ARM.Collect$$rtexit$$00000004) refers to sys_exit.o(.text) for _sys_exit
    rtexit2.o(.ARM.exidx) refers to rtexit2.o(.ARM.Collect$$rtexit$$00000001) for .ARM.Collect$$rtexit$$00000001
    rtexit2.o(.ARM.exidx) refers to rtexit2.o(.ARM.Collect$$rtexit$$00000003) for .ARM.Collect$$rtexit$$00000003
    rtexit2.o(.ARM.exidx) refers to rtexit2.o(.ARM.Collect$$rtexit$$00000004) for .ARM.Collect$$rtexit$$00000004
    __raise.o(.text) refers to defsig.o(CL$$defsig) for __default_signal_handler
    defsig_general.o(.text) refers to sys_wrch.o(.text) for _ttywrch
    _get_argv_nomalloc.o(.text) refers (Special) to hrguard.o(.text) for __heap_region$guard
    _get_argv_nomalloc.o(.text) refers to defsig_rtmem_outer.o(.text) for __rt_SIGRTMEM
    _get_argv_nomalloc.o(.text) refers to sys_command.o(.text) for _sys_command_string
    sys_wrch.o(.text) refers (Special) to use_no_semi.o(.text) for __I$use$semihosting
    sys_wrch.o(.text) refers (Special) to indicate_semi.o(.text) for __semihosting_library_function
    sys_command.o(.text) refers (Special) to use_no_semi.o(.text) for __I$use$semihosting
    sys_command.o(.text) refers (Special) to indicate_semi.o(.text) for __semihosting_library_function
    defsig_rtmem_outer.o(.text) refers to defsig_rtmem_inner.o(.text) for __rt_SIGRTMEM_inner
    defsig_rtmem_outer.o(.text) refers to defsig_exit.o(.text) for __sig_exit
    defsig_rtmem_formal.o(.text) refers to rt_raise.o(.text) for __rt_raise
    defsig.o(CL$$defsig) refers to defsig_fpe_inner.o(.text) for __rt_SIGFPE_inner
    defsig.o(CL$$defsig) refers to defsig_rtmem_inner.o(.text) for __rt_SIGRTMEM_inner
    libshutdown.o(.ARM.Collect$$libshutdown$$00000000) refers (Special) to libshutdown2.o(.ARM.Collect$$libshutdown$$00000004) for __rt_lib_shutdown_cpp_1
    libshutdown.o(.ARM.Collect$$libshutdown$$00000000) refers (Special) to libshutdown2.o(.ARM.Collect$$libshutdown$$00000002) for __rt_lib_shutdown_fini_1
    libshutdown.o(.ARM.Collect$$libshutdown$$00000000) refers (Special) to libshutdown2.o(.ARM.Collect$$libshutdown$$00000009) for __rt_lib_shutdown_fp_trap_1
    libshutdown.o(.ARM.Collect$$libshutdown$$00000000) refers (Special) to libshutdown2.o(.ARM.Collect$$libshutdown$$00000011) for __rt_lib_shutdown_heap_1
    libshutdown.o(.ARM.Collect$$libshutdown$$00000000) refers (Special) to libshutdown2.o(.ARM.Collect$$libshutdown$$00000012) for __rt_lib_shutdown_return
    libshutdown.o(.ARM.Collect$$libshutdown$$00000000) refers (Special) to libshutdown2.o(.ARM.Collect$$libshutdown$$0000000C) for __rt_lib_shutdown_signal_1
    libshutdown.o(.ARM.Collect$$libshutdown$$00000000) refers (Special) to libshutdown2.o(.ARM.Collect$$libshutdown$$00000006) for __rt_lib_shutdown_stdio_1
    libshutdown.o(.ARM.Collect$$libshutdown$$00000000) refers (Special) to libshutdown2.o(.ARM.Collect$$libshutdown$$0000000E) for __rt_lib_shutdown_user_alloc_1
    defsig_abrt_inner.o(.text) refers to defsig_general.o(.text) for __default_signal_display
    defsig_rtred_inner.o(.text) refers to defsig_general.o(.text) for __default_signal_display
    defsig_rtmem_inner.o(.text) refers to defsig_general.o(.text) for __default_signal_display
    defsig_stak_inner.o(.text) refers to defsig_general.o(.text) for __default_signal_display
    defsig_pvfn_inner.o(.text) refers to defsig_general.o(.text) for __default_signal_display
    defsig_cppl_inner.o(.text) refers to defsig_general.o(.text) for __default_signal_display
    defsig_segv_inner.o(.text) refers to defsig_general.o(.text) for __default_signal_display
    defsig_other.o(.text) refers to defsig_general.o(.text) for __default_signal_display


==============================================================================

Removing Unused input sections from the image.

    Removing i2c.o(.rev16_text), (4 bytes).
    Removing i2c.o(.revsh_text), (4 bytes).
    Removing i2c.o(i.I2C_Ping), (52 bytes).
    Removing i2c.o(i.I2C_Read), (88 bytes).
    Removing lcd1602.o(.rev16_text), (4 bytes).
    Removing lcd1602.o(.revsh_text), (4 bytes).
    Removing lcd1602.o(i.LCD1602_BF_AC), (160 bytes).
    Removing lcd1602.o(i.LCD1602_Blink_Off), (12 bytes).
    Removing lcd1602.o(i.LCD1602_Blink_Off_Cursor_On), (12 bytes).
    Removing lcd1602.o(i.LCD1602_Blink_On), (12 bytes).
    Removing lcd1602.o(i.LCD1602_ClearAll), (12 bytes).
    Removing lcd1602.o(i.LCD1602_PL_CH), (324 bytes).
    Removing lcd1602.o(i.LCD1602_PrintNum), (40 bytes).
    Removing lcd1602.o(i.LCD1602_PrintPL), (142 bytes).
    Removing lcd1602.o(i.itoa), (108 bytes).
    Removing main.o(.rev16_text), (4 bytes).
    Removing main.o(.revsh_text), (4 bytes).
    Removing system_mkl05z4.o(.rev16_text), (4 bytes).
    Removing system_mkl05z4.o(.revsh_text), (4 bytes).
    Removing system_mkl05z4.o(i.SystemCoreClockUpdate), (280 bytes).
    Removing system_mkl05z4.o(.data), (4 bytes).
    Removing system_mkl05z4.o(i.__ARM_common_switch8), (28 bytes).

22 unused section(s) (total 1306 bytes) removed from the image.

==============================================================================

Image Symbol Table

    Local Symbols

    Symbol Name                              Value     Ov Type        Size  Object(Section)

    RESET                                    0x00000000   Section      192  startup_mkl05z4.o(RESET)
    ../clib/angel/boardlib.s                 0x00000000   Number         0  boardinit1.o ABSOLUTE
    ../clib/angel/boardlib.s                 0x00000000   Number         0  boardinit2.o ABSOLUTE
    ../clib/angel/boardlib.s                 0x00000000   Number         0  boardinit3.o ABSOLUTE
    ../clib/angel/boardlib.s                 0x00000000   Number         0  boardshut.o ABSOLUTE
    ../clib/angel/handlers.s                 0x00000000   Number         0  __scatter_zi.o ABSOLUTE
    ../clib/angel/handlers.s                 0x00000000   Number         0  __scatter_copy.o ABSOLUTE
    ../clib/angel/kernel.s                   0x00000000   Number         0  rtexit.o ABSOLUTE
    ../clib/angel/kernel.s                   0x00000000   Number         0  __rtentry4.o ABSOLUTE
    ../clib/angel/kernel.s                   0x00000000   Number         0  __rtentry2.o ABSOLUTE
    ../clib/angel/kernel.s                   0x00000000   Number         0  __rtentry.o ABSOLUTE
    ../clib/angel/kernel.s                   0x00000000   Number         0  rtexit2.o ABSOLUTE
    ../clib/angel/rt.s                       0x00000000   Number         0  rt_div0.o ABSOLUTE
    ../clib/angel/rt.s                       0x00000000   Number         0  aeabi_idiv0_sigfpe.o ABSOLUTE
    ../clib/angel/rt.s                       0x00000000   Number         0  aeabi_idiv0.o ABSOLUTE
    ../clib/angel/rt.s                       0x00000000   Number         0  rt_locale_intlibspace.o ABSOLUTE
    ../clib/angel/rt.s                       0x00000000   Number         0  rt_raise.o ABSOLUTE
    ../clib/angel/rt.s                       0x00000000   Number         0  rt_locale.o ABSOLUTE
    ../clib/angel/scatterp.s                 0x00000000   Number         0  __scatter.o ABSOLUTE
    ../clib/angel/startup.s                  0x00000000   Number         0  __main.o ABSOLUTE
    ../clib/angel/sys.s                      0x00000000   Number         0  indicate_semi.o ABSOLUTE
    ../clib/angel/sys.s                      0x00000000   Number         0  use_no_semi.o ABSOLUTE
    ../clib/angel/sys.s                      0x00000000   Number         0  tempstk.o ABSOLUTE
    ../clib/angel/sys.s                      0x00000000   Number         0  sys_stackheap_outer.o ABSOLUTE
    ../clib/angel/sys.s                      0x00000000   Number         0  libspace.o ABSOLUTE
    ../clib/angel/sysapp.c                   0x00000000   Number         0  sys_exit.o ABSOLUTE
    ../clib/angel/sysapp.c                   0x00000000   Number         0  sys_command.o ABSOLUTE
    ../clib/angel/sysapp.c                   0x00000000   Number         0  sys_wrch.o ABSOLUTE
    ../clib/armsys.c                         0x00000000   Number         0  no_argv.o ABSOLUTE
    ../clib/armsys.c                         0x00000000   Number         0  _get_argv_nomalloc.o ABSOLUTE
    ../clib/armsys.c                         0x00000000   Number         0  argv_veneer.o ABSOLUTE
    ../clib/bigflt.c                         0x00000000   Number         0  bigflt0.o ABSOLUTE
    ../clib/btod.c                           0x00000000   Number         0  btod.o ABSOLUTE
    ../clib/division.c                       0x00000000   Number         0  rtudiv10.o ABSOLUTE
    ../clib/division.c                       0x00000000   Number         0  lludiv10.o ABSOLUTE
    ../clib/division.s                       0x00000000   Number         0  aeabi_sdiv_div0.o ABSOLUTE
    ../clib/division.s                       0x00000000   Number         0  aeabi_sdiv.o ABSOLUTE
    ../clib/heapalloc.c                      0x00000000   Number         0  hrguard.o ABSOLUTE
    ../clib/heapaux.c                        0x00000000   Number         0  heapauxi.o ABSOLUTE
    ../clib/libinit.s                        0x00000000   Number         0  libshutdown.o ABSOLUTE
    ../clib/libinit.s                        0x00000000   Number         0  libinit.o ABSOLUTE
    ../clib/libinit.s                        0x00000000   Number         0  libshutdown2.o ABSOLUTE
    ../clib/libinit.s                        0x00000000   Number         0  libinit2.o ABSOLUTE
    ../clib/locale.s                         0x00000000   Number         0  lc_numeric_c.o ABSOLUTE
    ../clib/memcpset.c                       0x00000000   Number         0  rt_memcpy.o ABSOLUTE
    ../clib/memcpset.c                       0x00000000   Number         0  rt_memcpy.o ABSOLUTE
    ../clib/misc.s                           0x00000000   Number         0  printf_stubs.o ABSOLUTE
    ../clib/printf.c                         0x00000000   Number         0  _printf_fp_dec.o ABSOLUTE
    ../clib/printf.c                         0x00000000   Number         0  __printf_flags_ss.o ABSOLUTE
    ../clib/printf.c                         0x00000000   Number         0  _printf_char_common.o ABSOLUTE
    ../clib/printf.c                         0x00000000   Number         0  __printf_ss.o ABSOLUTE
    ../clib/printf.c                         0x00000000   Number         0  _sputc.o ABSOLUTE
    ../clib/printf.c                         0x00000000   Number         0  _printf_pad.o ABSOLUTE
    ../clib/printf.c                         0x00000000   Number         0  __printf_nopercent.o ABSOLUTE
    ../clib/printf.c                         0x00000000   Number         0  _printf_fp_infnan.o ABSOLUTE
    ../clib/printf.c                         0x00000000   Number         0  __printf_flags_ss_wp.o ABSOLUTE
    ../clib/printf.c                         0x00000000   Number         0  __printf_ss_wp.o ABSOLUTE
    ../clib/printf.c                         0x00000000   Number         0  __2sprintf.o ABSOLUTE
    ../clib/printf.c                         0x00000000   Number         0  noretval__2sprintf.o ABSOLUTE
    ../clib/printf.c                         0x00000000   Number         0  __printf_flags_wp.o ABSOLUTE
    ../clib/printf.c                         0x00000000   Number         0  __printf.o ABSOLUTE
    ../clib/printf.c                         0x00000000   Number         0  __printf_wp.o ABSOLUTE
    ../clib/printf.c                         0x00000000   Number         0  __printf_flags.o ABSOLUTE
    ../clib/printf_percent.s                 0x00000000   Number         0  _printf_percent.o ABSOLUTE
    ../clib/printf_percent.s                 0x00000000   Number         0  _printf_f.o ABSOLUTE
    ../clib/printf_percent.s                 0x00000000   Number         0  _printf_percent_end.o ABSOLUTE
    ../clib/signal.c                         0x00000000   Number         0  __raise.o ABSOLUTE
    ../clib/signal.c                         0x00000000   Number         0  defsig_general.o ABSOLUTE
    ../clib/signal.c                         0x00000000   Number         0  defsig_fpe_formal.o ABSOLUTE
    ../clib/signal.c                         0x00000000   Number         0  defsig_rtmem_inner.o ABSOLUTE
    ../clib/signal.c                         0x00000000   Number         0  defsig_rtmem_outer.o ABSOLUTE
    ../clib/signal.c                         0x00000000   Number         0  defsig_rtred_inner.o ABSOLUTE
    ../clib/signal.c                         0x00000000   Number         0  defsig_fpe_outer.o ABSOLUTE
    ../clib/signal.c                         0x00000000   Number         0  defsig_stak_inner.o ABSOLUTE
    ../clib/signal.c                         0x00000000   Number         0  defsig_pvfn_inner.o ABSOLUTE
    ../clib/signal.c                         0x00000000   Number         0  defsig_abrt_inner.o ABSOLUTE
    ../clib/signal.c                         0x00000000   Number         0  defsig_cppl_inner.o ABSOLUTE
    ../clib/signal.c                         0x00000000   Number         0  defsig_segv_inner.o ABSOLUTE
    ../clib/signal.c                         0x00000000   Number         0  defsig_other.o ABSOLUTE
    ../clib/signal.c                         0x00000000   Number         0  defsig_rtmem_formal.o ABSOLUTE
    ../clib/signal.c                         0x00000000   Number         0  defsig_exit.o ABSOLUTE
    ../clib/signal.c                         0x00000000   Number         0  defsig_fpe_inner.o ABSOLUTE
    ../clib/signal.s                         0x00000000   Number         0  defsig.o ABSOLUTE
    ../clib/stdlib.c                         0x00000000   Number         0  exit.o ABSOLUTE
    ../clib/string.c                         0x00000000   Number         0  strcmp.o ABSOLUTE
    ../fplib/cfplib/ddiv.c                   0x00000000   Number         0  ddiv.o ABSOLUTE
    ../fplib/cfplib/fflt.c                   0x00000000   Number         0  dflti.o ABSOLUTE
    ../fplib/cfplib/fpinit.c                 0x00000000   Number         0  fpinit.o ABSOLUTE
    ../fplib/cfplib/ieee_status.c            0x00000000   Number         0  ieee_status.o ABSOLUTE
    ../fplib/printf1.s                       0x00000000   Number         0  printf1.o ABSOLUTE
    ../fplib/usenofp.s                       0x00000000   Number         0  usenofp.o ABSOLUTE
    ../mathlib/fpclassify.c                  0x00000000   Number         0  fpclassify.o ABSOLUTE
    RTE\Device\MKL05Z32xxx4\startup_MKL05Z4.s 0x00000000   Number         0  startup_mkl05z4.o ABSOLUTE
    RTE\Device\MKL05Z32xxx4\system_MKL05Z4.c 0x00000000   Number         0  system_mkl05z4.o ABSOLUTE
    RTE\\Device\\MKL05Z32xxx4\\system_MKL05Z4.c 0x00000000   Number         0  system_mkl05z4.o ABSOLUTE
    dc.s                                     0x00000000   Number         0  dc.o ABSOLUTE
    i2c.c                                    0x00000000   Number         0  i2c.o ABSOLUTE
    i2c.c                                    0x00000000   Number         0  i2c.o ABSOLUTE
    lcd1602.c                                0x00000000   Number         0  lcd1602.o ABSOLUTE
    lcd1602.c                                0x00000000   Number         0  lcd1602.o ABSOLUTE
    main.c                                   0x00000000   Number         0  main.o ABSOLUTE
    main.c                                   0x00000000   Number         0  main.o ABSOLUTE
    !!!main                                  0x000000c0   Section        8  __main.o(!!!main)
    !!!scatter                               0x000000c8   Section       60  __scatter.o(!!!scatter)
    !!handler_copy                           0x00000104   Section       26  __scatter_copy.o(!!handler_copy)
    !!handler_zi                             0x00000120   Section       28  __scatter_zi.o(!!handler_zi)
    .ARM.Collect$$_printf_percent$$00000000  0x0000013c   Section        2  _printf_percent.o(.ARM.Collect$$_printf_percent$$00000000)
    .ARM.Collect$$_printf_percent$$00000003  0x0000013e   Section       10  _printf_f.o(.ARM.Collect$$_printf_percent$$00000003)
    .ARM.Collect$$_printf_percent$$00000017  0x00000148   Section        4  _printf_percent_end.o(.ARM.Collect$$_printf_percent$$00000017)
    .ARM.Collect$$libinit$$00000000          0x0000014c   Section        2  libinit.o(.ARM.Collect$$libinit$$00000000)
    .ARM.Collect$$libinit$$00000002          0x0000014e   Section        0  libinit2.o(.ARM.Collect$$libinit$$00000002)
    .ARM.Collect$$libinit$$00000004          0x0000014e   Section        0  libinit2.o(.ARM.Collect$$libinit$$00000004)
    .ARM.Collect$$libinit$$0000000A          0x0000014e   Section        0  libinit2.o(.ARM.Collect$$libinit$$0000000A)
    .ARM.Collect$$libinit$$0000000C          0x0000014e   Section        0  libinit2.o(.ARM.Collect$$libinit$$0000000C)
    .ARM.Collect$$libinit$$0000000E          0x0000014e   Section        0  libinit2.o(.ARM.Collect$$libinit$$0000000E)
    .ARM.Collect$$libinit$$0000000F          0x0000014e   Section        6  libinit2.o(.ARM.Collect$$libinit$$0000000F)
    .ARM.Collect$$libinit$$00000011          0x00000154   Section        0  libinit2.o(.ARM.Collect$$libinit$$00000011)
    .ARM.Collect$$libinit$$00000013          0x00000154   Section        0  libinit2.o(.ARM.Collect$$libinit$$00000013)
    .ARM.Collect$$libinit$$00000015          0x00000154   Section        0  libinit2.o(.ARM.Collect$$libinit$$00000015)
    .ARM.Collect$$libinit$$00000016          0x00000154   Section       10  libinit2.o(.ARM.Collect$$libinit$$00000016)
    .ARM.Collect$$libinit$$00000017          0x0000015e   Section        0  libinit2.o(.ARM.Collect$$libinit$$00000017)
    .ARM.Collect$$libinit$$00000019          0x0000015e   Section        0  libinit2.o(.ARM.Collect$$libinit$$00000019)
    .ARM.Collect$$libinit$$0000001B          0x0000015e   Section        0  libinit2.o(.ARM.Collect$$libinit$$0000001B)
    .ARM.Collect$$libinit$$0000001D          0x0000015e   Section        0  libinit2.o(.ARM.Collect$$libinit$$0000001D)
    .ARM.Collect$$libinit$$0000001F          0x0000015e   Section        0  libinit2.o(.ARM.Collect$$libinit$$0000001F)
    .ARM.Collect$$libinit$$00000021          0x0000015e   Section        0  libinit2.o(.ARM.Collect$$libinit$$00000021)
    .ARM.Collect$$libinit$$00000023          0x0000015e   Section        0  libinit2.o(.ARM.Collect$$libinit$$00000023)
    .ARM.Collect$$libinit$$00000025          0x0000015e   Section        0  libinit2.o(.ARM.Collect$$libinit$$00000025)
    .ARM.Collect$$libinit$$0000002C          0x0000015e   Section        0  libinit2.o(.ARM.Collect$$libinit$$0000002C)
    .ARM.Collect$$libinit$$0000002E          0x0000015e   Section        0  libinit2.o(.ARM.Collect$$libinit$$0000002E)
    .ARM.Collect$$libinit$$00000030          0x0000015e   Section        0  libinit2.o(.ARM.Collect$$libinit$$00000030)
    .ARM.Collect$$libinit$$00000032          0x0000015e   Section        0  libinit2.o(.ARM.Collect$$libinit$$00000032)
    .ARM.Collect$$libinit$$00000033          0x0000015e   Section        2  libinit2.o(.ARM.Collect$$libinit$$00000033)
    .ARM.Collect$$libshutdown$$00000000      0x00000160   Section        2  libshutdown.o(.ARM.Collect$$libshutdown$$00000000)
    .ARM.Collect$$libshutdown$$00000002      0x00000162   Section        0  libshutdown2.o(.ARM.Collect$$libshutdown$$00000002)
    .ARM.Collect$$libshutdown$$00000004      0x00000162   Section        0  libshutdown2.o(.ARM.Collect$$libshutdown$$00000004)
    .ARM.Collect$$libshutdown$$00000006      0x00000162   Section        0  libshutdown2.o(.ARM.Collect$$libshutdown$$00000006)
    .ARM.Collect$$libshutdown$$00000009      0x00000162   Section        0  libshutdown2.o(.ARM.Collect$$libshutdown$$00000009)
    .ARM.Collect$$libshutdown$$0000000C      0x00000162   Section        0  libshutdown2.o(.ARM.Collect$$libshutdown$$0000000C)
    .ARM.Collect$$libshutdown$$0000000E      0x00000162   Section        0  libshutdown2.o(.ARM.Collect$$libshutdown$$0000000E)
    .ARM.Collect$$libshutdown$$00000011      0x00000162   Section        0  libshutdown2.o(.ARM.Collect$$libshutdown$$00000011)
    .ARM.Collect$$libshutdown$$00000012      0x00000162   Section        2  libshutdown2.o(.ARM.Collect$$libshutdown$$00000012)
    .ARM.Collect$$rtentry$$00000000          0x00000164   Section        0  __rtentry.o(.ARM.Collect$$rtentry$$00000000)
    .ARM.Collect$$rtentry$$00000002          0x00000164   Section        0  __rtentry2.o(.ARM.Collect$$rtentry$$00000002)
    .ARM.Collect$$rtentry$$00000004          0x00000164   Section        6  __rtentry4.o(.ARM.Collect$$rtentry$$00000004)
    .ARM.Collect$$rtentry$$00000009          0x0000016a   Section        0  __rtentry2.o(.ARM.Collect$$rtentry$$00000009)
    .ARM.Collect$$rtentry$$0000000A          0x0000016a   Section        4  __rtentry2.o(.ARM.Collect$$rtentry$$0000000A)
    .ARM.Collect$$rtentry$$0000000C          0x0000016e   Section        0  __rtentry2.o(.ARM.Collect$$rtentry$$0000000C)
    .ARM.Collect$$rtentry$$0000000D          0x0000016e   Section        8  __rtentry2.o(.ARM.Collect$$rtentry$$0000000D)
    .ARM.Collect$$rtexit$$00000000           0x00000176   Section        2  rtexit.o(.ARM.Collect$$rtexit$$00000000)
    .ARM.Collect$$rtexit$$00000002           0x00000178   Section        0  rtexit2.o(.ARM.Collect$$rtexit$$00000002)
    .ARM.Collect$$rtexit$$00000003           0x00000178   Section        4  rtexit2.o(.ARM.Collect$$rtexit$$00000003)
    .ARM.Collect$$rtexit$$00000004           0x0000017c   Section        6  rtexit2.o(.ARM.Collect$$rtexit$$00000004)
    .emb_text                                0x00000184   Section       56  rt_memcpy.o(.emb_text)
    .text                                    0x000001bc   Section       52  startup_mkl05z4.o(.text)
    .text                                    0x000001f0   Section        0  noretval__2sprintf.o(.text)
    .text                                    0x00000218   Section        0  _printf_pad.o(.text)
    .text                                    0x00000268   Section        0  __printf_flags_wp.o(.text)
    .text                                    0x000003a0   Section        0  heapauxi.o(.text)
    .text                                    0x000003a6   Section        0  dflti.o(.text)
    .text                                    0x000003fe   Section        2  use_no_semi.o(.text)
    .ARM.__at_0x400                          0x00000400   Section       16  startup_mkl05z4.o(.ARM.__at_0x400)
    .text                                    0x00000410   Section      346  aeabi_sdiv.o(.text)
    .text                                    0x0000056c   Section        0  ddiv.o(.text)
    .text                                    0x000009b4   Section        0  _printf_fp_dec.o(.text)
    _fp_digits                               0x000009b7   Thumb Code   412  _printf_fp_dec.o(.text)
    .text                                    0x00000dcc   Section        0  _printf_char_common.o(.text)
    _printf_input_char                       0x00000dcd   Thumb Code    10  _printf_char_common.o(.text)
    .text                                    0x00000dfc   Section        0  _sputc.o(.text)
    .text                                    0x00000e08   Section        8  rt_locale_intlibspace.o(.text)
    .text                                    0x00000e10   Section        0  lludiv10.o(.text)
    .text                                    0x00000e8c   Section        0  _printf_fp_infnan.o(.text)
    .text                                    0x00000f14   Section        0  bigflt0.o(.text)
    .text                                    0x00000fec   Section        0  btod.o(.text)
    btod_internal_mul                        0x0000102d   Thumb Code   492  btod.o(.text)
    btod_internal_div                        0x00001219   Thumb Code   520  btod.o(.text)
    .text                                    0x0000156c   Section        0  rtudiv10.o(.text)
    .text                                    0x00001594   Section        8  libspace.o(.text)
    .text                                    0x0000159c   Section       62  sys_stackheap_outer.o(.text)
    .text                                    0x000015da   Section        0  exit.o(.text)
    .text                                    0x000015ec   Section        0  strcmp.o(.text)
    .text                                    0x00001674   Section        0  sys_exit.o(.text)
    .text                                    0x00001680   Section        0  indicate_semi.o(.text)
    i.I2C_Init                               0x00001680   Section        0  i2c.o(i.I2C_Init)
    i.I2C_ReadReg                            0x000016e4   Section        0  i2c.o(i.I2C_ReadReg)
    i.I2C_ReadRegBlock                       0x0000175c   Section        0  i2c.o(i.I2C_ReadRegBlock)
    i.I2C_Write                              0x00001800   Section        0  i2c.o(i.I2C_Write)
    i.I2C_WriteReg                           0x00001840   Section        0  i2c.o(i.I2C_WriteReg)
    i.LCD1602_Backlight                      0x0000188c   Section        0  lcd1602.o(i.LCD1602_Backlight)
    i.LCD1602_CheckAddress                   0x000018a0   Section        0  lcd1602.o(i.LCD1602_CheckAddress)
    i.LCD1602_Init                           0x000018d4   Section        0  lcd1602.o(i.LCD1602_Init)
    i.LCD1602_Print                          0x00001924   Section        0  lcd1602.o(i.LCD1602_Print)
    i.LCD1602_SetCursor                      0x00001940   Section        0  lcd1602.o(i.LCD1602_SetCursor)
    i.LCD1602_Write4                         0x00001964   Section        0  lcd1602.o(i.LCD1602_Write4)
    i.LCD1602_Write8                         0x000019b4   Section        0  lcd1602.o(i.LCD1602_Write8)
    i.PCF8574_Write                          0x000019d0   Section        0  lcd1602.o(i.PCF8574_Write)
    i.SystemInit                             0x000019f8   Section        0  system_mkl05z4.o(i.SystemInit)
    i.__ARM_common_ll_muluu                  0x00001a54   Section        0  btod.o(i.__ARM_common_ll_muluu)
    i.__ARM_fpclassify                       0x00001a84   Section        0  fpclassify.o(i.__ARM_fpclassify)
    i._is_digit                              0x00001ab0   Section        0  __printf_wp.o(i._is_digit)
    i.i2c_ack                                0x00001ac0   Section        0  i2c.o(i.i2c_ack)
    i.i2c_clr_IICIF                          0x00001ad4   Section        0  i2c.o(i.i2c_clr_IICIF)
    i.i2c_disable                            0x00001ae8   Section        0  i2c.o(i.i2c_disable)
    i.i2c_enable                             0x00001afc   Section        0  i2c.o(i.i2c_enable)
    i.i2c_m_rstart                           0x00001b10   Section        0  i2c.o(i.i2c_m_rstart)
    i.i2c_m_start                            0x00001b30   Section        0  i2c.o(i.i2c_m_start)
    i.i2c_m_stop                             0x00001b44   Section        0  i2c.o(i.i2c_m_stop)
    i.i2c_nack                               0x00001b58   Section        0  i2c.o(i.i2c_nack)
    i.i2c_rec                                0x00001b6c   Section        0  i2c.o(i.i2c_rec)
    i.i2c_recv                               0x00001b80   Section        0  i2c.o(i.i2c_recv)
    i.i2c_send                               0x00001b8c   Section        0  i2c.o(i.i2c_send)
    i.i2c_tran                               0x00001b98   Section        0  i2c.o(i.i2c_tran)
    i.i2c_wait                               0x00001bac   Section        0  i2c.o(i.i2c_wait)
    i.main                                   0x00001c28   Section        0  main.o(i.main)
    locale$$code                             0x00001dbc   Section       44  lc_numeric_c.o(locale$$code)
    x$fpl$printf1                            0x00001de8   Section       16  printf1.o(x$fpl$printf1)
    .constdata                               0x00001df8   Section       17  __printf_flags_wp.o(.constdata)
    x$fpl$usenofp                            0x00001df8   Section        0  usenofp.o(x$fpl$usenofp)
    maptable                                 0x00001df8   Data          17  __printf_flags_wp.o(.constdata)
    .constdata                               0x00001e09   Section      128  ddiv.o(.constdata)
    ddiv_reciptbl                            0x00001e09   Data         128  ddiv.o(.constdata)
    .constdata                               0x00001e8c   Section      148  bigflt0.o(.constdata)
    tenpwrs_x                                0x00001e8c   Data          60  bigflt0.o(.constdata)
    tenpwrs_i                                0x00001ec8   Data          64  bigflt0.o(.constdata)
    locale$$data                             0x00001f40   Section       28  lc_numeric_c.o(locale$$data)
    __lcnum_c_name                           0x00001f44   Data           2  lc_numeric_c.o(locale$$data)
    __lcnum_c_start                          0x00001f4c   Data           0  lc_numeric_c.o(locale$$data)
    __lcnum_c_point                          0x00001f58   Data           0  lc_numeric_c.o(locale$$data)
    __lcnum_c_thousands                      0x00001f5a   Data           0  lc_numeric_c.o(locale$$data)
    __lcnum_c_grouping                       0x00001f5b   Data           0  lc_numeric_c.o(locale$$data)
    __lcnum_c_end                            0x00001f5c   Data           0  lc_numeric_c.o(locale$$data)
    .data                                    0x1ffffc00   Section        5  i2c.o(.data)
    error                                    0x1ffffc00   Data           1  i2c.o(.data)
    timeout                                  0x1ffffc02   Data           2  i2c.o(.data)
    .data                                    0x1ffffc05   Section       74  lcd1602.o(.data)
    lcd_backlight                            0x1ffffc05   Data           1  lcd1602.o(.data)
    pcf_address                              0x1ffffc06   Data           1  lcd1602.o(.data)
    .data                                    0x1ffffc4f   Section        8  main.o(.data)
    arrayXYZ                                 0x1ffffc4f   Data           6  main.o(.data)
    sens                                     0x1ffffc55   Data           1  main.o(.data)
    status                                   0x1ffffc56   Data           1  main.o(.data)
    .bss                                     0x1ffffc58   Section       96  libspace.o(.bss)
    HEAP                                     0x1ffffcb8   Section        0  startup_mkl05z4.o(HEAP)
    STACK                                    0x1ffffcb8   Section      768  startup_mkl05z4.o(STACK)
    Heap_Mem                                 0x1ffffcb8   Data           0  startup_mkl05z4.o(HEAP)
    Stack_Mem                                0x1ffffcb8   Data         768  startup_mkl05z4.o(STACK)
    __initial_sp                             0x1fffffb8   Data           0  startup_mkl05z4.o(STACK)

    Global Symbols

    Symbol Name                              Value     Ov Type        Size  Object(Section)

    BuildAttributes$$THM_ISAv3M$S$PE$A:L22$X:L11$S22$IEEE1$IW$USESV6$~STKCKD$USESV7$~SHL$OTIME$ROPI$IEEEJ$EBA8$UX$STANDARDLIB$REQ8$PRES8$EABIv2 0x00000000   Number         0  anon$$obj.o ABSOLUTE
    __ARM_use_no_argv                        0x00000000   Number         0  main.o ABSOLUTE
    __Vectors                                0x00000000   Data           4  startup_mkl05z4.o(RESET)
    _printf_flags                            0x00000000   Number         0  printf_stubs.o ABSOLUTE
    _printf_return_value                     0x00000000   Number         0  printf_stubs.o ABSOLUTE
    _printf_sizespec                         0x00000000   Number         0  printf_stubs.o ABSOLUTE
    _printf_widthprec                        0x00000000   Number         0  printf_stubs.o ABSOLUTE
    __ARM_exceptions_init                     - Undefined Weak Reference
    __alloca_initialize                       - Undefined Weak Reference
    __arm_fini_                               - Undefined Weak Reference
    __arm_preinit_                            - Undefined Weak Reference
    __cpp_initialize__aeabi_                  - Undefined Weak Reference
    __cxa_finalize                            - Undefined Weak Reference
    __sigvec_lookup                           - Undefined Weak Reference
    _atexit_init                              - Undefined Weak Reference
    _call_atexit_fns                          - Undefined Weak Reference
    _clock_init                               - Undefined Weak Reference
    _fp_trap_init                             - Undefined Weak Reference
    _fp_trap_shutdown                         - Undefined Weak Reference
    _get_lc_collate                           - Undefined Weak Reference
    _get_lc_ctype                             - Undefined Weak Reference
    _get_lc_monetary                          - Undefined Weak Reference
    _get_lc_time                              - Undefined Weak Reference
    _getenv_init                              - Undefined Weak Reference
    _handle_redirection                       - Undefined Weak Reference
    _init_alloc                               - Undefined Weak Reference
    _init_user_alloc                          - Undefined Weak Reference
    _initio                                   - Undefined Weak Reference
    _rand_init                                - Undefined Weak Reference
    _signal_finish                            - Undefined Weak Reference
    _signal_init                              - Undefined Weak Reference
    _terminate_alloc                          - Undefined Weak Reference
    _terminate_user_alloc                     - Undefined Weak Reference
    _terminateio                              - Undefined Weak Reference
    __Vectors_End                            0x000000c0   Data           0  startup_mkl05z4.o(RESET)
    __Vectors_Size                           0x000000c0   Number         0  startup_mkl05z4.o ABSOLUTE
    __main                                   0x000000c1   Thumb Code     8  __main.o(!!!main)
    __scatterload                            0x000000c9   Thumb Code     0  __scatter.o(!!!scatter)
    __scatterload_rt2                        0x000000c9   Thumb Code    52  __scatter.o(!!!scatter)
    __scatterload_rt2_thumb_only             0x000000c9   Thumb Code     0  __scatter.o(!!!scatter)
    __scatterload_null                       0x000000d9   Thumb Code     0  __scatter.o(!!!scatter)
    __scatterload_copy                       0x00000105   Thumb Code    26  __scatter_copy.o(!!handler_copy)
    __scatterload_zeroinit                   0x00000121   Thumb Code    28  __scatter_zi.o(!!handler_zi)
    _printf_percent                          0x0000013d   Thumb Code     0  _printf_percent.o(.ARM.Collect$$_printf_percent$$00000000)
    _printf_f                                0x0000013f   Thumb Code     0  _printf_f.o(.ARM.Collect$$_printf_percent$$00000003)
    _printf_percent_end                      0x00000149   Thumb Code     0  _printf_percent_end.o(.ARM.Collect$$_printf_percent$$00000017)
    __rt_lib_init                            0x0000014d   Thumb Code     0  libinit.o(.ARM.Collect$$libinit$$00000000)
    __rt_lib_init_fp_1                       0x0000014f   Thumb Code     0  libinit2.o(.ARM.Collect$$libinit$$00000002)
    __rt_lib_init_heap_1                     0x0000014f   Thumb Code     0  libinit2.o(.ARM.Collect$$libinit$$0000000A)
    __rt_lib_init_lc_common                  0x0000014f   Thumb Code     0  libinit2.o(.ARM.Collect$$libinit$$0000000F)
    __rt_lib_init_preinit_1                  0x0000014f   Thumb Code     0  libinit2.o(.ARM.Collect$$libinit$$00000004)
    __rt_lib_init_rand_1                     0x0000014f   Thumb Code     0  libinit2.o(.ARM.Collect$$libinit$$0000000E)
    __rt_lib_init_user_alloc_1               0x0000014f   Thumb Code     0  libinit2.o(.ARM.Collect$$libinit$$0000000C)
    __rt_lib_init_lc_collate_1               0x00000155   Thumb Code     0  libinit2.o(.ARM.Collect$$libinit$$00000011)
    __rt_lib_init_lc_ctype_1                 0x00000155   Thumb Code     0  libinit2.o(.ARM.Collect$$libinit$$00000013)
    __rt_lib_init_lc_monetary_1              0x00000155   Thumb Code     0  libinit2.o(.ARM.Collect$$libinit$$00000015)
    __rt_lib_init_lc_numeric_2               0x00000155   Thumb Code     0  libinit2.o(.ARM.Collect$$libinit$$00000016)
    __rt_lib_init_alloca_1                   0x0000015f   Thumb Code     0  libinit2.o(.ARM.Collect$$libinit$$0000002E)
    __rt_lib_init_argv_1                     0x0000015f   Thumb Code     0  libinit2.o(.ARM.Collect$$libinit$$0000002C)
    __rt_lib_init_atexit_1                   0x0000015f   Thumb Code     0  libinit2.o(.ARM.Collect$$libinit$$0000001B)
    __rt_lib_init_clock_1                    0x0000015f   Thumb Code     0  libinit2.o(.ARM.Collect$$libinit$$00000021)
    __rt_lib_init_cpp_1                      0x0000015f   Thumb Code     0  libinit2.o(.ARM.Collect$$libinit$$00000032)
    __rt_lib_init_exceptions_1               0x0000015f   Thumb Code     0  libinit2.o(.ARM.Collect$$libinit$$00000030)
    __rt_lib_init_fp_trap_1                  0x0000015f   Thumb Code     0  libinit2.o(.ARM.Collect$$libinit$$0000001F)
    __rt_lib_init_getenv_1                   0x0000015f   Thumb Code     0  libinit2.o(.ARM.Collect$$libinit$$00000023)
    __rt_lib_init_lc_numeric_1               0x0000015f   Thumb Code     0  libinit2.o(.ARM.Collect$$libinit$$00000017)
    __rt_lib_init_lc_time_1                  0x0000015f   Thumb Code     0  libinit2.o(.ARM.Collect$$libinit$$00000019)
    __rt_lib_init_return                     0x0000015f   Thumb Code     0  libinit2.o(.ARM.Collect$$libinit$$00000033)
    __rt_lib_init_signal_1                   0x0000015f   Thumb Code     0  libinit2.o(.ARM.Collect$$libinit$$0000001D)
    __rt_lib_init_stdio_1                    0x0000015f   Thumb Code     0  libinit2.o(.ARM.Collect$$libinit$$00000025)
    __rt_lib_shutdown                        0x00000161   Thumb Code     0  libshutdown.o(.ARM.Collect$$libshutdown$$00000000)
    __rt_lib_shutdown_cpp_1                  0x00000163   Thumb Code     0  libshutdown2.o(.ARM.Collect$$libshutdown$$00000004)
    __rt_lib_shutdown_fini_1                 0x00000163   Thumb Code     0  libshutdown2.o(.ARM.Collect$$libshutdown$$00000002)
    __rt_lib_shutdown_fp_trap_1              0x00000163   Thumb Code     0  libshutdown2.o(.ARM.Collect$$libshutdown$$00000009)
    __rt_lib_shutdown_heap_1                 0x00000163   Thumb Code     0  libshutdown2.o(.ARM.Collect$$libshutdown$$00000011)
    __rt_lib_shutdown_return                 0x00000163   Thumb Code     0  libshutdown2.o(.ARM.Collect$$libshutdown$$00000012)
    __rt_lib_shutdown_signal_1               0x00000163   Thumb Code     0  libshutdown2.o(.ARM.Collect$$libshutdown$$0000000C)
    __rt_lib_shutdown_stdio_1                0x00000163   Thumb Code     0  libshutdown2.o(.ARM.Collect$$libshutdown$$00000006)
    __rt_lib_shutdown_user_alloc_1           0x00000163   Thumb Code     0  libshutdown2.o(.ARM.Collect$$libshutdown$$0000000E)
    __rt_entry                               0x00000165   Thumb Code     0  __rtentry.o(.ARM.Collect$$rtentry$$00000000)
    __rt_entry_presh_1                       0x00000165   Thumb Code     0  __rtentry2.o(.ARM.Collect$$rtentry$$00000002)
    __rt_entry_sh                            0x00000165   Thumb Code     0  __rtentry4.o(.ARM.Collect$$rtentry$$00000004)
    __rt_entry_li                            0x0000016b   Thumb Code     0  __rtentry2.o(.ARM.Collect$$rtentry$$0000000A)
    __rt_entry_postsh_1                      0x0000016b   Thumb Code     0  __rtentry2.o(.ARM.Collect$$rtentry$$00000009)
    __rt_entry_main                          0x0000016f   Thumb Code     0  __rtentry2.o(.ARM.Collect$$rtentry$$0000000D)
    __rt_entry_postli_1                      0x0000016f   Thumb Code     0  __rtentry2.o(.ARM.Collect$$rtentry$$0000000C)
    __rt_exit                                0x00000177   Thumb Code     0  rtexit.o(.ARM.Collect$$rtexit$$00000000)
    __rt_exit_ls                             0x00000179   Thumb Code     0  rtexit2.o(.ARM.Collect$$rtexit$$00000003)
    __rt_exit_prels_1                        0x00000179   Thumb Code     0  rtexit2.o(.ARM.Collect$$rtexit$$00000002)
    __rt_exit_exit                           0x0000017d   Thumb Code     0  rtexit2.o(.ARM.Collect$$rtexit$$00000004)
    __aeabi_memcpy4                          0x00000185   Thumb Code    56  rt_memcpy.o(.emb_text)
    __aeabi_memcpy8                          0x00000185   Thumb Code     0  rt_memcpy.o(.emb_text)
    Reset_Handler                            0x000001bd   Thumb Code     8  startup_mkl05z4.o(.text)
    NMI_Handler                              0x000001c5   Thumb Code     2  startup_mkl05z4.o(.text)
    HardFault_Handler                        0x000001c7   Thumb Code     2  startup_mkl05z4.o(.text)
    SVC_Handler                              0x000001c9   Thumb Code     2  startup_mkl05z4.o(.text)
    PendSV_Handler                           0x000001cb   Thumb Code     2  startup_mkl05z4.o(.text)
    SysTick_Handler                          0x000001cd   Thumb Code     2  startup_mkl05z4.o(.text)
    ADC0_IRQHandler                          0x000001cf   Thumb Code     0  startup_mkl05z4.o(.text)
    CMP0_IRQHandler                          0x000001cf   Thumb Code     0  startup_mkl05z4.o(.text)
    DAC0_IRQHandler                          0x000001cf   Thumb Code     0  startup_mkl05z4.o(.text)
    DMA0_IRQHandler                          0x000001cf   Thumb Code     0  startup_mkl05z4.o(.text)
    DMA1_IRQHandler                          0x000001cf   Thumb Code     0  startup_mkl05z4.o(.text)
    DMA2_IRQHandler                          0x000001cf   Thumb Code     0  startup_mkl05z4.o(.text)
    DMA3_IRQHandler                          0x000001cf   Thumb Code     0  startup_mkl05z4.o(.text)
    DefaultISR                               0x000001cf   Thumb Code     0  startup_mkl05z4.o(.text)
    FTFA_IRQHandler                          0x000001cf   Thumb Code     0  startup_mkl05z4.o(.text)
    I2C0_IRQHandler                          0x000001cf   Thumb Code     0  startup_mkl05z4.o(.text)
    LLW_IRQHandler                           0x000001cf   Thumb Code     0  startup_mkl05z4.o(.text)
    LPTimer_IRQHandler                       0x000001cf   Thumb Code     0  startup_mkl05z4.o(.text)
    LVD_LVW_IRQHandler                       0x000001cf   Thumb Code     0  startup_mkl05z4.o(.text)
    MCG_IRQHandler                           0x000001cf   Thumb Code     0  startup_mkl05z4.o(.text)
    PIT_IRQHandler                           0x000001cf   Thumb Code     0  startup_mkl05z4.o(.text)
    PORTA_IRQHandler                         0x000001cf   Thumb Code     0  startup_mkl05z4.o(.text)
    PORTB_IRQHandler                         0x000001cf   Thumb Code     0  startup_mkl05z4.o(.text)
    RTC_IRQHandler                           0x000001cf   Thumb Code     0  startup_mkl05z4.o(.text)
    RTC_Seconds_IRQHandler                   0x000001cf   Thumb Code     0  startup_mkl05z4.o(.text)
    Reserved20_IRQHandler                    0x000001cf   Thumb Code     0  startup_mkl05z4.o(.text)
    Reserved25_IRQHandler                    0x000001cf   Thumb Code     0  startup_mkl05z4.o(.text)
    Reserved27_IRQHandler                    0x000001cf   Thumb Code     0  startup_mkl05z4.o(.text)
    Reserved29_IRQHandler                    0x000001cf   Thumb Code     0  startup_mkl05z4.o(.text)
    Reserved30_IRQHandler                    0x000001cf   Thumb Code     0  startup_mkl05z4.o(.text)
    Reserved35_IRQHandler                    0x000001cf   Thumb Code     0  startup_mkl05z4.o(.text)
    Reserved39_IRQHandler                    0x000001cf   Thumb Code     0  startup_mkl05z4.o(.text)
    Reserved40_IRQHandler                    0x000001cf   Thumb Code     0  startup_mkl05z4.o(.text)
    Reserved45_IRQHandler                    0x000001cf   Thumb Code     0  startup_mkl05z4.o(.text)
    SPI0_IRQHandler                          0x000001cf   Thumb Code     0  startup_mkl05z4.o(.text)
    TPM0_IRQHandler                          0x000001cf   Thumb Code     0  startup_mkl05z4.o(.text)
    TPM1_IRQHandler                          0x000001cf   Thumb Code     0  startup_mkl05z4.o(.text)
    TSI0_IRQHandler                          0x000001cf   Thumb Code     0  startup_mkl05z4.o(.text)
    UART0_IRQHandler                         0x000001cf   Thumb Code     0  startup_mkl05z4.o(.text)
    __user_initial_stackheap                 0x000001d1   Thumb Code     0  startup_mkl05z4.o(.text)
    __2sprintf                               0x000001f1   Thumb Code    36  noretval__2sprintf.o(.text)
    _printf_pre_padding                      0x00000219   Thumb Code    44  _printf_pad.o(.text)
    _printf_post_padding                     0x00000245   Thumb Code    34  _printf_pad.o(.text)
    __printf                                 0x00000269   Thumb Code   306  __printf_flags_wp.o(.text)
    __use_two_region_memory                  0x000003a1   Thumb Code     2  heapauxi.o(.text)
    __rt_heap_escrow$2region                 0x000003a3   Thumb Code     2  heapauxi.o(.text)
    __rt_heap_expand$2region                 0x000003a5   Thumb Code     2  heapauxi.o(.text)
    __aeabi_i2d_normalise                    0x000003a7   Thumb Code    66  dflti.o(.text)
    __aeabi_i2d                              0x000003e9   Thumb Code    16  dflti.o(.text)
    _dflt                                    0x000003e9   Thumb Code     0  dflti.o(.text)
    __aeabi_ui2d                             0x000003f9   Thumb Code     6  dflti.o(.text)
    _dfltu                                   0x000003f9   Thumb Code     0  dflti.o(.text)
    __I$use$semihosting                      0x000003ff   Thumb Code     0  use_no_semi.o(.text)
    __use_no_semihosting_swi                 0x000003ff   Thumb Code     2  use_no_semi.o(.text)
    __aeabi_uidiv                            0x00000411   Thumb Code     0  aeabi_sdiv.o(.text)
    __aeabi_uidivmod                         0x00000411   Thumb Code    20  aeabi_sdiv.o(.text)
    __aeabi_idiv                             0x00000425   Thumb Code     0  aeabi_sdiv.o(.text)
    __aeabi_idivmod                          0x00000425   Thumb Code   326  aeabi_sdiv.o(.text)
    __aeabi_ddiv                             0x0000056d   Thumb Code     0  ddiv.o(.text)
    _ddiv                                    0x0000056d   Thumb Code  1072  ddiv.o(.text)
    _drdiv                                   0x0000099d   Thumb Code    20  ddiv.o(.text)
    __lib_sel_fp_printf                      0x000009b5   Thumb Code     2  _printf_fp_dec.o(.text)
    _printf_fp_dec_real                      0x00000b53   Thumb Code   620  _printf_fp_dec.o(.text)
    _printf_char_common                      0x00000dd7   Thumb Code    32  _printf_char_common.o(.text)
    _sputc                                   0x00000dfd   Thumb Code    10  _sputc.o(.text)
    __rt_locale                              0x00000e09   Thumb Code     8  rt_locale_intlibspace.o(.text)
    _ll_udiv10                               0x00000e11   Thumb Code   122  lludiv10.o(.text)
    _printf_fp_infnan                        0x00000e8d   Thumb Code   120  _printf_fp_infnan.o(.text)
    _btod_etento                             0x00000f15   Thumb Code   210  bigflt0.o(.text)
    _btod_d2e                                0x00000fed   Thumb Code    64  btod.o(.text)
    _btod_emul                               0x00001421   Thumb Code    28  btod.o(.text)
    _btod_emuld                              0x0000143d   Thumb Code   144  btod.o(.text)
    _btod_ediv                               0x000014cd   Thumb Code    26  btod.o(.text)
    _btod_edivd                              0x000014e7   Thumb Code   124  btod.o(.text)
    __rt_udiv10                              0x0000156d   Thumb Code    40  rtudiv10.o(.text)
    __user_libspace                          0x00001595   Thumb Code     8  libspace.o(.text)
    __user_perproc_libspace                  0x00001595   Thumb Code     0  libspace.o(.text)
    __user_perthread_libspace                0x00001595   Thumb Code     0  libspace.o(.text)
    __user_setup_stackheap                   0x0000159d   Thumb Code    62  sys_stackheap_outer.o(.text)
    exit                                     0x000015db   Thumb Code    16  exit.o(.text)
    strcmp                                   0x000015ed   Thumb Code   132  strcmp.o(.text)
    _sys_exit                                0x00001675   Thumb Code     8  sys_exit.o(.text)
    I2C_Init                                 0x00001681   Thumb Code    86  i2c.o(i.I2C_Init)
    __semihosting_library_function           0x00001681   Thumb Code     0  indicate_semi.o(.text)
    I2C_ReadReg                              0x000016e5   Thumb Code   110  i2c.o(i.I2C_ReadReg)
    I2C_ReadRegBlock                         0x0000175d   Thumb Code   156  i2c.o(i.I2C_ReadRegBlock)
    I2C_Write                                0x00001801   Thumb Code    60  i2c.o(i.I2C_Write)
    I2C_WriteReg                             0x00001841   Thumb Code    70  i2c.o(i.I2C_WriteReg)
    LCD1602_Backlight                        0x0000188d   Thumb Code    16  lcd1602.o(i.LCD1602_Backlight)
    LCD1602_CheckAddress                     0x000018a1   Thumb Code    48  lcd1602.o(i.LCD1602_CheckAddress)
    LCD1602_Init                             0x000018d5   Thumb Code    74  lcd1602.o(i.LCD1602_Init)
    LCD1602_Print                            0x00001925   Thumb Code    28  lcd1602.o(i.LCD1602_Print)
    LCD1602_SetCursor                        0x00001941   Thumb Code    36  lcd1602.o(i.LCD1602_SetCursor)
    LCD1602_Write4                           0x00001965   Thumb Code    74  lcd1602.o(i.LCD1602_Write4)
    LCD1602_Write8                           0x000019b5   Thumb Code    28  lcd1602.o(i.LCD1602_Write8)
    PCF8574_Write                            0x000019d1   Thumb Code    32  lcd1602.o(i.PCF8574_Write)
    SystemInit                               0x000019f9   Thumb Code    78  system_mkl05z4.o(i.SystemInit)
    __ARM_common_ll_muluu                    0x00001a55   Thumb Code    48  btod.o(i.__ARM_common_ll_muluu)
    __ARM_fpclassify                         0x00001a85   Thumb Code    40  fpclassify.o(i.__ARM_fpclassify)
    _is_digit                                0x00001ab1   Thumb Code    14  __printf_wp.o(i._is_digit)
    i2c_ack                                  0x00001ac1   Thumb Code    14  i2c.o(i.i2c_ack)
    i2c_clr_IICIF                            0x00001ad5   Thumb Code    14  i2c.o(i.i2c_clr_IICIF)
    i2c_disable                              0x00001ae9   Thumb Code    14  i2c.o(i.i2c_disable)
    i2c_enable                               0x00001afd   Thumb Code    14  i2c.o(i.i2c_enable)
    i2c_m_rstart                             0x00001b11   Thumb Code    28  i2c.o(i.i2c_m_rstart)
    i2c_m_start                              0x00001b31   Thumb Code    14  i2c.o(i.i2c_m_start)
    i2c_m_stop                               0x00001b45   Thumb Code    14  i2c.o(i.i2c_m_stop)
    i2c_nack                                 0x00001b59   Thumb Code    14  i2c.o(i.i2c_nack)
    i2c_rec                                  0x00001b6d   Thumb Code    14  i2c.o(i.i2c_rec)
    i2c_recv                                 0x00001b81   Thumb Code     6  i2c.o(i.i2c_recv)
    i2c_send                                 0x00001b8d   Thumb Code     6  i2c.o(i.i2c_send)
    i2c_tran                                 0x00001b99   Thumb Code    14  i2c.o(i.i2c_tran)
    i2c_wait                                 0x00001bad   Thumb Code   106  i2c.o(i.i2c_wait)
    main                                     0x00001c29   Thumb Code   336  main.o(i.main)
    _get_lc_numeric                          0x00001dbd   Thumb Code    44  lc_numeric_c.o(locale$$code)
    _printf_fp_dec                           0x00001de9   Thumb Code    16  printf1.o(x$fpl$printf1)
    __I$use$fp                               0x00001df8   Number         0  usenofp.o(x$fpl$usenofp)
    Region$$Table$$Base                      0x00001f20   Number         0  anon$$obj.o(Region$$Table)
    Region$$Table$$Limit                     0x00001f40   Number         0  anon$$obj.o(Region$$Table)
    dummy                                    0x1ffffc04   Data           1  i2c.o(.data)
    PL_CH_a_                                 0x1ffffc07   Data           8  lcd1602.o(.data)
    PL_CH_c_                                 0x1ffffc0f   Data           8  lcd1602.o(.data)
    PL_CH_e_                                 0x1ffffc17   Data           8  lcd1602.o(.data)
    PL_CH_l_                                 0x1ffffc1f   Data           8  lcd1602.o(.data)
    PL_CH_n_                                 0x1ffffc27   Data           8  lcd1602.o(.data)
    PL_CH_o_                                 0x1ffffc2f   Data           8  lcd1602.o(.data)
    PL_CH_s_                                 0x1ffffc37   Data           8  lcd1602.o(.data)
    PL_CH_z_                                 0x1ffffc3f   Data           8  lcd1602.o(.data)
    PL_CH_z__                                0x1ffffc47   Data           8  lcd1602.o(.data)
    __libspace_start                         0x1ffffc58   Data          96  libspace.o(.bss)
    __temporary_stack_top$libspace           0x1ffffcb8   Data           0  libspace.o(.bss)



==============================================================================

Memory Map of the image

  Image Entry point : 0x000000c1

  Load Region LR_IROM1 (Base: 0x00000000, Size: 0x00001fb4, Max: 0x00008000, ABSOLUTE)

    Execution Region ER_IROM1 (Exec base: 0x00000000, Load base: 0x00000000, Size: 0x00001f5c, Max: 0x00008000, ABSOLUTE)

    Exec Addr    Load Addr    Size         Type   Attr      Idx    E Section Name        Object

    0x00000000   0x00000000   0x000000c0   Data   RO          319    RESET               startup_mkl05z4.o
    0x000000c0   0x000000c0   0x00000008   Code   RO          403  * !!!main             c_p.l(__main.o)
    0x000000c8   0x000000c8   0x0000003c   Code   RO          618    !!!scatter          c_p.l(__scatter.o)
    0x00000104   0x00000104   0x0000001a   Code   RO          620    !!handler_copy      c_p.l(__scatter_copy.o)
    0x0000011e   0x0000011e   0x00000002   PAD
    0x00000120   0x00000120   0x0000001c   Code   RO          622    !!handler_zi        c_p.l(__scatter_zi.o)
    0x0000013c   0x0000013c   0x00000002   Code   RO          392    .ARM.Collect$$_printf_percent$$00000000  c_p.l(_printf_percent.o)
    0x0000013e   0x0000013e   0x0000000a   Code   RO          391    .ARM.Collect$$_printf_percent$$00000003  c_p.l(_printf_f.o)
    0x00000148   0x00000148   0x00000004   Code   RO          423    .ARM.Collect$$_printf_percent$$00000017  c_p.l(_printf_percent_end.o)
    0x0000014c   0x0000014c   0x00000002   Code   RO          488    .ARM.Collect$$libinit$$00000000  c_p.l(libinit.o)
    0x0000014e   0x0000014e   0x00000000   Code   RO          490    .ARM.Collect$$libinit$$00000002  c_p.l(libinit2.o)
    0x0000014e   0x0000014e   0x00000000   Code   RO          492    .ARM.Collect$$libinit$$00000004  c_p.l(libinit2.o)
    0x0000014e   0x0000014e   0x00000000   Code   RO          495    .ARM.Collect$$libinit$$0000000A  c_p.l(libinit2.o)
    0x0000014e   0x0000014e   0x00000000   Code   RO          497    .ARM.Collect$$libinit$$0000000C  c_p.l(libinit2.o)
    0x0000014e   0x0000014e   0x00000000   Code   RO          499    .ARM.Collect$$libinit$$0000000E  c_p.l(libinit2.o)
    0x0000014e   0x0000014e   0x00000006   Code   RO          500    .ARM.Collect$$libinit$$0000000F  c_p.l(libinit2.o)
    0x00000154   0x00000154   0x00000000   Code   RO          502    .ARM.Collect$$libinit$$00000011  c_p.l(libinit2.o)
    0x00000154   0x00000154   0x00000000   Code   RO          504    .ARM.Collect$$libinit$$00000013  c_p.l(libinit2.o)
    0x00000154   0x00000154   0x00000000   Code   RO          506    .ARM.Collect$$libinit$$00000015  c_p.l(libinit2.o)
    0x00000154   0x00000154   0x0000000a   Code   RO          507    .ARM.Collect$$libinit$$00000016  c_p.l(libinit2.o)
    0x0000015e   0x0000015e   0x00000000   Code   RO          508    .ARM.Collect$$libinit$$00000017  c_p.l(libinit2.o)
    0x0000015e   0x0000015e   0x00000000   Code   RO          510    .ARM.Collect$$libinit$$00000019  c_p.l(libinit2.o)
    0x0000015e   0x0000015e   0x00000000   Code   RO          512    .ARM.Collect$$libinit$$0000001B  c_p.l(libinit2.o)
    0x0000015e   0x0000015e   0x00000000   Code   RO          514    .ARM.Collect$$libinit$$0000001D  c_p.l(libinit2.o)
    0x0000015e   0x0000015e   0x00000000   Code   RO          516    .ARM.Collect$$libinit$$0000001F  c_p.l(libinit2.o)
    0x0000015e   0x0000015e   0x00000000   Code   RO          518    .ARM.Collect$$libinit$$00000021  c_p.l(libinit2.o)
    0x0000015e   0x0000015e   0x00000000   Code   RO          520    .ARM.Collect$$libinit$$00000023  c_p.l(libinit2.o)
    0x0000015e   0x0000015e   0x00000000   Code   RO          522    .ARM.Collect$$libinit$$00000025  c_p.l(libinit2.o)
    0x0000015e   0x0000015e   0x00000000   Code   RO          526    .ARM.Collect$$libinit$$0000002C  c_p.l(libinit2.o)
    0x0000015e   0x0000015e   0x00000000   Code   RO          528    .ARM.Collect$$libinit$$0000002E  c_p.l(libinit2.o)
    0x0000015e   0x0000015e   0x00000000   Code   RO          530    .ARM.Collect$$libinit$$00000030  c_p.l(libinit2.o)
    0x0000015e   0x0000015e   0x00000000   Code   RO          532    .ARM.Collect$$libinit$$00000032  c_p.l(libinit2.o)
    0x0000015e   0x0000015e   0x00000002   Code   RO          533    .ARM.Collect$$libinit$$00000033  c_p.l(libinit2.o)
    0x00000160   0x00000160   0x00000002   Code   RO          581    .ARM.Collect$$libshutdown$$00000000  c_p.l(libshutdown.o)
    0x00000162   0x00000162   0x00000000   Code   RO          599    .ARM.Collect$$libshutdown$$00000002  c_p.l(libshutdown2.o)
    0x00000162   0x00000162   0x00000000   Code   RO          601    .ARM.Collect$$libshutdown$$00000004  c_p.l(libshutdown2.o)
    0x00000162   0x00000162   0x00000000   Code   RO          603    .ARM.Collect$$libshutdown$$00000006  c_p.l(libshutdown2.o)
    0x00000162   0x00000162   0x00000000   Code   RO          606    .ARM.Collect$$libshutdown$$00000009  c_p.l(libshutdown2.o)
    0x00000162   0x00000162   0x00000000   Code   RO          609    .ARM.Collect$$libshutdown$$0000000C  c_p.l(libshutdown2.o)
    0x00000162   0x00000162   0x00000000   Code   RO          611    .ARM.Collect$$libshutdown$$0000000E  c_p.l(libshutdown2.o)
    0x00000162   0x00000162   0x00000000   Code   RO          614    .ARM.Collect$$libshutdown$$00000011  c_p.l(libshutdown2.o)
    0x00000162   0x00000162   0x00000002   Code   RO          615    .ARM.Collect$$libshutdown$$00000012  c_p.l(libshutdown2.o)
    0x00000164   0x00000164   0x00000000   Code   RO          412    .ARM.Collect$$rtentry$$00000000  c_p.l(__rtentry.o)
    0x00000164   0x00000164   0x00000000   Code   RO          426    .ARM.Collect$$rtentry$$00000002  c_p.l(__rtentry2.o)
    0x00000164   0x00000164   0x00000006   Code   RO          438    .ARM.Collect$$rtentry$$00000004  c_p.l(__rtentry4.o)
    0x0000016a   0x0000016a   0x00000000   Code   RO          428    .ARM.Collect$$rtentry$$00000009  c_p.l(__rtentry2.o)
    0x0000016a   0x0000016a   0x00000004   Code   RO          429    .ARM.Collect$$rtentry$$0000000A  c_p.l(__rtentry2.o)
    0x0000016e   0x0000016e   0x00000000   Code   RO          431    .ARM.Collect$$rtentry$$0000000C  c_p.l(__rtentry2.o)
    0x0000016e   0x0000016e   0x00000008   Code   RO          432    .ARM.Collect$$rtentry$$0000000D  c_p.l(__rtentry2.o)
    0x00000176   0x00000176   0x00000002   Code   RO          535    .ARM.Collect$$rtexit$$00000000  c_p.l(rtexit.o)
    0x00000178   0x00000178   0x00000000   Code   RO          550    .ARM.Collect$$rtexit$$00000002  c_p.l(rtexit2.o)
    0x00000178   0x00000178   0x00000004   Code   RO          551    .ARM.Collect$$rtexit$$00000003  c_p.l(rtexit2.o)
    0x0000017c   0x0000017c   0x00000006   Code   RO          552    .ARM.Collect$$rtexit$$00000004  c_p.l(rtexit2.o)
    0x00000182   0x00000182   0x00000002   PAD
    0x00000184   0x00000184   0x00000038   Code   RO          393    .emb_text           c_p.l(rt_memcpy.o)
    0x000001bc   0x000001bc   0x00000034   Code   RO          321    .text               startup_mkl05z4.o
    0x000001f0   0x000001f0   0x00000028   Code   RO          365    .text               c_p.l(noretval__2sprintf.o)
    0x00000218   0x00000218   0x0000004e   Code   RO          369    .text               c_p.l(_printf_pad.o)
    0x00000266   0x00000266   0x00000002   PAD
    0x00000268   0x00000268   0x00000138   Code   RO          383    .text               c_p.l(__printf_flags_wp.o)
    0x000003a0   0x000003a0   0x00000006   Code   RO          401    .text               c_p.l(heapauxi.o)
    0x000003a6   0x000003a6   0x00000058   Code   RO          408    .text               fz_ps.l(dflti.o)
    0x000003fe   0x000003fe   0x00000002   Code   RO          568    .text               c_p.l(use_no_semi.o)
    0x00000400   0x00000400   0x00000010   Code   RO          320    .ARM.__at_0x400     startup_mkl05z4.o
    0x00000410   0x00000410   0x0000015a   Code   RO          397    .text               c_p.l(aeabi_sdiv.o)
    0x0000056a   0x0000056a   0x00000002   PAD
    0x0000056c   0x0000056c   0x00000448   Code   RO          405    .text               fz_ps.l(ddiv.o)
    0x000009b4   0x000009b4   0x00000418   Code   RO          417    .text               c_p.l(_printf_fp_dec.o)
    0x00000dcc   0x00000dcc   0x00000030   Code   RO          419    .text               c_p.l(_printf_char_common.o)
    0x00000dfc   0x00000dfc   0x0000000a   Code   RO          421    .text               c_p.l(_sputc.o)
    0x00000e06   0x00000e06   0x00000002   PAD
    0x00000e08   0x00000e08   0x00000008   Code   RO          445    .text               c_p.l(rt_locale_intlibspace.o)
    0x00000e10   0x00000e10   0x0000007a   Code   RO          447    .text               c_p.l(lludiv10.o)
    0x00000e8a   0x00000e8a   0x00000002   PAD
    0x00000e8c   0x00000e8c   0x00000088   Code   RO          449    .text               c_p.l(_printf_fp_infnan.o)
    0x00000f14   0x00000f14   0x000000d8   Code   RO          453    .text               c_p.l(bigflt0.o)
    0x00000fec   0x00000fec   0x00000580   Code   RO          456    .text               c_p.l(btod.o)
    0x0000156c   0x0000156c   0x00000028   Code   RO          463    .text               c_p.l(rtudiv10.o)
    0x00001594   0x00001594   0x00000008   Code   RO          469    .text               c_p.l(libspace.o)
    0x0000159c   0x0000159c   0x0000003e   Code   RO          472    .text               c_p.l(sys_stackheap_outer.o)
    0x000015da   0x000015da   0x00000010   Code   RO          475    .text               c_p.l(exit.o)
    0x000015ea   0x000015ea   0x00000002   PAD
    0x000015ec   0x000015ec   0x00000088   Code   RO          481    .text               c_p.l(strcmp.o)
    0x00001674   0x00001674   0x0000000c   Code   RO          547    .text               c_p.l(sys_exit.o)
    0x00001680   0x00001680   0x00000000   Code   RO          570    .text               c_p.l(indicate_semi.o)
    0x00001680   0x00001680   0x00000064   Code   RO            3    i.I2C_Init          i2c.o
    0x000016e4   0x000016e4   0x00000078   Code   RO            6    i.I2C_ReadReg       i2c.o
    0x0000175c   0x0000175c   0x000000a4   Code   RO            7    i.I2C_ReadRegBlock  i2c.o
    0x00001800   0x00001800   0x00000040   Code   RO            8    i.I2C_Write         i2c.o
    0x00001840   0x00001840   0x0000004c   Code   RO            9    i.I2C_WriteReg      i2c.o
    0x0000188c   0x0000188c   0x00000014   Code   RO          172    i.LCD1602_Backlight  lcd1602.o
    0x000018a0   0x000018a0   0x00000034   Code   RO          176    i.LCD1602_CheckAddress  lcd1602.o
    0x000018d4   0x000018d4   0x00000050   Code   RO          178    i.LCD1602_Init      lcd1602.o
    0x00001924   0x00001924   0x0000001c   Code   RO          180    i.LCD1602_Print     lcd1602.o
    0x00001940   0x00001940   0x00000024   Code   RO          183    i.LCD1602_SetCursor  lcd1602.o
    0x00001964   0x00001964   0x00000050   Code   RO          184    i.LCD1602_Write4    lcd1602.o
    0x000019b4   0x000019b4   0x0000001c   Code   RO          185    i.LCD1602_Write8    lcd1602.o
    0x000019d0   0x000019d0   0x00000028   Code   RO          186    i.PCF8574_Write     lcd1602.o
    0x000019f8   0x000019f8   0x0000005c   Code   RO          330    i.SystemInit        system_mkl05z4.o
    0x00001a54   0x00001a54   0x00000030   Code   RO          458    i.__ARM_common_ll_muluu  c_p.l(btod.o)
    0x00001a84   0x00001a84   0x0000002c   Code   RO          467    i.__ARM_fpclassify  m_ps.l(fpclassify.o)
    0x00001ab0   0x00001ab0   0x0000000e   Code   RO          381    i._is_digit         c_p.l(__printf_wp.o)
    0x00001abe   0x00001abe   0x00000002   PAD
    0x00001ac0   0x00001ac0   0x00000014   Code   RO           10    i.i2c_ack           i2c.o
    0x00001ad4   0x00001ad4   0x00000014   Code   RO           11    i.i2c_clr_IICIF     i2c.o
    0x00001ae8   0x00001ae8   0x00000014   Code   RO           12    i.i2c_disable       i2c.o
    0x00001afc   0x00001afc   0x00000014   Code   RO           13    i.i2c_enable        i2c.o
    0x00001b10   0x00001b10   0x00000020   Code   RO           14    i.i2c_m_rstart      i2c.o
    0x00001b30   0x00001b30   0x00000014   Code   RO           15    i.i2c_m_start       i2c.o
    0x00001b44   0x00001b44   0x00000014   Code   RO           16    i.i2c_m_stop        i2c.o
    0x00001b58   0x00001b58   0x00000014   Code   RO           17    i.i2c_nack          i2c.o
    0x00001b6c   0x00001b6c   0x00000014   Code   RO           18    i.i2c_rec           i2c.o
    0x00001b80   0x00001b80   0x0000000c   Code   RO           19    i.i2c_recv          i2c.o
    0x00001b8c   0x00001b8c   0x0000000c   Code   RO           20    i.i2c_send          i2c.o
    0x00001b98   0x00001b98   0x00000014   Code   RO           21    i.i2c_tran          i2c.o
    0x00001bac   0x00001bac   0x0000007c   Code   RO           22    i.i2c_wait          i2c.o
    0x00001c28   0x00001c28   0x00000194   Code   RO          293    i.main              main.o
    0x00001dbc   0x00001dbc   0x0000002c   Code   RO          461    locale$$code        c_p.l(lc_numeric_c.o)
    0x00001de8   0x00001de8   0x00000010   Code   RO          410    x$fpl$printf1       fz_ps.l(printf1.o)
    0x00001df8   0x00001df8   0x00000000   Code   RO          424    x$fpl$usenofp       fz_ps.l(usenofp.o)
    0x00001df8   0x00001df8   0x00000011   Data   RO          384    .constdata          c_p.l(__printf_flags_wp.o)
    0x00001e09   0x00001e09   0x00000080   Data   RO          406    .constdata          fz_ps.l(ddiv.o)
    0x00001e89   0x00001e89   0x00000003   PAD
    0x00001e8c   0x00001e8c   0x00000094   Data   RO          454    .constdata          c_p.l(bigflt0.o)
    0x00001f20   0x00001f20   0x00000020   Data   RO          616    Region$$Table       anon$$obj.o
    0x00001f40   0x00001f40   0x0000001c   Data   RO          460    locale$$data        c_p.l(lc_numeric_c.o)


    Execution Region RW_IRAM1 (Exec base: 0x1ffffc00, Load base: 0x00001f5c, Size: 0x000003b8, Max: 0x00001000, ABSOLUTE)

    Exec Addr    Load Addr    Size         Type   Attr      Idx    E Section Name        Object

    0x1ffffc00   0x00001f5c   0x00000005   Data   RW           23    .data               i2c.o
    0x1ffffc05   0x00001f61   0x0000004a   Data   RW          188    .data               lcd1602.o
    0x1ffffc4f   0x00001fab   0x00000008   Data   RW          294    .data               main.o
    0x1ffffc57   0x00001fb3   0x00000001   PAD
    0x1ffffc58        -       0x00000060   Zero   RW          470    .bss                c_p.l(libspace.o)
    0x1ffffcb8        -       0x00000000   Zero   RW          318    HEAP                startup_mkl05z4.o
    0x1ffffcb8        -       0x00000300   Zero   RW          317    STACK               startup_mkl05z4.o


==============================================================================

Image component sizes


      Code (inc. data)   RO Data    RW Data    ZI Data      Debug   Object Name

       884        130          0          5          0      12687   i2c.o
       364         28          0         74          0       4936   lcd1602.o
       404         68          0          8          0       1043   main.o
        68         38        192          0        768        840   startup_mkl05z4.o
        92         14          0          0          0        469   system_mkl05z4.o

    ----------------------------------------------------------------------
      1812        278        224         88        768      19975   Object Totals
         0          0         32          0          0          0   (incl. Generated)
         0          0          0          1          0          0   (incl. Padding)

    ----------------------------------------------------------------------

      Code (inc. data)   RO Data    RW Data    ZI Data      Debug   Library Member Name

         8          0          0          0          0         68   __main.o
       312          6         17          0          0         76   __printf_flags_wp.o
        14          0          0          0          0         60   __printf_wp.o
         0          0          0          0          0          0   __rtentry.o
        12          0          0          0          0          0   __rtentry2.o
         6          0          0          0          0          0   __rtentry4.o
        60          8          0          0          0          0   __scatter.o
        26          0          0          0          0          0   __scatter_copy.o
        28          0          0          0          0          0   __scatter_zi.o
        48          6          0          0          0         88   _printf_char_common.o
        10          0          0          0          0          0   _printf_f.o
      1048         14          0          0          0        176   _printf_fp_dec.o
       136         16          0          0          0         76   _printf_fp_infnan.o
        78          0          0          0          0        100   _printf_pad.o
         2          0          0          0          0          0   _printf_percent.o
         4          0          0          0          0          0   _printf_percent_end.o
        10          0          0          0          0         60   _sputc.o
       346          0          0          0          0         92   aeabi_sdiv.o
       216          6        148          0          0         80   bigflt0.o
      1456         30          0          0          0        336   btod.o
        16          0          0          0          0         68   exit.o
         6          0          0          0          0        136   heapauxi.o
         0          0          0          0          0          0   indicate_semi.o
        44         10         28          0          0         76   lc_numeric_c.o
         2          0          0          0          0          0   libinit.o
        18          0          0          0          0          0   libinit2.o
         2          0          0          0          0          0   libshutdown.o
         2          0          0          0          0          0   libshutdown2.o
         8          4          0          0         96         68   libspace.o
       122          0          0          0          0         72   lludiv10.o
        40          4          0          0          0         84   noretval__2sprintf.o
         8          4          0          0          0         68   rt_locale_intlibspace.o
        56          0          0          0          0         68   rt_memcpy.o
         2          0          0          0          0          0   rtexit.o
        10          0          0          0          0          0   rtexit2.o
        40          0          0          0          0         60   rtudiv10.o
       136          4          0          0          0         72   strcmp.o
        12          4          0          0          0         60   sys_exit.o
        62          0          0          0          0         80   sys_stackheap_outer.o
         2          0          0          0          0         68   use_no_semi.o
      1096         26        128          0          0        112   ddiv.o
        88          0          0          0          0         92   dflti.o
        16          4          0          0          0         76   printf1.o
         0          0          0          0          0          0   usenofp.o
        44          4          0          0          0         60   fpclassify.o

    ----------------------------------------------------------------------
      5668        150        324          0         96       2532   Library Totals
        16          0          3          0          0          0   (incl. Padding)

    ----------------------------------------------------------------------

      Code (inc. data)   RO Data    RW Data    ZI Data      Debug   Library Name

      4408        116        193          0         96       2192   c_p.l
      1200         30        128          0          0        280   fz_ps.l
        44          4          0          0          0         60   m_ps.l

    ----------------------------------------------------------------------
      5668        150        324          0         96       2532   Library Totals

    ----------------------------------------------------------------------

==============================================================================


      Code (inc. data)   RO Data    RW Data    ZI Data      Debug   

      7480        428        548         88        864      20263   Grand Totals
      7480        428        548         88        864      20263   ELF Image Totals
      7480        428        548         88          0          0   ROM Totals

==============================================================================

    Total RO  Size (Code + RO Data)                 8028 (   7.84kB)
    Total RW  Size (RW Data + ZI Data)               952 (   0.93kB)
    Total ROM Size (Code + RO Data + RW Data)       8116 (   7.93kB)

==============================================================================

