Component: ARM Compiler 5.06 update 7 (build 960) Tool: armlink [4d3601]

==============================================================================

Section Cross References

    i2c.o(i.I2C_Read) refers to i2c.o(i.i2c_enable) for i2c_enable
    i2c.o(i.I2C_Read) refers to i2c.o(i.i2c_tran) for i2c_tran
    i2c.o(i.I2C_Read) refers to i2c.o(i.i2c_m_start) for i2c_m_start
    i2c.o(i.I2C_Read) refers to i2c.o(i.i2c_send) for i2c_send
    i2c.o(i.I2C_Read) refers to i2c.o(i.i2c_wait) for i2c_wait
    i2c.o(i.I2C_Read) refers to i2c.o(i.i2c_rec) for i2c_rec
    i2c.o(i.I2C_Read) refers to i2c.o(i.i2c_NACK) for i2c_NACK
    i2c.o(i.I2C_Read) refers to i2c.o(i.i2c_read) for i2c_read
    i2c.o(i.I2C_Read) refers to i2c.o(i.i2c_m_stop) for i2c_m_stop
    i2c.o(i.I2C_Read) refers to i2c.o(i.i2c_disable) for i2c_disable
    i2c.o(i.I2C_Read) refers to i2c.o(.data) for error
    i2c.o(i.I2C_Write) refers to i2c.o(i.i2c_enable) for i2c_enable
    i2c.o(i.I2C_Write) refers to i2c.o(i.i2c_tran) for i2c_tran
    i2c.o(i.I2C_Write) refers to i2c.o(i.i2c_m_start) for i2c_m_start
    i2c.o(i.I2C_Write) refers to i2c.o(i.i2c_send) for i2c_send
    i2c.o(i.I2C_Write) refers to i2c.o(i.i2c_wait) for i2c_wait
    i2c.o(i.I2C_Write) refers to i2c.o(i.i2c_m_stop) for i2c_m_stop
    i2c.o(i.I2C_Write) refers to i2c.o(i.i2c_disable) for i2c_disable
    i2c.o(i.I2C_Write) refers to i2c.o(.data) for error
    i2c.o(i.i2c_wait) refers to i2c.o(.data) for timeout
    lcd1602.o(i.LCD1602_BF_AC) refers to i2c.o(i.I2C_Write) for I2C_Write
    lcd1602.o(i.LCD1602_BF_AC) refers to i2c.o(i.I2C_Read) for I2C_Read
    lcd1602.o(i.LCD1602_BF_AC) refers to lcd1602.o(.data) for lcd_backlight
    lcd1602.o(i.LCD1602_Backlight) refers to lcd1602.o(i.PCF8574_Write) for PCF8574_Write
    lcd1602.o(i.LCD1602_Backlight) refers to lcd1602.o(.data) for lcd_backlight
    lcd1602.o(i.LCD1602_Blink_Off) refers to lcd1602.o(i.LCD1602_Write8) for LCD1602_Write8
    lcd1602.o(i.LCD1602_Blink_Off_Cursor_On) refers to lcd1602.o(i.LCD1602_Write8) for LCD1602_Write8
    lcd1602.o(i.LCD1602_Blink_On) refers to lcd1602.o(i.LCD1602_Write8) for LCD1602_Write8
    lcd1602.o(i.LCD1602_CheckAddress) refers to i2c.o(i.I2C_Write) for I2C_Write
    lcd1602.o(i.LCD1602_CheckAddress) refers to lcd1602.o(.data) for pcf_address
    lcd1602.o(i.LCD1602_ClearAll) refers to lcd1602.o(i.LCD1602_Write8) for LCD1602_Write8
    lcd1602.o(i.LCD1602_Init) refers to i2c.o(i.I2C_Init) for I2C_Init
    lcd1602.o(i.LCD1602_Init) refers to lcd1602.o(i.LCD1602_CheckAddress) for LCD1602_CheckAddress
    lcd1602.o(i.LCD1602_Init) refers to lcd1602.o(i.LCD1602_Write8) for LCD1602_Write8
    lcd1602.o(i.LCD1602_PL_CH) refers to lcd1602.o(i.LCD1602_Write8) for LCD1602_Write8
    lcd1602.o(i.LCD1602_PL_CH) refers to lcd1602.o(i.LCD1602_BF_AC) for LCD1602_BF_AC
    lcd1602.o(i.LCD1602_PL_CH) refers to lcd1602.o(.data) for PL_CH_a_
    lcd1602.o(i.LCD1602_Print) refers to lcd1602.o(i.LCD1602_Write8) for LCD1602_Write8
    lcd1602.o(i.LCD1602_PrintNum) refers to lcd1602.o(i.itoa) for itoa
    lcd1602.o(i.LCD1602_PrintNum) refers to lcd1602.o(i.LCD1602_Print) for LCD1602_Print
    lcd1602.o(i.LCD1602_PrintPL) refers to lcd1602.o(i.LCD1602_Write8) for LCD1602_Write8
    lcd1602.o(i.LCD1602_SetCursor) refers to lcd1602.o(i.LCD1602_Write8) for LCD1602_Write8
    lcd1602.o(i.LCD1602_Write4) refers to lcd1602.o(i.PCF8574_Write) for PCF8574_Write
    lcd1602.o(i.LCD1602_Write8) refers to lcd1602.o(i.LCD1602_Write4) for LCD1602_Write4
    lcd1602.o(i.PCF8574_Write) refers to i2c.o(i.I2C_Write) for I2C_Write
    lcd1602.o(i.PCF8574_Write) refers to lcd1602.o(.data) for lcd_backlight
    lcd1602.o(i.itoa) refers to aeabi_sdiv.o(.text) for __aeabi_idivmod
    main.o(i.PORTA_IRQHandler) refers to main.o(.data) for S2_press
    main.o(i.SysTick_Config) refers to main.o(i.__NVIC_SetPriority) for __NVIC_SetPriority
    main.o(i.SysTick_Handler) refers to aeabi_sdiv.o(.text) for __aeabi_idivmod
    main.o(i.SysTick_Handler) refers to dac.o(i.DAC_Load_Trig) for DAC_Load_Trig
    main.o(i.SysTick_Handler) refers to main.o(.data) for faza
    main.o(i.SysTick_Handler) refers to main.o(.bss) for Sinus
    main.o(i.main) refers to _printf_percent.o(.ARM.Collect$$_printf_percent$$00000000) for _printf_percent
    main.o(i.main) refers to _printf_f.o(.ARM.Collect$$_printf_percent$$00000003) for _printf_f
    main.o(i.main) refers to printf1.o(x$fpl$printf1) for _printf_fp_dec
    main.o(i.main) refers to _printf_pad.o(.text) for _printf_pre_padding
    main.o(i.main) refers to _printf_d.o(.ARM.Collect$$_printf_percent$$00000009) for _printf_d
    main.o(i.main) refers to _printf_dec.o(.text) for _printf_int_dec
    main.o(i.main) refers to rt_memcpy.o(.emb_text) for __aeabi_memcpy4
    main.o(i.main) refers to klaw.o(i.Klaw_Init) for Klaw_Init
    main.o(i.main) refers to klaw.o(i.Klaw_S2_4_Int) for Klaw_S2_4_Int
    main.o(i.main) refers to tsi.o(i.TSI_Init) for TSI_Init
[...]
    libinit.o(.ARM.Collect$$libinit$$00000000) refers (Special) to libinit2.o(.ARM.Collect$$libinit$$00000019) for __rt_lib_init_lc_time_1
    libinit.o(.ARM.Collect$$libinit$$00000000) refers (Special) to libinit2.o(.ARM.Collect$$libinit$$00000004) for __rt_lib_init_preinit_1
    libinit.o(.ARM.Collect$$libinit$$00000000) refers (Special) to libinit2.o(.ARM.Collect$$libinit$$0000000E) for __rt_lib_init_rand_1
    libinit.o(.ARM.Collect$$libinit$$00000000) refers (Special) to libinit2.o(.ARM.Collect$$libinit$$00000033) for __rt_lib_init_return
    libinit.o(.ARM.Collect$$libinit$$00000000) refers (Special) to libinit2.o(.ARM.Collect$$libinit$$0000001D) for __rt_lib_init_signal_1
    libinit.o(.ARM.Collect$$libinit$$00000000) refers (Special) to libinit2.o(.ARM.Collect$$libinit$$00000025) for __rt_lib_init_stdio_1
    libinit.o(.ARM.Collect$$libinit$$00000000) refers (Special) to libinit2.o(.ARM.Collect$$libinit$$0000000C) for __rt_lib_init_user_alloc_1
    libinit2.o(.ARM.Collect$$libinit$$0000000F) refers (Weak) to rt_locale_intlibspace.o(.text) for __rt_locale
    libinit2.o(.ARM.Collect$$libinit$$00000010) refers to libinit2.o(.ARM.Collect$$libinit$$0000000F) for .ARM.Collect$$libinit$$0000000F
    libinit2.o(.ARM.Collect$$libinit$$00000012) refers to libinit2.o(.ARM.Collect$$libinit$$0000000F) for .ARM.Collect$$libinit$$0000000F
    libinit2.o(.ARM.Collect$$libinit$$00000014) refers to libinit2.o(.ARM.Collect$$libinit$$0000000F) for .ARM.Collect$$libinit$$0000000F
    libinit2.o(.ARM.Collect$$libinit$$00000016) refers to libinit2.o(.ARM.Collect$$libinit$$0000000F) for .ARM.Collect$$libinit$$0000000F
    libinit2.o(.ARM.Collect$$libinit$$00000016) refers (Weak) to lc_numeric_c.o(locale$$code) for _get_lc_numeric
    libinit2.o(.ARM.Collect$$libinit$$00000018) refers to libinit2.o(.ARM.Collect$$libinit$$0000000F) for .ARM.Collect$$libinit$$0000000F
    libinit2.o(.ARM.Collect$$libinit$$00000026) refers to argv_veneer.o(.text) for __ARM_argv_veneer
    libinit2.o(.ARM.Collect$$libinit$$00000027) refers to argv_veneer.o(.text) for __ARM_argv_veneer
    rtexit.o(.ARM.Collect$$rtexit$$00000000) refers (Special) to rtexit2.o(.ARM.Collect$$rtexit$$00000004) for __rt_exit_exit
    rtexit.o(.ARM.Collect$$rtexit$$00000000) refers (Special) to rtexit2.o(.ARM.Collect$$rtexit$$00000003) for __rt_exit_ls
    rtexit.o(.ARM.Collect$$rtexit$$00000000) refers (Special) to rtexit2.o(.ARM.Collect$$rtexit$$00000002) for __rt_exit_prels_1
    rtexit.o(.ARM.exidx) refers (Special) to rtexit2.o(.ARM.Collect$$rtexit$$00000004) for __rt_exit_exit
    rtexit.o(.ARM.exidx) refers (Special) to rtexit2.o(.ARM.Collect$$rtexit$$00000003) for __rt_exit_ls
    rtexit.o(.ARM.exidx) refers (Special) to rtexit2.o(.ARM.Collect$$rtexit$$00000002) for __rt_exit_prels_1
    rtexit.o(.ARM.exidx) refers to rtexit.o(.ARM.Collect$$rtexit$$00000000) for .ARM.Collect$$rtexit$$00000000
    rt_raise.o(.text) refers to __raise.o(.text) for __raise
    rt_raise.o(.text) refers to sys_exit.o(.text) for _sys_exit
    defsig_exit.o(.text) refers to sys_exit.o(.text) for _sys_exit
    defsig_fpe_inner.o(.text) refers to defsig_general.o(.text) for __default_signal_display
    sys_exit.o(.text) refers (Special) to use_no_semi.o(.text) for __I$use$semihosting
    sys_exit.o(.text) refers (Special) to indicate_semi.o(.text) for __semihosting_library_function
    rtexit2.o(.ARM.Collect$$rtexit$$00000003) refers to libshutdown.o(.ARM.Collect$$libshutdown$$00000000) for __rt_lib_shutdown
    rtexit2.o(.ARM.Collect$$rtexit$$00000004) refers to sys_exit.o(.text) for _sys_exit
    rtexit2.o(.ARM.exidx) refers to rtexit2.o(.ARM.Collect$$rtexit$$00000001) for .ARM.Collect$$rtexit$$00000001
    rtexit2.o(.ARM.exidx) refers to rtexit2.o(.ARM.Collect$$rtexit$$00000003) for .ARM.Collect$$rtexit$$00000003
    rtexit2.o(.ARM.exidx) refers to rtexit2.o(.ARM.Collect$$rtexit$$00000004) for .ARM.Collect$$rtexit$$00000004
    __raise.o(.text) refers to defsig.o(CL$$defsig) for __default_signal_handler
    defsig_general.o(.text) refers to sys_wrch.o(.text) for _ttywrch
    _get_argv_nomalloc.o(.text) refers (Special) to hrguard.o(.text) for __heap_region$guard
    _get_argv_nomalloc.o(.text) refers to defsig_rtmem_outer.o(.text) for __rt_SIGRTMEM
    _get_argv_nomalloc.o(.text) refers to sys_command.o(.text) for _sys_command_string
    sys_wrch.o(.text) refers (Special) to use_no_semi.o(.text) for __I$use$semihosting
    sys_wrch.o(.text) refers (Special) to indicate_semi.o(.text) for __semihosting_library_function
    sys_command.o(.text) refers (Special) to use_no_semi.o(.text) for __I$use$semihosting
    sys_command.o(.text) refers (Special) to indicate_semi.o(.text) for __semihosting_library_function
    defsig_rtmem_outer.o(.text) refers to defsig_rtmem_inner.o(.text) for __rt_SIGRTMEM_inner
    defsig_rtmem_outer.o(.text) refers to defsig_exit.o(.text) for __sig_exit
    defsig_rtmem_formal.o(.text) refers to rt_raise.o(.text) for __rt_raise
    defsig.o(CL$$defsig) refers to defsig_fpe_inner.o(.text) for __rt_SIGFPE_inner
    defsig.o(CL$$defsig) refers to defsig_rtmem_inner.o(.text) for __rt_SIGRTMEM_inner
    libshutdown.o(.ARM.Collect$$libshutdown$$00000000) refers (Special) to libshutdown2.o(.ARM.Collect$$libshutdown$$00000004) for __rt_lib_shutdown_cpp_1
    libshutdown.o(.ARM.Collect$$libshutdown$$00000000) refers (Special) to libshutdown2.o(.ARM.Collect$$libshutdown$$00000002) for __rt_lib_shutdown_fini_1
    libshutdown.o(.ARM.Collect$$libshutdown$$00000000) refers (Special) to libshutdown2.o(.ARM.Collect$$libshutdown$$00000009) for __rt_lib_shutdown_fp_trap_1
    libshutdown.o(.ARM.Collect$$libshutdown$$00000000) refers (Special) to libshutdown2.o(.ARM.Collect$$libshutdown$$00000011) for __rt_lib_shutdown_heap_1
    libshutdown.o(.ARM.Collect$$libshutdown$$00000000) refers (Special) to libshutdown2.o(.ARM.Collect$$libshutdown$$00000012) for __rt_lib_shutdown_return
    libshutdown.o(.ARM.Collect$$libshutdown$$00000000) refers (Special) to libshutdown2.o(.ARM.Collect$$libshutdown$$0000000C) for __rt_lib_shutdown_signal_1
    libshutdown.o(.ARM.Collect$$libshutdown$$00000000) refers (Special) to libshutdown2.o(.ARM.Collect$$libshutdown$$00000006) for __rt_lib_shutdown_stdio_1
    libshutdown.o(.ARM.Collect$$libshutdown$$00000000) refers (Special) to libshutdown2.o(.ARM.Collect$$libshutdown$$0000000E) for __rt_lib_shutdown_user_alloc_1
    defsig_abrt_inner.o(.text) refers to defsig_general.o(.text) for __default_signal_display
    defsig_rtred_inner.o(.text) refers to defsig_general.o(.text) for __default_signal_display
    defsig_rtmem_inner.o(.text) refers to defsig_general.o(.text) for __default_signal_display
    defsig_stak_inner.o(.text) refers to defsig_general.o(.text) for __default_signal_display
    defsig_pvfn_inner.o(.text) refers to defsig_general.o(.text) for __default_signal_display
    defsig_cppl_inner.o(.text) refers to defsig_general.o(.text) for __default_signal_display
    defsig_segv_inner.o(.text) refers to defsig_general.o(.text) for __default_signal_display
    defsig_other.o(.text) refers to defsig_general.o(.text) for __default_signal_display


==============================================================================

Removing Unused input sections from the image.

    Removing dac.o(.rev16_text), (4 bytes).
    Removing dac.o(.revsh_text), (4 bytes).
    Removing i2c.o(.rev16_text), (4 bytes).
    Removing i2c.o(.revsh_text), (4 bytes).
    Removing i2c.o(i.I2C_Read), (80 bytes).
    Removing i2c.o(i.i2c_ACK), (20 bytes).
    Removing i2c.o(i.i2c_NACK), (20 bytes).
    Removing i2c.o(i.i2c_m_rstart), (20 bytes).
    Removing i2c.o(i.i2c_read), (12 bytes).
    Removing i2c.o(i.i2c_rec), (20 bytes).
    Removing klaw.o(.rev16_text), (4 bytes).
    Removing klaw.o(.revsh_text), (4 bytes).
    Removing lcd1602.o(.rev16_text), (4 bytes).
    Removing lcd1602.o(.revsh_text), (4 bytes).
    Removing lcd1602.o(i.LCD1602_BF_AC), (160 bytes).
    Removing lcd1602.o(i.LCD1602_Blink_Off), (12 bytes).
    Removing lcd1602.o(i.LCD1602_Blink_Off_Cursor_On), (12 bytes).
    Removing lcd1602.o(i.LCD1602_Blink_On), (12 bytes).
    Removing lcd1602.o(i.LCD1602_ClearAll), (12 bytes).
    Removing lcd1602.o(i.LCD1602_PL_CH), (324 bytes).
    Removing lcd1602.o(i.LCD1602_PrintNum), (40 bytes).
    Removing lcd1602.o(i.LCD1602_PrintPL), (142 bytes).
    Removing lcd1602.o(i.itoa), (108 bytes).
    Removing main.o(.rev16_text), (4 bytes).
    Removing main.o(.revsh_text), (4 bytes).
    Removing tsi.o(.rev16_text), (4 bytes).
    Removing tsi.o(.revsh_text), (4 bytes).
    Removing system_mkl05z4.o(.rev16_text), (4 bytes).
    Removing system_mkl05z4.o(.revsh_text), (4 bytes).
    Removing system_mkl05z4.o(i.SystemCoreClockUpdate), (280 bytes).
    Removing system_mkl05z4.o(i.__ARM_common_switch8), (28 bytes).

31 unused section(s) (total 1358 bytes) removed from the image.

==============================================================================

Image Symbol Table

    Local Symbols

    Symbol Name                              Value     Ov Type        Size  Object(Section)

    RESET                                    0x00000000   Section      192  startup_mkl05z4.o(RESET)
    ../clib/angel/boardlib.s                 0x00000000   Number         0  boardinit3.o ABSOLUTE
    ../clib/angel/boardlib.s                 0x00000000   Number         0  boardinit1.o ABSOLUTE
    ../clib/angel/boardlib.s                 0x00000000   Number         0  boardinit2.o ABSOLUTE
    ../clib/angel/boardlib.s                 0x00000000   Number         0  boardshut.o ABSOLUTE
    ../clib/angel/handlers.s                 0x00000000   Number         0  __scatter_zi.o ABSOLUTE
    ../clib/angel/handlers.s                 0x00000000   Number         0  __scatter_copy.o ABSOLUTE
    ../clib/angel/kernel.s                   0x00000000   Number         0  rtexit.o ABSOLUTE
    ../clib/angel/kernel.s                   0x00000000   Number         0  __rtentry2.o ABSOLUTE
    ../clib/angel/kernel.s                   0x00000000   Number         0  __rtentry4.o ABSOLUTE
    ../clib/angel/kernel.s                   0x00000000   Number         0  rtexit2.o ABSOLUTE
    ../clib/angel/kernel.s                   0x00000000   Number         0  __rtentry.o ABSOLUTE
    ../clib/angel/rt.s                       0x00000000   Number         0  rt_div0.o ABSOLUTE
    ../clib/angel/rt.s                       0x00000000   Number         0  rt_locale.o ABSOLUTE
    ../clib/angel/rt.s                       0x00000000   Number         0  rt_locale_intlibspace.o ABSOLUTE
    ../clib/angel/rt.s                       0x00000000   Number         0  rt_errno_addr.o ABSOLUTE
    ../clib/angel/rt.s                       0x00000000   Number         0  rt_errno_addr_intlibspace.o ABSOLUTE
    ../clib/angel/rt.s                       0x00000000   Number         0  rt_raise.o ABSOLUTE
    ../clib/angel/rt.s                       0x00000000   Number         0  aeabi_idiv0.o ABSOLUTE
    ../clib/angel/rt.s                       0x00000000   Number         0  aeabi_idiv0_sigfpe.o ABSOLUTE
    ../clib/angel/scatterp.s                 0x00000000   Number         0  __scatter.o ABSOLUTE
    ../clib/angel/startup.s                  0x00000000   Number         0  __main.o ABSOLUTE
    ../clib/angel/sys.s                      0x00000000   Number         0  tempstk.o ABSOLUTE
    ../clib/angel/sys.s                      0x00000000   Number         0  use_no_semi.o ABSOLUTE
    ../clib/angel/sys.s                      0x00000000   Number         0  indicate_semi.o ABSOLUTE
    ../clib/angel/sys.s                      0x00000000   Number         0  libspace.o ABSOLUTE
    ../clib/angel/sys.s                      0x00000000   Number         0  sys_stackheap_outer.o ABSOLUTE
    ../clib/angel/sysapp.c                   0x00000000   Number         0  sys_exit.o ABSOLUTE
    ../clib/angel/sysapp.c                   0x00000000   Number         0  sys_command.o ABSOLUTE
    ../clib/angel/sysapp.c                   0x00000000   Number         0  sys_wrch.o ABSOLUTE
    ../clib/armsys.c                         0x00000000   Number         0  argv_veneer.o ABSOLUTE
    ../clib/armsys.c                         0x00000000   Number         0  no_argv.o ABSOLUTE
    ../clib/armsys.c                         0x00000000   Number         0  _get_argv_nomalloc.o ABSOLUTE
    ../clib/bigflt.c                         0x00000000   Number         0  bigflt0.o ABSOLUTE
    ../clib/btod.c                           0x00000000   Number         0  btod.o ABSOLUTE
    ../clib/division.c                       0x00000000   Number         0  lludiv10.o ABSOLUTE
    ../clib/division.c                       0x00000000   Number         0  rtudiv10.o ABSOLUTE
    ../clib/division.s                       0x00000000   Number         0  aeabi_sdiv.o ABSOLUTE
    ../clib/division.s                       0x00000000   Number         0  aeabi_sdiv_div0.o ABSOLUTE
    ../clib/fenv.c                           0x00000000   Number         0  _rserrno.o ABSOLUTE
    ../clib/heapalloc.c                      0x00000000   Number         0  hrguard.o ABSOLUTE
    ../clib/heapaux.c                        0x00000000   Number         0  heapauxi.o ABSOLUTE
    ../clib/libinit.s                        0x00000000   Number         0  libshutdown.o ABSOLUTE
    ../clib/libinit.s                        0x00000000   Number         0  libinit2.o ABSOLUTE
    ../clib/libinit.s                        0x00000000   Number         0  libinit.o ABSOLUTE
    ../clib/libinit.s                        0x00000000   Number         0  libshutdown2.o ABSOLUTE
    ../clib/locale.s                         0x00000000   Number         0  lc_numeric_c.o ABSOLUTE
    ../clib/memcpset.c                       0x00000000   Number         0  rt_memcpy.o ABSOLUTE
    ../clib/memcpset.c                       0x00000000   Number         0  rt_memcpy.o ABSOLUTE
    ../clib/misc.s                           0x00000000   Number         0  printf_stubs.o ABSOLUTE
    ../clib/printf.c                         0x00000000   Number         0  __printf.o ABSOLUTE
    ../clib/printf.c                         0x00000000   Number         0  _printf_intcommon.o ABSOLUTE
    ../clib/printf.c                         0x00000000   Number         0  _printf_fp_dec.o ABSOLUTE
    ../clib/printf.c                         0x00000000   Number         0  _printf_char_common.o ABSOLUTE
    ../clib/printf.c                         0x00000000   Number         0  _printf_fp_infnan.o ABSOLUTE
    ../clib/printf.c                         0x00000000   Number         0  _sputc.o ABSOLUTE
    ../clib/printf.c                         0x00000000   Number         0  __printf_nopercent.o ABSOLUTE
    ../clib/printf.c                         0x00000000   Number         0  __2sprintf.o ABSOLUTE
    ../clib/printf.c                         0x00000000   Number         0  noretval__2sprintf.o ABSOLUTE
    ../clib/printf.c                         0x00000000   Number         0  _printf_pad.o ABSOLUTE
    ../clib/printf.c                         0x00000000   Number         0  _printf_dec.o ABSOLUTE
    ../clib/printf.c                         0x00000000   Number         0  __printf_flags.o ABSOLUTE
    ../clib/printf.c                         0x00000000   Number         0  __printf_ss.o ABSOLUTE
    ../clib/printf.c                         0x00000000   Number         0  __printf_flags_ss.o ABSOLUTE
    ../clib/printf.c                         0x00000000   Number         0  __printf_wp.o ABSOLUTE
    ../clib/printf.c                         0x00000000   Number         0  __printf_flags_wp.o ABSOLUTE
    ../clib/printf.c                         0x00000000   Number         0  __printf_ss_wp.o ABSOLUTE
    ../clib/printf.c                         0x00000000   Number         0  __printf_flags_ss_wp.o ABSOLUTE
    ../clib/printf_percent.s                 0x00000000   Number         0  _printf_percent_end.o ABSOLUTE
    ../clib/printf_percent.s                 0x00000000   Number         0  _printf_percent.o ABSOLUTE
    ../clib/printf_percent.s                 0x00000000   Number         0  _printf_f.o ABSOLUTE
    ../clib/printf_percent.s                 0x00000000   Number         0  _printf_d.o ABSOLUTE
    ../clib/signal.c                         0x00000000   Number         0  defsig_fpe_formal.o ABSOLUTE
    ../clib/signal.c                         0x00000000   Number         0  defsig_rtmem_inner.o ABSOLUTE
    ../clib/signal.c                         0x00000000   Number         0  defsig_general.o ABSOLUTE
    ../clib/signal.c                         0x00000000   Number         0  __raise.o ABSOLUTE
    ../clib/signal.c                         0x00000000   Number         0  defsig_fpe_outer.o ABSOLUTE
    ../clib/signal.c                         0x00000000   Number         0  defsig_rtred_inner.o ABSOLUTE
    ../clib/signal.c                         0x00000000   Number         0  defsig_abrt_inner.o ABSOLUTE
    ../clib/signal.c                         0x00000000   Number         0  defsig_stak_inner.o ABSOLUTE
    ../clib/signal.c                         0x00000000   Number         0  defsig_fpe_inner.o ABSOLUTE
    ../clib/signal.c                         0x00000000   Number         0  defsig_pvfn_inner.o ABSOLUTE
    ../clib/signal.c                         0x00000000   Number         0  defsig_exit.o ABSOLUTE
    ../clib/signal.c                         0x00000000   Number         0  defsig_rtmem_formal.o ABSOLUTE
    ../clib/signal.c                         0x00000000   Number         0  defsig_rtmem_outer.o ABSOLUTE
    ../clib/signal.c                         0x00000000   Number         0  defsig_cppl_inner.o ABSOLUTE
    ../clib/signal.c                         0x00000000   Number         0  defsig_segv_inner.o ABSOLUTE
    ../clib/signal.c                         0x00000000   Number         0  defsig_other.o ABSOLUTE
    ../clib/signal.s                         0x00000000   Number         0  defsig.o ABSOLUTE
    ../clib/stdlib.c                         0x00000000   Number         0  exit.o ABSOLUTE
    ../clib/string.c                         0x00000000   Number         0  strcmp.o ABSOLUTE
    ../fplib/cfplib/daddsub.c                0x00000000   Number         0  daddsub.o ABSOLUTE
    ../fplib/cfplib/ddiv.c                   0x00000000   Number         0  ddiv.o ABSOLUTE
    ../fplib/cfplib/dmul.c                   0x00000000   Number         0  dmul.o ABSOLUTE
    ../fplib/cfplib/f2d.c                    0x00000000   Number         0  f2d.o ABSOLUTE
    ../fplib/cfplib/ffix.c                   0x00000000   Number         0  dfixi.o ABSOLUTE
    ../fplib/cfplib/fflt.c                   0x00000000   Number         0  fflti.o ABSOLUTE
    ../fplib/cfplib/fflt.c                   0x00000000   Number         0  dflti.o ABSOLUTE
    ../fplib/cfplib/fpinit.c                 0x00000000   Number         0  fpinit.o ABSOLUTE
    ../fplib/cfplib/ieee_status.c            0x00000000   Number         0  ieee_status.o ABSOLUTE
    ../fplib/cfplib/scalbn.c                 0x00000000   Number         0  dscalbn.o ABSOLUTE
    ../fplib/fmul6m.s                        0x00000000   Number         0  fmul.o ABSOLUTE
    ../fplib/printf1.s                       0x00000000   Number         0  printf1.o ABSOLUTE
    ../fplib/usenofp.s                       0x00000000   Number         0  usenofp.o ABSOLUTE
    ../mathlib/cos_i.c                       0x00000000   Number         0  cos_i.o ABSOLUTE
    ../mathlib/dunder.c                      0x00000000   Number         0  dunder.o ABSOLUTE
    ../mathlib/fpclassify.c                  0x00000000   Number         0  fpclassify.o ABSOLUTE
    ../mathlib/poly.c                        0x00000000   Number         0  poly.o ABSOLUTE
    ../mathlib/rred.c                        0x00000000   Number         0  rred.o ABSOLUTE
    ../mathlib/sin.c                         0x00000000   Number         0  sin_x.o ABSOLUTE
    ../mathlib/sin.c                         0x00000000   Number         0  sin.o ABSOLUTE
    ../mathlib/sin_i.c                       0x00000000   Number         0  sin_i.o ABSOLUTE
    ../mathlib/sin_i.c                       0x00000000   Number         0  sin_i_x.o ABSOLUTE
    DAC.c                                    0x00000000   Number         0  dac.o ABSOLUTE
    DAC.c                                    0x00000000   Number         0  dac.o ABSOLUTE
    RTE\Device\MKL05Z32xxx4\startup_MKL05Z4.s 0x00000000   Number         0  startup_mkl05z4.o ABSOLUTE
    RTE\Device\MKL05Z32xxx4\system_MKL05Z4.c 0x00000000   Number         0  system_mkl05z4.o ABSOLUTE
    RTE\\Device\\MKL05Z32xxx4\\system_MKL05Z4.c 0x00000000   Number         0  system_mkl05z4.o ABSOLUTE
    dc.s                                     0x00000000   Number         0  dc.o ABSOLUTE
    i2c.c                                    0x00000000   Number         0  i2c.o ABSOLUTE
    i2c.c                                    0x00000000   Number         0  i2c.o ABSOLUTE
    klaw.c                                   0x00000000   Number         0  klaw.o ABSOLUTE
    klaw.c                                   0x00000000   Number         0  klaw.o ABSOLUTE
    lcd1602.c                                0x00000000   Number         0  lcd1602.o ABSOLUTE
    lcd1602.c                                0x00000000   Number         0  lcd1602.o ABSOLUTE
    main.c                                   0x00000000   Number         0  main.o ABSOLUTE
    main.c                                   0x00000000   Number         0  main.o ABSOLUTE
    tsi.c                                    0x00000000   Number         0  tsi.o ABSOLUTE
    tsi.c                                    0x00000000   Number         0  tsi.o ABSOLUTE
    !!!main                                  0x000000c0   Section        8  __main.o(!!!main)
    !!!scatter                               0x000000c8   Section       60  __scatter.o(!!!scatter)
    !!handler_copy                           0x00000104   Section       26  __scatter_copy.o(!!handler_copy)
    !!handler_zi                             0x00000120   Section       28  __scatter_zi.o(!!handler_zi)
    .ARM.Collect$$_printf_percent$$00000000  0x0000013c   Section        2  _printf_percent.o(.ARM.Collect$$_printf_percent$$00000000)
    .ARM.Collect$$_printf_percent$$00000003  0x0000013e   Section       10  _printf_f.o(.ARM.Collect$$_printf_percent$$00000003)
    .ARM.Collect$$_printf_percent$$00000009  0x00000148   Section       10  _printf_d.o(.ARM.Collect$$_printf_percent$$00000009)
    .ARM.Collect$$_printf_percent$$00000017  0x00000152   Section        4  _printf_percent_end.o(.ARM.Collect$$_printf_percent$$00000017)
    .ARM.Collect$$libinit$$00000000          0x00000156   Section        2  libinit.o(.ARM.Collect$$libinit$$00000000)
    .ARM.Collect$$libinit$$00000002          0x00000158   Section        0  libinit2.o(.ARM.Collect$$libinit$$00000002)
    .ARM.Collect$$libinit$$00000004          0x00000158   Section        0  libinit2.o(.ARM.Collect$$libinit$$00000004)
    .ARM.Collect$$libinit$$0000000A          0x00000158   Section        0  libinit2.o(.ARM.Collect$$libinit$$0000000A)
    .ARM.Collect$$libinit$$0000000C          0x00000158   Section        0  libinit2.o(.ARM.Collect$$libinit$$0000000C)
    .ARM.Collect$$libinit$$0000000E          0x00000158   Section        0  libinit2.o(.ARM.Collect$$libinit$$0000000E)
    .ARM.Collect$$libinit$$0000000F          0x00000158   Section        6  libinit2.o(.ARM.Collect$$libinit$$0000000F)
    .ARM.Collect$$libinit$$00000011          0x0000015e   Section        0  libinit2.o(.ARM.Collect$$libinit$$00000011)
    .ARM.Collect$$libinit$$00000013          0x0000015e   Section        0  libinit2.o(.ARM.Collect$$libinit$$00000013)
    .ARM.Collect$$libinit$$00000015          0x0000015e   Section        0  libinit2.o(.ARM.Collect$$libinit$$00000015)
    .ARM.Collect$$libinit$$00000016          0x0000015e   Section       10  libinit2.o(.ARM.Collect$$libinit$$00000016)
    .ARM.Collect$$libinit$$00000017          0x00000168   Section        0  libinit2.o(.ARM.Collect$$libinit$$00000017)
    .ARM.Collect$$libinit$$00000019          0x00000168   Section        0  libinit2.o(.ARM.Collect$$libinit$$00000019)
    .ARM.Collect$$libinit$$0000001B          0x00000168   Section        0  libinit2.o(.ARM.Collect$$libinit$$0000001B)
    .ARM.Collect$$libinit$$0000001D          0x00000168   Section        0  libinit2.o(.ARM.Collect$$libinit$$0000001D)
    .ARM.Collect$$libinit$$0000001F          0x00000168   Section        0  libinit2.o(.ARM.Collect$$libinit$$0000001F)
    .ARM.Collect$$libinit$$00000021          0x00000168   Section        0  libinit2.o(.ARM.Collect$$libinit$$00000021)
    .ARM.Collect$$libinit$$00000023          0x00000168   Section        0  libinit2.o(.ARM.Collect$$libinit$$00000023)
    .ARM.Collect$$libinit$$00000025          0x00000168   Section        0  libinit2.o(.ARM.Collect$$libinit$$00000025)
    .ARM.Collect$$libinit$$0000002C          0x00000168   Section        0  libinit2.o(.ARM.Collect$$libinit$$0000002C)
    .ARM.Collect$$libinit$$0000002E          0x00000168   Section        0  libinit2.o(.ARM.Collect$$libinit$$0000002E)
    .ARM.Collect$$libinit$$00000030          0x00000168   Section        0  libinit2.o(.ARM.Collect$$libinit$$00000030)
    .ARM.Collect$$libinit$$00000032          0x00000168   Section        0  libinit2.o(.ARM.Collect$$libinit$$00000032)
    .ARM.Collect$$libinit$$00000033          0x00000168   Section        2  libinit2.o(.ARM.Collect$$libinit$$00000033)
    .ARM.Collect$$libshutdown$$00000000      0x0000016a   Section        2  libshutdown.o(.ARM.Collect$$libshutdown$$00000000)
    .ARM.Collect$$libshutdown$$00000002      0x0000016c   Section        0  libshutdown2.o(.ARM.Collect$$libshutdown$$00000002)
    .ARM.Collect$$libshutdown$$00000004      0x0000016c   Section        0  libshutdown2.o(.ARM.Collect$$libshutdown$$00000004)
    .ARM.Collect$$libshutdown$$00000006      0x0000016c   Section        0  libshutdown2.o(.ARM.Collect$$libshutdown$$00000006)
    .ARM.Collect$$libshutdown$$00000009      0x0000016c   Section        0  libshutdown2.o(.ARM.Collect$$libshutdown$$00000009)
    .ARM.Collect$$libshutdown$$0000000C      0x0000016c   Section        0  libshutdown2.o(.ARM.Collect$$libshutdown$$0000000C)
    .ARM.Collect$$libshutdown$$0000000E      0x0000016c   Section        0  libshutdown2.o(.ARM.Collect$$libshutdown$$0000000E)
    .ARM.Collect$$libshutdown$$00000011      0x0000016c   Section        0  libshutdown2.o(.ARM.Collect$$libshutdown$$00000011)
    .ARM.Collect$$libshutdown$$00000012      0x0000016c   Section        2  libshutdown2.o(.ARM.Collect$$libshutdown$$00000012)
    .ARM.Collect$$rtentry$$00000000          0x0000016e   Section        0  __rtentry.o(.ARM.Collect$$rtentry$$00000000)
    .ARM.Collect$$rtentry$$00000002          0x0000016e   Section        0  __rtentry2.o(.ARM.Collect$$rtentry$$00000002)
    .ARM.Collect$$rtentry$$00000004          0x0000016e   Section        6  __rtentry4.o(.ARM.Collect$$rtentry$$00000004)
    .ARM.Collect$$rtentry$$00000009          0x00000174   Section        0  __rtentry2.o(.ARM.Collect$$rtentry$$00000009)
    .ARM.Collect$$rtentry$$0000000A          0x00000174   Section        4  __rtentry2.o(.ARM.Collect$$rtentry$$0000000A)
    .ARM.Collect$$rtentry$$0000000C          0x00000178   Section        0  __rtentry2.o(.ARM.Collect$$rtentry$$0000000C)
    .ARM.Collect$$rtentry$$0000000D          0x00000178   Section        8  __rtentry2.o(.ARM.Collect$$rtentry$$0000000D)
    .ARM.Collect$$rtexit$$00000000           0x00000180   Section        2  rtexit.o(.ARM.Collect$$rtexit$$00000000)
    .ARM.Collect$$rtexit$$00000002           0x00000182   Section        0  rtexit2.o(.ARM.Collect$$rtexit$$00000002)
    .ARM.Collect$$rtexit$$00000003           0x00000182   Section        4  rtexit2.o(.ARM.Collect$$rtexit$$00000003)
    .ARM.Collect$$rtexit$$00000004           0x00000186   Section        6  rtexit2.o(.ARM.Collect$$rtexit$$00000004)
    .emb_text                                0x0000018c   Section       56  rt_memcpy.o(.emb_text)
    .text                                    0x000001c4   Section       52  startup_mkl05z4.o(.text)
    .text                                    0x000001f8   Section        0  noretval__2sprintf.o(.text)
    .text                                    0x00000220   Section        0  _printf_pad.o(.text)
    .text                                    0x00000270   Section        0  _printf_dec.o(.text)
    .text                                    0x000002dc   Section        0  heapauxi.o(.text)
    .text                                    0x000002e4   Section        0  dfixi.o(.text)
    .text                                    0x00000350   Section        0  dflti.o(.text)
    .text                                    0x000003a8   Section        0  f2d.o(.text)
    .text                                    0x000003fc   Section        2  use_no_semi.o(.text)
    .text                                    0x000003fe   Section        0  indicate_semi.o(.text)
    x$fpl$usenofp                            0x000003fe   Section        0  usenofp.o(x$fpl$usenofp)
    .ARM.__at_0x400                          0x00000400   Section       16  startup_mkl05z4.o(.ARM.__at_0x400)
    .text                                    0x00000410   Section        0  __printf_flags_wp.o(.text)
    .text                                    0x00000548   Section      346  aeabi_sdiv.o(.text)
    .text                                    0x000006a4   Section        0  dmul.o(.text)
    .text                                    0x000008ec   Section        0  fflti.o(.text)
    .text                                    0x0000094a   Section        0  _rserrno.o(.text)
    .text                                    0x00000960   Section        0  _printf_intcommon.o(.text)
    .text                                    0x00000a10   Section        0  _printf_fp_dec.o(.text)
    _fp_digits                               0x00000a13   Thumb Code   412  _printf_fp_dec.o(.text)
    .text                                    0x00000e28   Section        0  _printf_char_common.o(.text)
    _printf_input_char                       0x00000e29   Thumb Code    10  _printf_char_common.o(.text)
    .text                                    0x00000e58   Section        0  _sputc.o(.text)
    .text                                    0x00000e62   Section        0  rtudiv10.o(.text)
    .text                                    0x00000e8c   Section        8  rt_locale_intlibspace.o(.text)
    .text                                    0x00000e94   Section        8  rt_errno_addr_intlibspace.o(.text)
    .text                                    0x00000e9c   Section        0  lludiv10.o(.text)
    .text                                    0x00000f18   Section        0  _printf_fp_infnan.o(.text)
    .text                                    0x00000fa0   Section        0  bigflt0.o(.text)
    .text                                    0x00001078   Section        0  btod.o(.text)
    btod_internal_mul                        0x000010b9   Thumb Code   492  btod.o(.text)
    btod_internal_div                        0x000012a5   Thumb Code   520  btod.o(.text)
    .text                                    0x000015f8   Section        0  daddsub.o(.text)
    _dadd1                                   0x000015f9   Thumb Code   290  daddsub.o(.text)
    _dsub1                                   0x0000171b   Thumb Code   470  daddsub.o(.text)
    .text                                    0x00001950   Section        0  ddiv.o(.text)
    .text                                    0x00001d98   Section        0  dscalbn.o(.text)
    .text                                    0x00001df8   Section        8  libspace.o(.text)
    .text                                    0x00001e00   Section       62  sys_stackheap_outer.o(.text)
    .text                                    0x00001e3e   Section        0  exit.o(.text)
    .text                                    0x00001e50   Section        0  strcmp.o(.text)
    .text                                    0x00001ed8   Section        0  sys_exit.o(.text)
    i.DAC_Init                               0x00001ee4   Section        0  dac.o(i.DAC_Init)
    i.DAC_Load_Trig                          0x00001f14   Section        0  dac.o(i.DAC_Load_Trig)
    i.I2C_Init                               0x00001f48   Section        0  i2c.o(i.I2C_Init)
    i.I2C_Write                              0x00001fac   Section        0  i2c.o(i.I2C_Write)
    i.Klaw_Init                              0x00001fec   Section        0  klaw.o(i.Klaw_Init)
    i.Klaw_S2_4_Int                          0x00002064   Section        0  klaw.o(i.Klaw_S2_4_Int)
    i.LCD1602_Backlight                      0x000020cc   Section        0  lcd1602.o(i.LCD1602_Backlight)
    i.LCD1602_CheckAddress                   0x000020e0   Section        0  lcd1602.o(i.LCD1602_CheckAddress)
    i.LCD1602_Init                           0x00002114   Section        0  lcd1602.o(i.LCD1602_Init)
    i.LCD1602_Print                          0x00002164   Section        0  lcd1602.o(i.LCD1602_Print)
    i.LCD1602_SetCursor                      0x00002180   Section        0  lcd1602.o(i.LCD1602_SetCursor)
    i.LCD1602_Write4                         0x000021a4   Section        0  lcd1602.o(i.LCD1602_Write4)
    i.LCD1602_Write8                         0x000021f4   Section        0  lcd1602.o(i.LCD1602_Write8)
    i.PCF8574_Write                          0x00002210   Section        0  lcd1602.o(i.PCF8574_Write)
    i.PORTA_IRQHandler                       0x00002238   Section        0  main.o(i.PORTA_IRQHandler)
    i.SysTick_Config                         0x00002314   Section        0  main.o(i.SysTick_Config)
    SysTick_Config                           0x00002315   Thumb Code    44  main.o(i.SysTick_Config)
    i.SysTick_Handler                        0x00002348   Section        0  main.o(i.SysTick_Handler)
    i.SystemInit                             0x000023a0   Section        0  system_mkl05z4.o(i.SystemInit)
    i.TSI0_IRQHandler                        0x000023fc   Section        0  tsi.o(i.TSI0_IRQHandler)
    i.TSI_Init                               0x00002420   Section        0  tsi.o(i.TSI_Init)
    i.TSI_ReadSlider                         0x000024a4   Section        0  tsi.o(i.TSI_ReadSlider)
    i.__ARM_common_ll_muluu                  0x00002528   Section        0  btod.o(i.__ARM_common_ll_muluu)
    i.__ARM_fpclassify                       0x00002558   Section        0  fpclassify.o(i.__ARM_fpclassify)
    i.__NVIC_SetPriority                     0x00002584   Section        0  main.o(i.__NVIC_SetPriority)
    __NVIC_SetPriority                       0x00002585   Thumb Code   110  main.o(i.__NVIC_SetPriority)
    i.__ieee754_rem_pio2                     0x000025fc   Section        0  rred.o(i.__ieee754_rem_pio2)
    i.__kernel_cos                           0x00002998   Section        0  cos_i.o(i.__kernel_cos)
    i.__kernel_poly                          0x00002a8c   Section        0  poly.o(i.__kernel_poly)
    i.__kernel_sin                           0x00002b38   Section        0  sin_i.o(i.__kernel_sin)
    i.__mathlib_dbl_infnan                   0x00002c24   Section        0  dunder.o(i.__mathlib_dbl_infnan)
    i.__mathlib_dbl_invalid                  0x00002c2e   Section        0  dunder.o(i.__mathlib_dbl_invalid)
    i.__mathlib_dbl_underflow                0x00002c40   Section        0  dunder.o(i.__mathlib_dbl_underflow)
    i._is_digit                              0x00002c54   Section        0  __printf_wp.o(i._is_digit)
    i.change_electrode                       0x00002c64   Section        0  tsi.o(i.change_electrode)
    i.i2c_disable                            0x00002cf8   Section        0  i2c.o(i.i2c_disable)
    i.i2c_enable                             0x00002d0c   Section        0  i2c.o(i.i2c_enable)
    i.i2c_m_start                            0x00002d20   Section        0  i2c.o(i.i2c_m_start)
    i.i2c_m_stop                             0x00002d34   Section        0  i2c.o(i.i2c_m_stop)
    i.i2c_send                               0x00002d48   Section        0  i2c.o(i.i2c_send)
    i.i2c_tran                               0x00002d54   Section        0  i2c.o(i.i2c_tran)
    i.i2c_wait                               0x00002d68   Section        0  i2c.o(i.i2c_wait)
    i.main                                   0x00002ddc   Section        0  main.o(i.main)
    i.self_calibration                       0x000030a4   Section        0  tsi.o(i.self_calibration)
    i.sin                                    0x000031a0   Section        0  sin.o(i.sin)
    locale$$code                             0x0000323c   Section       44  lc_numeric_c.o(locale$$code)
    x$fpl$fmul                               0x00003268   Section      176  fmul.o(x$fpl$fmul)
    x$fpl$printf1                            0x00003318   Section       16  printf1.o(x$fpl$printf1)
    .constdata                               0x00003328   Section       17  __printf_flags_wp.o(.constdata)
    maptable                                 0x00003328   Data          17  __printf_flags_wp.o(.constdata)
    .constdata                               0x00003340   Section       48  cos_i.o(.constdata)
    C                                        0x00003340   Data          48  cos_i.o(.constdata)
    .constdata                               0x00003370   Section      200  rred.o(.constdata)
    pio2s                                    0x00003370   Data          48  rred.o(.constdata)
    twooverpi                                0x000033a0   Data         152  rred.o(.constdata)
    .constdata                               0x00003438   Section       40  sin_i.o(.constdata)
    S                                        0x00003438   Data          40  sin_i.o(.constdata)
    .constdata                               0x00003460   Section      148  bigflt0.o(.constdata)
    tenpwrs_x                                0x00003460   Data          60  bigflt0.o(.constdata)
    tenpwrs_i                                0x0000349c   Data          64  bigflt0.o(.constdata)
    .constdata                               0x000034f4   Section      128  ddiv.o(.constdata)
    ddiv_reciptbl                            0x000034f4   Data         128  ddiv.o(.constdata)
    locale$$data                             0x00003594   Section       28  lc_numeric_c.o(locale$$data)
    __lcnum_c_name                           0x00003598   Data           2  lc_numeric_c.o(locale$$data)
    __lcnum_c_start                          0x000035a0   Data           0  lc_numeric_c.o(locale$$data)
    __lcnum_c_point                          0x000035ac   Data           0  lc_numeric_c.o(locale$$data)
    __lcnum_c_thousands                      0x000035ae   Data           0  lc_numeric_c.o(locale$$data)
    __lcnum_c_grouping                       0x000035af   Data           0  lc_numeric_c.o(locale$$data)
    __lcnum_c_end                            0x000035b0   Data           0  lc_numeric_c.o(locale$$data)
    .data                                    0x1ffffc00   Section        4  i2c.o(.data)
    error                                    0x1ffffc00   Data           1  i2c.o(.data)
    timeout                                  0x1ffffc02   Data           2  i2c.o(.data)
    .data                                    0x1ffffc04   Section       74  lcd1602.o(.data)
    lcd_backlight                            0x1ffffc04   Data           1  lcd1602.o(.data)
    pcf_address                              0x1ffffc05   Data           1  lcd1602.o(.data)
    .data                                    0x1ffffc50   Section       28  main.o(.data)
    .data                                    0x1ffffc6c   Section       20  tsi.o(.data)
    elec_array                               0x1ffffc6c   Data           2  tsi.o(.data)
    gu16TSICount                             0x1ffffc6e   Data           4  tsi.o(.data)
    gu16Baseline                             0x1ffffc72   Data           4  tsi.o(.data)
    gu16Threshold                            0x1ffffc76   Data           4  tsi.o(.data)
    gu16Delta                                0x1ffffc7a   Data           4  tsi.o(.data)
    ongoing_elec                             0x1ffffc7e   Data           1  tsi.o(.data)
    end_flag                                 0x1ffffc7f   Data           1  tsi.o(.data)
    .data                                    0x1ffffc80   Section        4  system_mkl05z4.o(.data)
    .bss                                     0x1ffffc84   Section     2048  main.o(.bss)
    .bss                                     0x20000484   Section       96  libspace.o(.bss)
    HEAP                                     0x200004e8   Section        0  startup_mkl05z4.o(HEAP)
    STACK                                    0x200004e8   Section      768  startup_mkl05z4.o(STACK)
    Heap_Mem                                 0x200004e8   Data           0  startup_mkl05z4.o(HEAP)
    Stack_Mem                                0x200004e8   Data         768  startup_mkl05z4.o(STACK)
    __initial_sp                             0x200007e8   Data           0  startup_mkl05z4.o(STACK)

    Global Symbols

    Symbol Name                              Value     Ov Type        Size  Object(Section)

    BuildAttributes$$THM_ISAv3M$S$PE$A:L22$X:L11$S22$IEEE1$IW$USESV6$~STKCKD$USESV7$~SHL$OTIME$ROPI$IEEEX$EBA8$UX$STANDARDLIB$REQ8$PRES8$EABIv2 0x00000000   Number         0  anon$$obj.o ABSOLUTE
    __ARM_use_no_argv                        0x00000000   Number         0  main.o ABSOLUTE
    __Vectors                                0x00000000   Data           4  startup_mkl05z4.o(RESET)
    _printf_flags                            0x00000000   Number         0  printf_stubs.o ABSOLUTE
    _printf_return_value                     0x00000000   Number         0  printf_stubs.o ABSOLUTE
    _printf_sizespec                         0x00000000   Number         0  printf_stubs.o ABSOLUTE
    _printf_widthprec                        0x00000000   Number         0  printf_stubs.o ABSOLUTE
    __ARM_exceptions_init                     - Undefined Weak Reference
    __alloca_initialize                       - Undefined Weak Reference
    __arm_fini_                               - Undefined Weak Reference
    __arm_preinit_                            - Undefined Weak Reference
    __cpp_initialize__aeabi_                  - Undefined Weak Reference
    __cxa_finalize                            - Undefined Weak Reference
    __sigvec_lookup                           - Undefined Weak Reference
    _atexit_init                              - Undefined Weak Reference
    _call_atexit_fns                          - Undefined Weak Reference
    _clock_init                               - Undefined Weak Reference
    _fp_trap_init                             - Undefined Weak Reference
    _fp_trap_shutdown                         - Undefined Weak Reference
    _get_lc_collate                           - Undefined Weak Reference
    _get_lc_ctype                             - Undefined Weak Reference
    _get_lc_monetary                          - Undefined Weak Reference
    _get_lc_time                              - Undefined Weak Reference
    _getenv_init                              - Undefined Weak Reference
    _handle_redirection                       - Undefined Weak Reference
    _init_alloc                               - Undefined Weak Reference
    _init_user_alloc                          - Undefined Weak Reference
    _initio                                   - Undefined Weak Reference
    _printf_truncate_signed                   - Undefined Weak Reference
    _printf_truncate_unsigned                 - Undefined Weak Reference
    _rand_init                                - Undefined Weak Reference
    _signal_finish                            - Undefined Weak Reference
    _signal_init                              - Undefined Weak Reference
    _terminate_alloc                          - Undefined Weak Reference
    _terminate_user_alloc                     - Undefined Weak Reference
    _terminateio                              - Undefined Weak Reference
    __Vectors_End                            0x000000c0   Data           0  startup_mkl05z4.o(RESET)
    __Vectors_Size                           0x000000c0   Number         0  startup_mkl05z4.o ABSOLUTE
    __main                                   0x000000c1   Thumb Code     8  __main.o(!!!main)
    __scatterload                            0x000000c9   Thumb Code     0  __scatter.o(!!!scatter)
    __scatterload_rt2                        0x000000c9   Thumb Code    52  __scatter.o(!!!scatter)
    __scatterload_rt2_thumb_only             0x000000c9   Thumb Code     0  __scatter.o(!!!scatter)
    __scatterload_null                       0x000000d9   Thumb Code     0  __scatter.o(!!!scatter)
    __scatterload_copy                       0x00000105   Thumb Code    26  __scatter_copy.o(!!handler_copy)
    __scatterload_zeroinit                   0x00000121   Thumb Code    28  __scatter_zi.o(!!handler_zi)
    _printf_percent                          0x0000013d   Thumb Code     0  _printf_percent.o(.ARM.Collect$$_printf_percent$$00000000)
    _printf_f                                0x0000013f   Thumb Code     0  _printf_f.o(.ARM.Collect$$_printf_percent$$00000003)
    _printf_d                                0x00000149   Thumb Code     0  _printf_d.o(.ARM.Collect$$_printf_percent$$00000009)
    _printf_percent_end                      0x00000153   Thumb Code     0  _printf_percent_end.o(.ARM.Collect$$_printf_percent$$00000017)
    __rt_lib_init                            0x00000157   Thumb Code     0  libinit.o(.ARM.Collect$$libinit$$00000000)
    __rt_lib_init_fp_1                       0x00000159   Thumb Code     0  libinit2.o(.ARM.Collect$$libinit$$00000002)
    __rt_lib_init_heap_1                     0x00000159   Thumb Code     0  libinit2.o(.ARM.Collect$$libinit$$0000000A)
    __rt_lib_init_lc_common                  0x00000159   Thumb Code     0  libinit2.o(.ARM.Collect$$libinit$$0000000F)
    __rt_lib_init_preinit_1                  0x00000159   Thumb Code     0  libinit2.o(.ARM.Collect$$libinit$$00000004)
    __rt_lib_init_rand_1                     0x00000159   Thumb Code     0  libinit2.o(.ARM.Collect$$libinit$$0000000E)
    __rt_lib_init_user_alloc_1               0x00000159   Thumb Code     0  libinit2.o(.ARM.Collect$$libinit$$0000000C)
    __rt_lib_init_lc_collate_1               0x0000015f   Thumb Code     0  libinit2.o(.ARM.Collect$$libinit$$00000011)
    __rt_lib_init_lc_ctype_1                 0x0000015f   Thumb Code     0  libinit2.o(.ARM.Collect$$libinit$$00000013)
    __rt_lib_init_lc_monetary_1              0x0000015f   Thumb Code     0  libinit2.o(.ARM.Collect$$libinit$$00000015)
    __rt_lib_init_lc_numeric_2               0x0000015f   Thumb Code     0  libinit2.o(.ARM.Collect$$libinit$$00000016)
    __rt_lib_init_alloca_1                   0x00000169   Thumb Code     0  libinit2.o(.ARM.Collect$$libinit$$0000002E)
    __rt_lib_init_argv_1                     0x00000169   Thumb Code     0  libinit2.o(.ARM.Collect$$libinit$$0000002C)
    __rt_lib_init_atexit_1                   0x00000169   Thumb Code     0  libinit2.o(.ARM.Collect$$libinit$$0000001B)
    __rt_lib_init_clock_1                    0x00000169   Thumb Code     0  libinit2.o(.ARM.Collect$$libinit$$00000021)
    __rt_lib_init_cpp_1                      0x00000169   Thumb Code     0  libinit2.o(.ARM.Collect$$libinit$$00000032)
    __rt_lib_init_exceptions_1               0x00000169   Thumb Code     0  libinit2.o(.ARM.Collect$$libinit$$00000030)
    __rt_lib_init_fp_trap_1                  0x00000169   Thumb Code     0  libinit2.o(.ARM.Collect$$libinit$$0000001F)
    __rt_lib_init_getenv_1                   0x00000169   Thumb Code     0  libinit2.o(.ARM.Collect$$libinit$$00000023)
    __rt_lib_init_lc_numeric_1               0x00000169   Thumb Code     0  libinit2.o(.ARM.Collect$$libinit$$00000017)
    __rt_lib_init_lc_time_1                  0x00000169   Thumb Code     0  libinit2.o(.ARM.Collect$$libinit$$00000019)
    __rt_lib_init_return                     0x00000169   Thumb Code     0  libinit2.o(.ARM.Collect$$libinit$$00000033)
    __rt_lib_init_signal_1                   0x00000169   Thumb Code     0  libinit2.o(.ARM.Collect$$libinit$$0000001D)
    __rt_lib_init_stdio_1                    0x00000169   Thumb Code     0  libinit2.o(.ARM.Collect$$libinit$$00000025)
    __rt_lib_shutdown                        0x0000016b   Thumb Code     0  libshutdown.o(.ARM.Collect$$libshutdown$$00000000)
    __rt_lib_shutdown_cpp_1                  0x0000016d   Thumb Code     0  libshutdown2.o(.ARM.Collect$$libshutdown$$00000004)
    __rt_lib_shutdown_fini_1                 0x0000016d   Thumb Code     0  libshutdown2.o(.ARM.Collect$$libshutdown$$00000002)
    __rt_lib_shutdown_fp_trap_1              0x0000016d   Thumb Code     0  libshutdown2.o(.ARM.Collect$$libshutdown$$00000009)
    __rt_lib_shutdown_heap_1                 0x0000016d   Thumb Code     0  libshutdown2.o(.ARM.Collect$$libshutdown$$00000011)
    __rt_lib_shutdown_return                 0x0000016d   Thumb Code     0  libshutdown2.o(.ARM.Collect$$libshutdown$$00000012)
    __rt_lib_shutdown_signal_1               0x0000016d   Thumb Code     0  libshutdown2.o(.ARM.Collect$$libshutdown$$0000000C)
    __rt_lib_shutdown_stdio_1                0x0000016d   Thumb Code     0  libshutdown2.o(.ARM.Collect$$libshutdown$$00000006)
    __rt_lib_shutdown_user_alloc_1           0x0000016d   Thumb Code     0  libshutdown2.o(.ARM.Collect$$libshutdown$$0000000E)
    __rt_entry                               0x0000016f   Thumb Code     0  __rtentry.o(.ARM.Collect$$rtentry$$00000000)
    __rt_entry_presh_1                       0x0000016f   Thumb Code     0  __rtentry2.o(.ARM.Collect$$rtentry$$00000002)
    __rt_entry_sh                            0x0000016f   Thumb Code     0  __rtentry4.o(.ARM.Collect$$rtentry$$00000004)
    __rt_entry_li                            0x00000175   Thumb Code     0  __rtentry2.o(.ARM.Collect$$rtentry$$0000000A)
    __rt_entry_postsh_1                      0x00000175   Thumb Code     0  __rtentry2.o(.ARM.Collect$$rtentry$$00000009)
    __rt_entry_main                          0x00000179   Thumb Code     0  __rtentry2.o(.ARM.Collect$$rtentry$$0000000D)
    __rt_entry_postli_1                      0x00000179   Thumb Code     0  __rtentry2.o(.ARM.Collect$$rtentry$$0000000C)
    __rt_exit                                0x00000181   Thumb Code     0  rtexit.o(.ARM.Collect$$rtexit$$00000000)
    __rt_exit_ls                             0x00000183   Thumb Code     0  rtexit2.o(.ARM.Collect$$rtexit$$00000003)
    __rt_exit_prels_1                        0x00000183   Thumb Code     0  rtexit2.o(.ARM.Collect$$rtexit$$00000002)
    __rt_exit_exit                           0x00000187   Thumb Code     0  rtexit2.o(.ARM.Collect$$rtexit$$00000004)
    __aeabi_memcpy4                          0x0000018d   Thumb Code    56  rt_memcpy.o(.emb_text)
    __aeabi_memcpy8                          0x0000018d   Thumb Code     0  rt_memcpy.o(.emb_text)
    Reset_Handler                            0x000001c5   Thumb Code     8  startup_mkl05z4.o(.text)
    NMI_Handler                              0x000001cd   Thumb Code     2  startup_mkl05z4.o(.text)
    HardFault_Handler                        0x000001cf   Thumb Code     2  startup_mkl05z4.o(.text)
    SVC_Handler                              0x000001d1   Thumb Code     2  startup_mkl05z4.o(.text)
    PendSV_Handler                           0x000001d3   Thumb Code     2  startup_mkl05z4.o(.text)
    ADC0_IRQHandler                          0x000001d7   Thumb Code     0  startup_mkl05z4.o(.text)
    CMP0_IRQHandler                          0x000001d7   Thumb Code     0  startup_mkl05z4.o(.text)
    DAC0_IRQHandler                          0x000001d7   Thumb Code     0  startup_mkl05z4.o(.text)
    DMA0_IRQHandler                          0x000001d7   Thumb Code     0  startup_mkl05z4.o(.text)
    DMA1_IRQHandler                          0x000001d7   Thumb Code     0  startup_mkl05z4.o(.text)
    DMA2_IRQHandler                          0x000001d7   Thumb Code     0  startup_mkl05z4.o(.text)
    DMA3_IRQHandler                          0x000001d7   Thumb Code     0  startup_mkl05z4.o(.text)
    DefaultISR                               0x000001d7   Thumb Code     0  startup_mkl05z4.o(.text)
    FTFA_IRQHandler                          0x000001d7   Thumb Code     0  startup_mkl05z4.o(.text)
    I2C0_IRQHandler                          0x000001d7   Thumb Code     0  startup_mkl05z4.o(.text)
    LLW_IRQHandler                           0x000001d7   Thumb Code     0  startup_mkl05z4.o(.text)
    LPTimer_IRQHandler                       0x000001d7   Thumb Code     0  startup_mkl05z4.o(.text)
    LVD_LVW_IRQHandler                       0x000001d7   Thumb Code     0  startup_mkl05z4.o(.text)
    MCG_IRQHandler                           0x000001d7   Thumb Code     0  startup_mkl05z4.o(.text)
    PIT_IRQHandler                           0x000001d7   Thumb Code     0  startup_mkl05z4.o(.text)
    PORTB_IRQHandler                         0x000001d7   Thumb Code     0  startup_mkl05z4.o(.text)
    RTC_IRQHandler                           0x000001d7   Thumb Code     0  startup_mkl05z4.o(.text)
    RTC_Seconds_IRQHandler                   0x000001d7   Thumb Code     0  startup_mkl05z4.o(.text)
    Reserved20_IRQHandler                    0x000001d7   Thumb Code     0  startup_mkl05z4.o(.text)
    Reserved25_IRQHandler                    0x000001d7   Thumb Code     0  startup_mkl05z4.o(.text)
    Reserved27_IRQHandler                    0x000001d7   Thumb Code     0  startup_mkl05z4.o(.text)
    Reserved29_IRQHandler                    0x000001d7   Thumb Code     0  startup_mkl05z4.o(.text)
    Reserved30_IRQHandler                    0x000001d7   Thumb Code     0  startup_mkl05z4.o(.text)
    Reserved35_IRQHandler                    0x000001d7   Thumb Code     0  startup_mkl05z4.o(.text)
    Reserved39_IRQHandler                    0x000001d7   Thumb Code     0  startup_mkl05z4.o(.text)
    Reserved40_IRQHandler                    0x000001d7   Thumb Code     0  startup_mkl05z4.o(.text)
    Reserved45_IRQHandler                    0x000001d7   Thumb Code     0  startup_mkl05z4.o(.text)
    SPI0_IRQHandler                          0x000001d7   Thumb Code     0  startup_mkl05z4.o(.text)
    TPM0_IRQHandler                          0x000001d7   Thumb Code     0  startup_mkl05z4.o(.text)
    TPM1_IRQHandler                          0x000001d7   Thumb Code     0  startup_mkl05z4.o(.text)
    UART0_IRQHandler                         0x000001d7   Thumb Code     0  startup_mkl05z4.o(.text)
    __user_initial_stackheap                 0x000001d9   Thumb Code     0  startup_mkl05z4.o(.text)
    __2sprintf                               0x000001f9   Thumb Code    36  noretval__2sprintf.o(.text)
    _printf_pre_padding                      0x00000221   Thumb Code    44  _printf_pad.o(.text)
    _printf_post_padding                     0x0000024d   Thumb Code    34  _printf_pad.o(.text)
    _printf_int_dec                          0x00000271   Thumb Code    90  _printf_dec.o(.text)
    __use_two_region_memory                  0x000002dd   Thumb Code     2  heapauxi.o(.text)
    __rt_heap_escrow$2region                 0x000002df   Thumb Code     2  heapauxi.o(.text)
    __rt_heap_expand$2region                 0x000002e1   Thumb Code     2  heapauxi.o(.text)
    __aeabi_d2iz                             0x000002e5   Thumb Code     0  dfixi.o(.text)
    _dfix                                    0x000002e5   Thumb Code    98  dfixi.o(.text)
    __aeabi_i2d_normalise                    0x00000351   Thumb Code    66  dflti.o(.text)
    __aeabi_i2d                              0x00000393   Thumb Code    16  dflti.o(.text)
    _dflt                                    0x00000393   Thumb Code     0  dflti.o(.text)
    __aeabi_ui2d                             0x000003a3   Thumb Code     6  dflti.o(.text)
    _dfltu                                   0x000003a3   Thumb Code     0  dflti.o(.text)
    __aeabi_f2d                              0x000003a9   Thumb Code     0  f2d.o(.text)
    _f2d                                     0x000003a9   Thumb Code    80  f2d.o(.text)
    __I$use$semihosting                      0x000003fd   Thumb Code     0  use_no_semi.o(.text)
    __use_no_semihosting_swi                 0x000003fd   Thumb Code     2  use_no_semi.o(.text)
    __I$use$fp                               0x000003fe   Number         0  usenofp.o(x$fpl$usenofp)
    __semihosting_library_function           0x000003ff   Thumb Code     0  indicate_semi.o(.text)
    __printf                                 0x00000411   Thumb Code   306  __printf_flags_wp.o(.text)
    __aeabi_uidiv                            0x00000549   Thumb Code     0  aeabi_sdiv.o(.text)
    __aeabi_uidivmod                         0x00000549   Thumb Code    20  aeabi_sdiv.o(.text)
    __aeabi_idiv                             0x0000055d   Thumb Code     0  aeabi_sdiv.o(.text)
    __aeabi_idivmod                          0x0000055d   Thumb Code   326  aeabi_sdiv.o(.text)
    __aeabi_dmul                             0x000006a5   Thumb Code     0  dmul.o(.text)
    _dmul                                    0x000006a5   Thumb Code   558  dmul.o(.text)
    __aeabi_i2f_normalise                    0x000008ed   Thumb Code    72  fflti.o(.text)
    __aeabi_i2f                              0x00000935   Thumb Code    16  fflti.o(.text)
    _fflt                                    0x00000935   Thumb Code     0  fflti.o(.text)
    __aeabi_ui2f                             0x00000945   Thumb Code     6  fflti.o(.text)
    _ffltu                                   0x00000945   Thumb Code     0  fflti.o(.text)
    __read_errno                             0x0000094b   Thumb Code    10  _rserrno.o(.text)
    __set_errno                              0x00000955   Thumb Code    12  _rserrno.o(.text)
    _printf_int_common                       0x00000961   Thumb Code   176  _printf_intcommon.o(.text)
    __lib_sel_fp_printf                      0x00000a11   Thumb Code     2  _printf_fp_dec.o(.text)
    _printf_fp_dec_real                      0x00000baf   Thumb Code   620  _printf_fp_dec.o(.text)
    _printf_char_common                      0x00000e33   Thumb Code    32  _printf_char_common.o(.text)
    _sputc                                   0x00000e59   Thumb Code    10  _sputc.o(.text)
    __rt_udiv10                              0x00000e63   Thumb Code    40  rtudiv10.o(.text)
    __rt_locale                              0x00000e8d   Thumb Code     8  rt_locale_intlibspace.o(.text)
    __aeabi_errno_addr                       0x00000e95   Thumb Code     8  rt_errno_addr_intlibspace.o(.text)
    __errno$intlibspace                      0x00000e95   Thumb Code     0  rt_errno_addr_intlibspace.o(.text)
    __rt_errno_addr$intlibspace              0x00000e95   Thumb Code     0  rt_errno_addr_intlibspace.o(.text)
    _ll_udiv10                               0x00000e9d   Thumb Code   122  lludiv10.o(.text)
    _printf_fp_infnan                        0x00000f19   Thumb Code   120  _printf_fp_infnan.o(.text)
    _btod_etento                             0x00000fa1   Thumb Code   210  bigflt0.o(.text)
    _btod_d2e                                0x00001079   Thumb Code    64  btod.o(.text)
    _btod_emul                               0x000014ad   Thumb Code    28  btod.o(.text)
    _btod_emuld                              0x000014c9   Thumb Code   144  btod.o(.text)
    _btod_ediv                               0x00001559   Thumb Code    26  btod.o(.text)
    _btod_edivd                              0x00001573   Thumb Code   124  btod.o(.text)
    __aeabi_dadd                             0x000018f1   Thumb Code     0  daddsub.o(.text)
    _dadd                                    0x000018f1   Thumb Code    26  daddsub.o(.text)
    __aeabi_dsub                             0x0000190b   Thumb Code     0  daddsub.o(.text)
    _dsub                                    0x0000190b   Thumb Code    22  daddsub.o(.text)
    __aeabi_drsub                            0x00001921   Thumb Code     0  daddsub.o(.text)
    _drsb                                    0x00001921   Thumb Code    28  daddsub.o(.text)
    __aeabi_ddiv                             0x00001951   Thumb Code     0  ddiv.o(.text)
    _ddiv                                    0x00001951   Thumb Code  1072  ddiv.o(.text)
    _drdiv                                   0x00001d81   Thumb Code    20  ddiv.o(.text)
    __ARM_scalbn                             0x00001d99   Thumb Code    84  dscalbn.o(.text)
    __user_libspace                          0x00001df9   Thumb Code     8  libspace.o(.text)
    __user_perproc_libspace                  0x00001df9   Thumb Code     0  libspace.o(.text)
    __user_perthread_libspace                0x00001df9   Thumb Code     0  libspace.o(.text)
    __user_setup_stackheap                   0x00001e01   Thumb Code    62  sys_stackheap_outer.o(.text)
    exit                                     0x00001e3f   Thumb Code    16  exit.o(.text)
    strcmp                                   0x00001e51   Thumb Code   132  strcmp.o(.text)
    _sys_exit                                0x00001ed9   Thumb Code     8  sys_exit.o(.text)
    DAC_Init                                 0x00001ee5   Thumb Code    40  dac.o(i.DAC_Init)
    DAC_Load_Trig                            0x00001f15   Thumb Code    42  dac.o(i.DAC_Load_Trig)
    I2C_Init                                 0x00001f49   Thumb Code    86  i2c.o(i.I2C_Init)
    I2C_Write                                0x00001fad   Thumb Code    60  i2c.o(i.I2C_Write)
    Klaw_Init                                0x00001fed   Thumb Code   112  klaw.o(i.Klaw_Init)
    Klaw_S2_4_Int                            0x00002065   Thumb Code    92  klaw.o(i.Klaw_S2_4_Int)
    LCD1602_Backlight                        0x000020cd   Thumb Code    16  lcd1602.o(i.LCD1602_Backlight)
    LCD1602_CheckAddress                     0x000020e1   Thumb Code    48  lcd1602.o(i.LCD1602_CheckAddress)
    LCD1602_Init                             0x00002115   Thumb Code    74  lcd1602.o(i.LCD1602_Init)
    LCD1602_Print                            0x00002165   Thumb Code    28  lcd1602.o(i.LCD1602_Print)
    LCD1602_SetCursor                        0x00002181   Thumb Code    36  lcd1602.o(i.LCD1602_SetCursor)
    LCD1602_Write4                           0x000021a5   Thumb Code    74  lcd1602.o(i.LCD1602_Write4)
    LCD1602_Write8                           0x000021f5   Thumb Code    28  lcd1602.o(i.LCD1602_Write8)
    PCF8574_Write                            0x00002211   Thumb Code    32  lcd1602.o(i.PCF8574_Write)
    PORTA_IRQHandler                         0x00002239   Thumb Code   196  main.o(i.PORTA_IRQHandler)
    SysTick_Handler                          0x00002349   Thumb Code    68  main.o(i.SysTick_Handler)
    SystemInit                               0x000023a1   Thumb Code    78  system_mkl05z4.o(i.SystemInit)
    TSI0_IRQHandler                          0x000023fd   Thumb Code    26  tsi.o(i.TSI0_IRQHandler)
    TSI_Init                                 0x00002421   Thumb Code   104  tsi.o(i.TSI_Init)
    TSI_ReadSlider                           0x000024a5   Thumb Code   120  tsi.o(i.TSI_ReadSlider)
    __ARM_common_ll_muluu                    0x00002529   Thumb Code    48  btod.o(i.__ARM_common_ll_muluu)
    __ARM_fpclassify                         0x00002559   Thumb Code    40  fpclassify.o(i.__ARM_fpclassify)
    __ieee754_rem_pio2                       0x000025fd   Thumb Code   838  rred.o(i.__ieee754_rem_pio2)
    __kernel_cos                             0x00002999   Thumb Code   224  cos_i.o(i.__kernel_cos)
    __kernel_poly                            0x00002a8d   Thumb Code   172  poly.o(i.__kernel_poly)
    __kernel_sin                             0x00002b39   Thumb Code   222  sin_i.o(i.__kernel_sin)
    __mathlib_dbl_infnan                     0x00002c25   Thumb Code    10  dunder.o(i.__mathlib_dbl_infnan)
    __mathlib_dbl_invalid                    0x00002c2f   Thumb Code    16  dunder.o(i.__mathlib_dbl_invalid)
    __mathlib_dbl_underflow                  0x00002c41   Thumb Code    14  dunder.o(i.__mathlib_dbl_underflow)
    _is_digit                                0x00002c55   Thumb Code    14  __printf_wp.o(i._is_digit)
    change_electrode                         0x00002c65   Thumb Code   122  tsi.o(i.change_electrode)
    i2c_disable                              0x00002cf9   Thumb Code    14  i2c.o(i.i2c_disable)
    i2c_enable                               0x00002d0d   Thumb Code    14  i2c.o(i.i2c_enable)
    i2c_m_start                              0x00002d21   Thumb Code    14  i2c.o(i.i2c_m_start)
    i2c_m_stop                               0x00002d35   Thumb Code    14  i2c.o(i.i2c_m_stop)
    i2c_send                                 0x00002d49   Thumb Code     6  i2c.o(i.i2c_send)
    i2c_tran                                 0x00002d55   Thumb Code    14  i2c.o(i.i2c_tran)
    i2c_wait                                 0x00002d69   Thumb Code   100  i2c.o(i.i2c_wait)
    main                                     0x00002ddd   Thumb Code   578  main.o(i.main)
    self_calibration                         0x000030a5   Thumb Code   240  tsi.o(i.self_calibration)
    sin                                      0x000031a1   Thumb Code   146  sin.o(i.sin)
    _get_lc_numeric                          0x0000323d   Thumb Code    44  lc_numeric_c.o(locale$$code)
    __aeabi_fmul                             0x00003269   Thumb Code     0  fmul.o(x$fpl$fmul)
    _fmul                                    0x00003269   Thumb Code   172  fmul.o(x$fpl$fmul)
    _printf_fp_dec                           0x00003319   Thumb Code    16  printf1.o(x$fpl$printf1)
    Region$$Table$$Base                      0x00003574   Number         0  anon$$obj.o(Region$$Table)
    Region$$Table$$Limit                     0x00003594   Number         0  anon$$obj.o(Region$$Table)
    PL_CH_a_                                 0x1ffffc06   Data           8  lcd1602.o(.data)
    PL_CH_c_                                 0x1ffffc0e   Data           8  lcd1602.o(.data)
    PL_CH_e_                                 0x1ffffc16   Data           8  lcd1602.o(.data)
    PL_CH_l_                                 0x1ffffc1e   Data           8  lcd1602.o(.data)
    PL_CH_n_                                 0x1ffffc26   Data           8  lcd1602.o(.data)
    PL_CH_o_                                 0x1ffffc2e   Data           8  lcd1602.o(.data)
    PL_CH_s_                                 0x1ffffc36   Data           8  lcd1602.o(.data)
    PL_CH_z_                                 0x1ffffc3e   Data           8  lcd1602.o(.data)
    PL_CH_z__                                0x1ffffc46   Data           8  lcd1602.o(.data)
    S2_press                                 0x1ffffc50   Data           1  main.o(.data)
    S3_press                                 0x1ffffc51   Data           1  main.o(.data)
    S4_press                                 0x1ffffc52   Data           1  main.o(.data)
    wynik                                    0x1ffffc54   Data           4  main.o(.data)
    volt_coeff                               0x1ffffc58   Data           4  main.o(.data)
    on_off                                   0x1ffffc5c   Data           1  main.o(.data)
    temp                                     0x1ffffc5e   Data           2  main.o(.data)
    slider                                   0x1ffffc60   Data           2  main.o(.data)
    dac                                      0x1ffffc62   Data           2  main.o(.data)
    faza                                     0x1ffffc64   Data           2  main.o(.data)
    mod                                      0x1ffffc66   Data           2  main.o(.data)
    freq                                     0x1ffffc68   Data           2  main.o(.data)
    df                                       0x1ffffc6a   Data           2  main.o(.data)
    SystemCoreClock                          0x1ffffc80   Data           4  system_mkl05z4.o(.data)
    Sinus                                    0x1ffffc84   Data        2048  main.o(.bss)
    __libspace_start                         0x20000484   Data          96  libspace.o(.bss)
    __temporary_stack_top$libspace           0x200004e4   Data           0  libspace.o(.bss)



==============================================================================

Memory Map of the image

  Image Entry point : 0x000000c1

  Load Region LR_IROM1 (Base: 0x00000000, Size: 0x00003634, Max: 0x00008000, ABSOLUTE)

    Execution Region ER_IROM1 (Exec base: 0x00000000, Load base: 0x00000000, Size: 0x000035b0, Max: 0x00008000, ABSOLUTE)

    Exec Addr    Load Addr    Size         Type   Attr      Idx    E Section Name        Object

    0x00000000   0x00000000   0x000000c0   Data   RO          435    RESET               startup_mkl05z4.o
    0x000000c0   0x000000c0   0x00000008   Code   RO          522  * !!!main             c_p.l(__main.o)
    0x000000c8   0x000000c8   0x0000003c   Code   RO          800    !!!scatter          c_p.l(__scatter.o)
    0x00000104   0x00000104   0x0000001a   Code   RO          802    !!handler_copy      c_p.l(__scatter_copy.o)
    0x0000011e   0x0000011e   0x00000002   PAD
    0x00000120   0x00000120   0x0000001c   Code   RO          804    !!handler_zi        c_p.l(__scatter_zi.o)
    0x0000013c   0x0000013c   0x00000002   Code   RO          511    .ARM.Collect$$_printf_percent$$00000000  c_p.l(_printf_percent.o)
    0x0000013e   0x0000013e   0x0000000a   Code   RO          510    .ARM.Collect$$_printf_percent$$00000003  c_p.l(_printf_f.o)
    0x00000148   0x00000148   0x0000000a   Code   RO          509    .ARM.Collect$$_printf_percent$$00000009  c_p.l(_printf_d.o)
    0x00000152   0x00000152   0x00000004   Code   RO          561    .ARM.Collect$$_printf_percent$$00000017  c_p.l(_printf_percent_end.o)
    0x00000156   0x00000156   0x00000002   Code   RO          671    .ARM.Collect$$libinit$$00000000  c_p.l(libinit.o)
    0x00000158   0x00000158   0x00000000   Code   RO          673    .ARM.Collect$$libinit$$00000002  c_p.l(libinit2.o)
    0x00000158   0x00000158   0x00000000   Code   RO          675    .ARM.Collect$$libinit$$00000004  c_p.l(libinit2.o)
    0x00000158   0x00000158   0x00000000   Code   RO          678    .ARM.Collect$$libinit$$0000000A  c_p.l(libinit2.o)
    0x00000158   0x00000158   0x00000000   Code   RO          680    .ARM.Collect$$libinit$$0000000C  c_p.l(libinit2.o)
    0x00000158   0x00000158   0x00000000   Code   RO          682    .ARM.Collect$$libinit$$0000000E  c_p.l(libinit2.o)
    0x00000158   0x00000158   0x00000006   Code   RO          683    .ARM.Collect$$libinit$$0000000F  c_p.l(libinit2.o)
    0x0000015e   0x0000015e   0x00000000   Code   RO          685    .ARM.Collect$$libinit$$00000011  c_p.l(libinit2.o)
    0x0000015e   0x0000015e   0x00000000   Code   RO          687    .ARM.Collect$$libinit$$00000013  c_p.l(libinit2.o)
    0x0000015e   0x0000015e   0x00000000   Code   RO          689    .ARM.Collect$$libinit$$00000015  c_p.l(libinit2.o)
    0x0000015e   0x0000015e   0x0000000a   Code   RO          690    .ARM.Collect$$libinit$$00000016  c_p.l(libinit2.o)
    0x00000168   0x00000168   0x00000000   Code   RO          691    .ARM.Collect$$libinit$$00000017  c_p.l(libinit2.o)
    0x00000168   0x00000168   0x00000000   Code   RO          693    .ARM.Collect$$libinit$$00000019  c_p.l(libinit2.o)
    0x00000168   0x00000168   0x00000000   Code   RO          695    .ARM.Collect$$libinit$$0000001B  c_p.l(libinit2.o)
    0x00000168   0x00000168   0x00000000   Code   RO          697    .ARM.Collect$$libinit$$0000001D  c_p.l(libinit2.o)
    0x00000168   0x00000168   0x00000000   Code   RO          699    .ARM.Collect$$libinit$$0000001F  c_p.l(libinit2.o)
    0x00000168   0x00000168   0x00000000   Code   RO          701    .ARM.Collect$$libinit$$00000021  c_p.l(libinit2.o)
    0x00000168   0x00000168   0x00000000   Code   RO          703    .ARM.Collect$$libinit$$00000023  c_p.l(libinit2.o)
    0x00000168   0x00000168   0x00000000   Code   RO          705    .ARM.Collect$$libinit$$00000025  c_p.l(libinit2.o)
    0x00000168   0x00000168   0x00000000   Code   RO          709    .ARM.Collect$$libinit$$0000002C  c_p.l(libinit2.o)
    0x00000168   0x00000168   0x00000000   Code   RO          711    .ARM.Collect$$libinit$$0000002E  c_p.l(libinit2.o)
    0x00000168   0x00000168   0x00000000   Code   RO          713    .ARM.Collect$$libinit$$00000030  c_p.l(libinit2.o)
    0x00000168   0x00000168   0x00000000   Code   RO          715    .ARM.Collect$$libinit$$00000032  c_p.l(libinit2.o)
    0x00000168   0x00000168   0x00000002   Code   RO          716    .ARM.Collect$$libinit$$00000033  c_p.l(libinit2.o)
    0x0000016a   0x0000016a   0x00000002   Code   RO          764    .ARM.Collect$$libshutdown$$00000000  c_p.l(libshutdown.o)
    0x0000016c   0x0000016c   0x00000000   Code   RO          782    .ARM.Collect$$libshutdown$$00000002  c_p.l(libshutdown2.o)
    0x0000016c   0x0000016c   0x00000000   Code   RO          784    .ARM.Collect$$libshutdown$$00000004  c_p.l(libshutdown2.o)
    0x0000016c   0x0000016c   0x00000000   Code   RO          786    .ARM.Collect$$libshutdown$$00000006  c_p.l(libshutdown2.o)
    0x0000016c   0x0000016c   0x00000000   Code   RO          789    .ARM.Collect$$libshutdown$$00000009  c_p.l(libshutdown2.o)
    0x0000016c   0x0000016c   0x00000000   Code   RO          792    .ARM.Collect$$libshutdown$$0000000C  c_p.l(libshutdown2.o)
    0x0000016c   0x0000016c   0x00000000   Code   RO          794    .ARM.Collect$$libshutdown$$0000000E  c_p.l(libshutdown2.o)
    0x0000016c   0x0000016c   0x00000000   Code   RO          797    .ARM.Collect$$libshutdown$$00000011  c_p.l(libshutdown2.o)
    0x0000016c   0x0000016c   0x00000002   Code   RO          798    .ARM.Collect$$libshutdown$$00000012  c_p.l(libshutdown2.o)
    0x0000016e   0x0000016e   0x00000000   Code   RO          546    .ARM.Collect$$rtentry$$00000000  c_p.l(__rtentry.o)
    0x0000016e   0x0000016e   0x00000000   Code   RO          596    .ARM.Collect$$rtentry$$00000002  c_p.l(__rtentry2.o)
    0x0000016e   0x0000016e   0x00000006   Code   RO          608    .ARM.Collect$$rtentry$$00000004  c_p.l(__rtentry4.o)
    0x00000174   0x00000174   0x00000000   Code   RO          598    .ARM.Collect$$rtentry$$00000009  c_p.l(__rtentry2.o)
    0x00000174   0x00000174   0x00000004   Code   RO          599    .ARM.Collect$$rtentry$$0000000A  c_p.l(__rtentry2.o)
    0x00000178   0x00000178   0x00000000   Code   RO          601    .ARM.Collect$$rtentry$$0000000C  c_p.l(__rtentry2.o)
    0x00000178   0x00000178   0x00000008   Code   RO          602    .ARM.Collect$$rtentry$$0000000D  c_p.l(__rtentry2.o)
    0x00000180   0x00000180   0x00000002   Code   RO          718    .ARM.Collect$$rtexit$$00000000  c_p.l(rtexit.o)
    0x00000182   0x00000182   0x00000000   Code   RO          733    .ARM.Collect$$rtexit$$00000002  c_p.l(rtexit2.o)
    0x00000182   0x00000182   0x00000004   Code   RO          734    .ARM.Collect$$rtexit$$00000003  c_p.l(rtexit2.o)
    0x00000186   0x00000186   0x00000006   Code   RO          735    .ARM.Collect$$rtexit$$00000004  c_p.l(rtexit2.o)
    0x0000018c   0x0000018c   0x00000038   Code   RO          512    .emb_text           c_p.l(rt_memcpy.o)
    0x000001c4   0x000001c4   0x00000034   Code   RO          437    .text               startup_mkl05z4.o
    0x000001f8   0x000001f8   0x00000028   Code   RO          481    .text               c_p.l(noretval__2sprintf.o)
    0x00000220   0x00000220   0x0000004e   Code   RO          485    .text               c_p.l(_printf_pad.o)
    0x0000026e   0x0000026e   0x00000002   PAD
    0x00000270   0x00000270   0x0000006c   Code   RO          487    .text               c_p.l(_printf_dec.o)
    0x000002dc   0x000002dc   0x00000006   Code   RO          520    .text               c_p.l(heapauxi.o)
    0x000002e2   0x000002e2   0x00000002   PAD
    0x000002e4   0x000002e4   0x0000006c   Code   RO          524    .text               fz_ps.l(dfixi.o)
    0x00000350   0x00000350   0x00000058   Code   RO          526    .text               fz_ps.l(dflti.o)
    0x000003a8   0x000003a8   0x00000054   Code   RO          530    .text               fz_ps.l(f2d.o)
    0x000003fc   0x000003fc   0x00000002   Code   RO          751    .text               c_p.l(use_no_semi.o)
    0x000003fe   0x000003fe   0x00000000   Code   RO          753    .text               c_p.l(indicate_semi.o)
    0x000003fe   0x000003fe   0x00000000   Code   RO          564    x$fpl$usenofp       fz_ps.l(usenofp.o)
    0x000003fe   0x000003fe   0x00000002   PAD
    0x00000400   0x00000400   0x00000010   Code   RO          436    .ARM.__at_0x400     startup_mkl05z4.o
    0x00000410   0x00000410   0x00000138   Code   RO          501    .text               c_p.l(__printf_flags_wp.o)
    0x00000548   0x00000548   0x0000015a   Code   RO          516    .text               c_p.l(aeabi_sdiv.o)
    0x000006a2   0x000006a2   0x00000002   PAD
    0x000006a4   0x000006a4   0x00000248   Code   RO          528    .text               fz_ps.l(dmul.o)
    0x000008ec   0x000008ec   0x0000005e   Code   RO          532    .text               fz_ps.l(fflti.o)
    0x0000094a   0x0000094a   0x00000016   Code   RO          551    .text               c_p.l(_rserrno.o)
    0x00000960   0x00000960   0x000000b0   Code   RO          553    .text               c_p.l(_printf_intcommon.o)
    0x00000a10   0x00000a10   0x00000418   Code   RO          555    .text               c_p.l(_printf_fp_dec.o)
    0x00000e28   0x00000e28   0x00000030   Code   RO          557    .text               c_p.l(_printf_char_common.o)
    0x00000e58   0x00000e58   0x0000000a   Code   RO          559    .text               c_p.l(_sputc.o)
    0x00000e62   0x00000e62   0x00000028   Code   RO          562    .text               c_p.l(rtudiv10.o)
    0x00000e8a   0x00000e8a   0x00000002   PAD
    0x00000e8c   0x00000e8c   0x00000008   Code   RO          615    .text               c_p.l(rt_locale_intlibspace.o)
    0x00000e94   0x00000e94   0x00000008   Code   RO          620    .text               c_p.l(rt_errno_addr_intlibspace.o)
    0x00000e9c   0x00000e9c   0x0000007a   Code   RO          622    .text               c_p.l(lludiv10.o)
    0x00000f16   0x00000f16   0x00000002   PAD
    0x00000f18   0x00000f18   0x00000088   Code   RO          624    .text               c_p.l(_printf_fp_infnan.o)
    0x00000fa0   0x00000fa0   0x000000d8   Code   RO          628    .text               c_p.l(bigflt0.o)
    0x00001078   0x00001078   0x00000580   Code   RO          631    .text               c_p.l(btod.o)
    0x000015f8   0x000015f8   0x00000358   Code   RO          639    .text               fz_ps.l(daddsub.o)
    0x00001950   0x00001950   0x00000448   Code   RO          641    .text               fz_ps.l(ddiv.o)
    0x00001d98   0x00001d98   0x00000060   Code   RO          644    .text               fz_ps.l(dscalbn.o)
    0x00001df8   0x00001df8   0x00000008   Code   RO          652    .text               c_p.l(libspace.o)
    0x00001e00   0x00001e00   0x0000003e   Code   RO          655    .text               c_p.l(sys_stackheap_outer.o)
    0x00001e3e   0x00001e3e   0x00000010   Code   RO          658    .text               c_p.l(exit.o)
    0x00001e4e   0x00001e4e   0x00000002   PAD
    0x00001e50   0x00001e50   0x00000088   Code   RO          664    .text               c_p.l(strcmp.o)
    0x00001ed8   0x00001ed8   0x0000000c   Code   RO          730    .text               c_p.l(sys_exit.o)
    0x00001ee4   0x00001ee4   0x00000030   Code   RO            3    i.DAC_Init          dac.o
    0x00001f14   0x00001f14   0x00000034   Code   RO            4    i.DAC_Load_Trig     dac.o
    0x00001f48   0x00001f48   0x00000064   Code   RO           57    i.I2C_Init          i2c.o
    0x00001fac   0x00001fac   0x00000040   Code   RO           59    i.I2C_Write         i2c.o
    0x00001fec   0x00001fec   0x00000078   Code   RO          169    i.Klaw_Init         klaw.o
    0x00002064   0x00002064   0x00000068   Code   RO          170    i.Klaw_S2_4_Int     klaw.o
    0x000020cc   0x000020cc   0x00000014   Code   RO          202    i.LCD1602_Backlight  lcd1602.o
    0x000020e0   0x000020e0   0x00000034   Code   RO          206    i.LCD1602_CheckAddress  lcd1602.o
    0x00002114   0x00002114   0x00000050   Code   RO          208    i.LCD1602_Init      lcd1602.o
    0x00002164   0x00002164   0x0000001c   Code   RO          210    i.LCD1602_Print     lcd1602.o
    0x00002180   0x00002180   0x00000024   Code   RO          213    i.LCD1602_SetCursor  lcd1602.o
    0x000021a4   0x000021a4   0x00000050   Code   RO          214    i.LCD1602_Write4    lcd1602.o
    0x000021f4   0x000021f4   0x0000001c   Code   RO          215    i.LCD1602_Write8    lcd1602.o
    0x00002210   0x00002210   0x00000028   Code   RO          216    i.PCF8574_Write     lcd1602.o
    0x00002238   0x00002238   0x000000dc   Code   RO          323    i.PORTA_IRQHandler  main.o
    0x00002314   0x00002314   0x00000034   Code   RO          324    i.SysTick_Config    main.o
    0x00002348   0x00002348   0x00000058   Code   RO          325    i.SysTick_Handler   main.o
    0x000023a0   0x000023a0   0x0000005c   Code   RO          446    i.SystemInit        system_mkl05z4.o
    0x000023fc   0x000023fc   0x00000024   Code   RO          389    i.TSI0_IRQHandler   tsi.o
    0x00002420   0x00002420   0x00000084   Code   RO          390    i.TSI_Init          tsi.o
    0x000024a4   0x000024a4   0x00000084   Code   RO          391    i.TSI_ReadSlider    tsi.o
    0x00002528   0x00002528   0x00000030   Code   RO          634    i.__ARM_common_ll_muluu  c_p.l(btod.o)
    0x00002558   0x00002558   0x0000002c   Code   RO          648    i.__ARM_fpclassify  m_ps.l(fpclassify.o)
    0x00002584   0x00002584   0x00000078   Code   RO          326    i.__NVIC_SetPriority  main.o
    0x000025fc   0x000025fc   0x0000039c   Code   RO          582    i.__ieee754_rem_pio2  m_ps.l(rred.o)
    0x00002998   0x00002998   0x000000f4   Code   RO          565    i.__kernel_cos      m_ps.l(cos_i.o)
    0x00002a8c   0x00002a8c   0x000000ac   Code   RO          650    i.__kernel_poly     m_ps.l(poly.o)
    0x00002b38   0x00002b38   0x000000ec   Code   RO          589    i.__kernel_sin      m_ps.l(sin_i.o)
    0x00002c24   0x00002c24   0x0000000a   Code   RO          569    i.__mathlib_dbl_infnan  m_ps.l(dunder.o)
    0x00002c2e   0x00002c2e   0x00000010   Code   RO          571    i.__mathlib_dbl_invalid  m_ps.l(dunder.o)
    0x00002c3e   0x00002c3e   0x00000002   PAD
    0x00002c40   0x00002c40   0x00000014   Code   RO          574    i.__mathlib_dbl_underflow  m_ps.l(dunder.o)
    0x00002c54   0x00002c54   0x0000000e   Code   RO          499    i._is_digit         c_p.l(__printf_wp.o)
    0x00002c62   0x00002c62   0x00000002   PAD
    0x00002c64   0x00002c64   0x00000094   Code   RO          392    i.change_electrode  tsi.o
    0x00002cf8   0x00002cf8   0x00000014   Code   RO           62    i.i2c_disable       i2c.o
    0x00002d0c   0x00002d0c   0x00000014   Code   RO           63    i.i2c_enable        i2c.o
    0x00002d20   0x00002d20   0x00000014   Code   RO           65    i.i2c_m_start       i2c.o
    0x00002d34   0x00002d34   0x00000014   Code   RO           66    i.i2c_m_stop        i2c.o
    0x00002d48   0x00002d48   0x0000000c   Code   RO           69    i.i2c_send          i2c.o
    0x00002d54   0x00002d54   0x00000014   Code   RO           70    i.i2c_tran          i2c.o
    0x00002d68   0x00002d68   0x00000074   Code   RO           71    i.i2c_wait          i2c.o
    0x00002ddc   0x00002ddc   0x000002c8   Code   RO          327    i.main              main.o
    0x000030a4   0x000030a4   0x000000fc   Code   RO          393    i.self_calibration  tsi.o
    0x000031a0   0x000031a0   0x0000009c   Code   RO          539    i.sin               m_ps.l(sin.o)
    0x0000323c   0x0000323c   0x0000002c   Code   RO          637    locale$$code        c_p.l(lc_numeric_c.o)
    0x00003268   0x00003268   0x000000b0   Code   RO          534    x$fpl$fmul          fz_ps.l(fmul.o)
    0x00003318   0x00003318   0x00000010   Code   RO          536    x$fpl$printf1       fz_ps.l(printf1.o)
    0x00003328   0x00003328   0x00000011   Data   RO          502    .constdata          c_p.l(__printf_flags_wp.o)
    0x00003339   0x00003339   0x00000007   PAD
    0x00003340   0x00003340   0x00000030   Data   RO          566    .constdata          m_ps.l(cos_i.o)
    0x00003370   0x00003370   0x000000c8   Data   RO          584    .constdata          m_ps.l(rred.o)
    0x00003438   0x00003438   0x00000028   Data   RO          590    .constdata          m_ps.l(sin_i.o)
    0x00003460   0x00003460   0x00000094   Data   RO          629    .constdata          c_p.l(bigflt0.o)
    0x000034f4   0x000034f4   0x00000080   Data   RO          642    .constdata          fz_ps.l(ddiv.o)
    0x00003574   0x00003574   0x00000020   Data   RO          799    Region$$Table       anon$$obj.o
    0x00003594   0x00003594   0x0000001c   Data   RO          636    locale$$data        c_p.l(lc_numeric_c.o)


    Execution Region RW_IRAM1 (Exec base: 0x1ffffc00, Load base: 0x000035b0, Size: 0x00000be8, Max: 0x00001000, ABSOLUTE)

    Exec Addr    Load Addr    Size         Type   Attr      Idx    E Section Name        Object

    0x1ffffc00   0x000035b0   0x00000004   Data   RW           72    .data               i2c.o
    0x1ffffc04   0x000035b4   0x0000004a   Data   RW          218    .data               lcd1602.o
    0x1ffffc4e   0x000035fe   0x00000002   PAD
    0x1ffffc50   0x00003600   0x0000001c   Data   RW          329    .data               main.o
    0x1ffffc6c   0x0000361c   0x00000014   Data   RW          394    .data               tsi.o
    0x1ffffc80   0x00003630   0x00000004   Data   RW          447    .data               system_mkl05z4.o
    0x1ffffc84        -       0x00000800   Zero   RW          328    .bss                main.o
    0x20000484        -       0x00000060   Zero   RW          653    .bss                c_p.l(libspace.o)
    0x200004e4   0x00003634   0x00000004   PAD
    0x200004e8        -       0x00000000   Zero   RW          434    HEAP                startup_mkl05z4.o
    0x200004e8        -       0x00000300   Zero   RW          433    STACK               startup_mkl05z4.o


==============================================================================

Image component sizes


      Code (inc. data)   RO Data    RW Data    ZI Data      Debug   Object Name

       100         18          0          0          0      81159   dac.o
       392         70          0          4          0       3658   i2c.o
       224         20          0          0          0       8984   klaw.o
       364         28          0         74          0       4924   lcd1602.o
      1192        196          0         28       2048      11884   main.o
        68         38        192          0        768        840   startup_mkl05z4.o
        92         14          0          4          0        707   system_mkl05z4.o
       700         88          0         20          0       3312   tsi.o

    ----------------------------------------------------------------------
      3132        472        224        132       2816     115468   Object Totals
         0          0         32          0          0          0   (incl. Generated)
         0          0          0          2          0          0   (incl. Padding)

    ----------------------------------------------------------------------

      Code (inc. data)   RO Data    RW Data    ZI Data      Debug   Library Member Name

         8          0          0          0          0         68   __main.o
       312          6         17          0          0         76   __printf_flags_wp.o
        14          0          0          0          0         60   __printf_wp.o
         0          0          0          0          0          0   __rtentry.o
        12          0          0          0          0          0   __rtentry2.o
         6          0          0          0          0          0   __rtentry4.o
        60          8          0          0          0          0   __scatter.o
        26          0          0          0          0          0   __scatter_copy.o
        28          0          0          0          0          0   __scatter_zi.o
        48          6          0          0          0         88   _printf_char_common.o
        10          0          0          0          0          0   _printf_d.o
       108         18          0          0          0         76   _printf_dec.o
        10          0          0          0          0          0   _printf_f.o
      1048         14          0          0          0        176   _printf_fp_dec.o
       136         16          0          0          0         76   _printf_fp_infnan.o
       176          0          0          0          0         84   _printf_intcommon.o
        78          0          0          0          0        100   _printf_pad.o
         2          0          0          0          0          0   _printf_percent.o
         4          0          0          0          0          0   _printf_percent_end.o
        22          0          0          0          0         92   _rserrno.o
        10          0          0          0          0         60   _sputc.o
       346          0          0          0          0         92   aeabi_sdiv.o
       216          6        148          0          0         80   bigflt0.o
      1456         30          0          0          0        336   btod.o
        16          0          0          0          0         68   exit.o
         6          0          0          0          0        136   heapauxi.o
         0          0          0          0          0          0   indicate_semi.o
        44         10         28          0          0         76   lc_numeric_c.o
         2          0          0          0          0          0   libinit.o
        18          0          0          0          0          0   libinit2.o
         2          0          0          0          0          0   libshutdown.o
         2          0          0          0          0          0   libshutdown2.o
         8          4          0          0         96         68   libspace.o
       122          0          0          0          0         72   lludiv10.o
        40          4          0          0          0         84   noretval__2sprintf.o
         8          4          0          0          0         68   rt_errno_addr_intlibspace.o
         8          4          0          0          0         68   rt_locale_intlibspace.o
        56          0          0          0          0         68   rt_memcpy.o
         2          0          0          0          0          0   rtexit.o
        10          0          0          0          0          0   rtexit2.o
        40          0          0          0          0         60   rtudiv10.o
       136          4          0          0          0         72   strcmp.o
        12          4          0          0          0         60   sys_exit.o
        62          0          0          0          0         80   sys_stackheap_outer.o
         2          0          0          0          0         68   use_no_semi.o
       856         20          0          0          0        208   daddsub.o
      1096         26        128          0          0        112   ddiv.o
       108         10          0          0          0         72   dfixi.o
        88          0          0          0          0         92   dflti.o
       584         26          0          0          0         84   dmul.o
        96         12          0          0          0         72   dscalbn.o
        84          4          0          0          0         60   f2d.o
        94          0          0          0          0         92   fflti.o
       176          4          0          0          0         80   fmul.o
        16          4          0          0          0         76   printf1.o
         0          0          0          0          0          0   usenofp.o
       244         20         48          0          0         92   cos_i.o
        46          6          0          0          0        204   dunder.o
        44          4          0          0          0         60   fpclassify.o
       172          0          0          0          0         76   poly.o
       924         86        200          0          0        120   rred.o
       156         10          0          0          0        104   sin.o
       236         14         40          0          0        100   sin_i.o

    ----------------------------------------------------------------------
      9772        384        616          0        100       4216   Library Totals
        20          0          7          0          4          0   (incl. Padding)

    ----------------------------------------------------------------------

      Code (inc. data)   RO Data    RW Data    ZI Data      Debug   Library Name

      4732        138        193          0         96       2512   c_p.l
      3198        106        128          0          0        948   fz_ps.l
      1822        140        288          0          0        756   m_ps.l

    ----------------------------------------------------------------------
      9772        384        616          0        100       4216   Library Totals

    ----------------------------------------------------------------------

==============================================================================


      Code (inc. data)   RO Data    RW Data    ZI Data      Debug   

     12904        856        840        132       2916     116368   Grand Totals
     12904        856        840        132       2916     116368   ELF Image Totals
     12904        856        840        132          0          0   ROM Totals

==============================================================================

    Total RO  Size (Code + RO Data)                13744 (  13.42kB)
    Total RW  Size (RW Data + ZI Data)              3048 (   2.98kB)
    Total ROM Size (Code + RO Data + RW Data)      13876 (  13.55kB)

==============================================================================

