Component: ARM Compiler 5.06 update 7 (build 960) Tool: armlink [4d3601]

==============================================================================

Section Cross References

    i2c.o(i.I2C_Ping) refers to i2c.o(i.i2c_enable) for i2c_enable
    i2c.o(i.I2C_Ping) refers to i2c.o(i.i2c_tran) for i2c_tran
    i2c.o(i.I2C_Ping) refers to i2c.o(i.i2c_m_start) for i2c_m_start
    i2c.o(i.I2C_Ping) refers to i2c.o(i.i2c_send) for i2c_send
    i2c.o(i.I2C_Ping) refers to i2c.o(i.i2c_wait) for i2c_wait
    i2c.o(i.I2C_Ping) refers to i2c.o(i.i2c_m_stop) for i2c_m_stop
    i2c.o(i.I2C_Ping) refers to i2c.o(i.i2c_disable) for i2c_disable
    i2c.o(i.I2C_Ping) refers to i2c.o(.data) for error
    i2c.o(i.I2C_Read) refers to i2c.o(i.i2c_enable) for i2c_enable
    i2c.o(i.I2C_Read) refers to i2c.o(i.i2c_tran) for i2c_tran
    i2c.o(i.I2C_Read) refers to i2c.o(i.i2c_m_start) for i2c_m_start
    i2c.o(i.I2C_Read) refers to i2c.o(i.i2c_send) for i2c_send
    i2c.o(i.I2C_Read) refers to i2c.o(i.i2c_wait) for i2c_wait
    i2c.o(i.I2C_Read) refers to i2c.o(i.i2c_rec) for i2c_rec
    i2c.o(i.I2C_Read) refers to i2c.o(i.i2c_nack) for i2c_nack
    i2c.o(i.I2C_Read) refers to i2c.o(i.i2c_recv) for i2c_recv
    i2c.o(i.I2C_Read) refers to i2c.o(i.i2c_m_stop) for i2c_m_stop
    i2c.o(i.I2C_Read) refers to i2c.o(i.i2c_disable) for i2c_disable
    i2c.o(i.I2C_Read) refers to i2c.o(.data) for error
    i2c.o(i.I2C_ReadReg) refers to i2c.o(i.i2c_enable) for i2c_enable
    i2c.o(i.I2C_ReadReg) refers to i2c.o(i.i2c_clr_IICIF) for i2c_clr_IICIF
    i2c.o(i.I2C_ReadReg) refers to i2c.o(i.i2c_tran) for i2c_tran
    i2c.o(i.I2C_ReadReg) refers to i2c.o(i.i2c_m_start) for i2c_m_start
    i2c.o(i.I2C_ReadReg) refers to i2c.o(i.i2c_send) for i2c_send
    i2c.o(i.I2C_ReadReg) refers to i2c.o(i.i2c_wait) for i2c_wait
    i2c.o(i.I2C_ReadReg) refers to i2c.o(i.i2c_m_rstart) for i2c_m_rstart
    i2c.o(i.I2C_ReadReg) refers to i2c.o(i.i2c_rec) for i2c_rec
    i2c.o(i.I2C_ReadReg) refers to i2c.o(i.i2c_nack) for i2c_nack
    i2c.o(i.I2C_ReadReg) refers to i2c.o(i.i2c_recv) for i2c_recv
    i2c.o(i.I2C_ReadReg) refers to i2c.o(i.i2c_m_stop) for i2c_m_stop
    i2c.o(i.I2C_ReadReg) refers to i2c.o(i.i2c_disable) for i2c_disable
    i2c.o(i.I2C_ReadReg) refers to i2c.o(.data) for error
    i2c.o(i.I2C_ReadRegBlock) refers to i2c.o(i.i2c_enable) for i2c_enable
    i2c.o(i.I2C_ReadRegBlock) refers to i2c.o(i.i2c_clr_IICIF) for i2c_clr_IICIF
    i2c.o(i.I2C_ReadRegBlock) refers to i2c.o(i.i2c_tran) for i2c_tran
    i2c.o(i.I2C_ReadRegBlock) refers to i2c.o(i.i2c_m_start) for i2c_m_start
    i2c.o(i.I2C_ReadRegBlock) refers to i2c.o(i.i2c_send) for i2c_send
    i2c.o(i.I2C_ReadRegBlock) refers to i2c.o(i.i2c_wait) for i2c_wait
    i2c.o(i.I2C_ReadRegBlock) refers to i2c.o(i.i2c_m_rstart) for i2c_m_rstart
    i2c.o(i.I2C_ReadRegBlock) refers to i2c.o(i.i2c_rec) for i2c_rec
    i2c.o(i.I2C_ReadRegBlock) refers to i2c.o(i.i2c_ack) for i2c_ack
    i2c.o(i.I2C_ReadRegBlock) refers to i2c.o(i.i2c_recv) for i2c_recv
    i2c.o(i.I2C_ReadRegBlock) refers to i2c.o(i.i2c_nack) for i2c_nack
    i2c.o(i.I2C_ReadRegBlock) refers to i2c.o(i.i2c_m_stop) for i2c_m_stop
    i2c.o(i.I2C_ReadRegBlock) refers to i2c.o(i.i2c_disable) for i2c_disable
    i2c.o(i.I2C_ReadRegBlock) refers to i2c.o(.data) for error
    i2c.o(i.I2C_Write) refers to i2c.o(i.i2c_enable) for i2c_enable
    i2c.o(i.I2C_Write) refers to i2c.o(i.i2c_tran) for i2c_tran
    i2c.o(i.I2C_Write) refers to i2c.o(i.i2c_m_start) for i2c_m_start
    i2c.o(i.I2C_Write) refers to i2c.o(i.i2c_send) for i2c_send
    i2c.o(i.I2C_Write) refers to i2c.o(i.i2c_wait) for i2c_wait
    i2c.o(i.I2C_Write) refers to i2c.o(i.i2c_m_stop) for i2c_m_stop
    i2c.o(i.I2C_Write) refers to i2c.o(i.i2c_disable) for i2c_disable
    i2c.o(i.I2C_Write) refers to i2c.o(.data) for error
    i2c.o(i.I2C_WriteReg) refers to i2c.o(i.i2c_enable) for i2c_enable
    i2c.o(i.I2C_WriteReg) refers to i2c.o(i.i2c_tran) for i2c_tran
    i2c.o(i.I2C_WriteReg) refers to i2c.o(i.i2c_m_start) for i2c_m_start
    i2c.o(i.I2C_WriteReg) refers to i2c.o(i.i2c_send) for i2c_send
    i2c.o(i.I2C_WriteReg) refers to i2c.o(i.i2c_wait) for i2c_wait
    i2c.o(i.I2C_WriteReg) refers to i2c.o(i.i2c_m_stop) for i2c_m_stop
    i2c.o(i.I2C_WriteReg) refers to i2c.o(i.i2c_disable) for i2c_disable
    i2c.o(i.I2C_WriteReg) refers to i2c.o(.data) for error
    i2c.o(i.i2c_wait) refers to i2c.o(i.i2c_clr_IICIF) for i2c_clr_IICIF
    i2c.o(i.i2c_wait) refers to i2c.o(.data) for timeout
    lcd1602.o(i.LCD1602_BF_AC) refers to i2c.o(i.I2C_Write) for I2C_Write
    lcd1602.o(i.LCD1602_BF_AC) refers to i2c.o(i.I2C_Read) for I2C_Read
    lcd1602.o(i.LCD1602_BF_AC) refers to lcd1602.o(.data) for lcd_backlight
    lcd1602.o(i.LCD1602_Backlight) refers to lcd1602.o(i.PCF8574_Write) for PCF8574_Write
    lcd1602.o(i.LCD1602_Backlight) refers to lcd1602.o(.data) for lcd_backlight
    lcd1602.o(i.LCD1602_Blink_Off) refers to lcd1602.o(i.LCD1602_Write8) for LCD1602_Write8
[...]
    main.o(i.main) refers to lcd1602.o(i.LCD1602_Backlight) for LCD1602_Backlight
    main.o(i.main) refers to lcd1602.o(i.LCD1602_Print) for LCD1602_Print
    main.o(i.main) refers to uart0.o(i.UART0_Init) for UART0_Init
    main.o(i.main) refers to tsi.o(i.TSI_Init) for TSI_Init
    main.o(i.main) refers to tsi.o(i.TSI_ReadSlider) for TSI_ReadSlider
    main.o(i.main) refers to noretval__2sprintf.o(.text) for __2sprintf
    main.o(i.main) refers to lcd1602.o(i.LCD1602_SetCursor) for LCD1602_SetCursor
    main.o(i.main) refers to pit.o(i.PIT_Init) for PIT_Init
    main.o(i.main) refers to adc.o(i.ADC_Init) for ADC_Init
    main.o(i.main) refers to fmul.o(x$fpl$fmul) for __aeabi_fmul
    main.o(i.main) refers to f2d.o(.text) for __aeabi_f2d
    main.o(i.main) refers to main.o(.data) for wynik_ok
    tsi.o(i.TSI0_IRQHandler) refers to tsi.o(i.change_electrode) for change_electrode
    tsi.o(i.TSI0_IRQHandler) refers to tsi.o(.data) for end_flag
    tsi.o(i.TSI_Init) refers to tsi.o(i.self_calibration) for self_calibration
    tsi.o(i.TSI_ReadSlider) refers to aeabi_sdiv.o(.text) for __aeabi_idivmod
    tsi.o(i.TSI_ReadSlider) refers to tsi.o(.data) for end_flag
    tsi.o(i.change_electrode) refers to tsi.o(.data) for ongoing_elec
    tsi.o(i.self_calibration) refers to tsi.o(.data) for elec_array
    pit.o(i.PIT_Init) refers to system_mkl05z4.o(.data) for SystemCoreClock
    startup_mkl05z4.o(STACK) refers (Special) to heapauxi.o(.text) for __use_two_region_memory
    startup_mkl05z4.o(HEAP) refers (Special) to heapauxi.o(.text) for __use_two_region_memory
    startup_mkl05z4.o(RESET) refers (Special) to heapauxi.o(.text) for __use_two_region_memory
    startup_mkl05z4.o(RESET) refers to startup_mkl05z4.o(STACK) for __initial_sp
    startup_mkl05z4.o(RESET) refers to startup_mkl05z4.o(.text) for Reset_Handler
    startup_mkl05z4.o(RESET) refers to main.o(i.ADC0_IRQHandler) for ADC0_IRQHandler
    startup_mkl05z4.o(RESET) refers to main.o(i.PIT_IRQHandler) for PIT_IRQHandler
    startup_mkl05z4.o(RESET) refers to tsi.o(i.TSI0_IRQHandler) for TSI0_IRQHandler
    startup_mkl05z4.o(.ARM.__at_0x400) refers (Special) to heapauxi.o(.text) for __use_two_region_memory
    startup_mkl05z4.o(.text) refers (Special) to heapauxi.o(.text) for __use_two_region_memory
    startup_mkl05z4.o(.text) refers to system_mkl05z4.o(i.SystemInit) for SystemInit
    startup_mkl05z4.o(.text) refers to __main.o(!!!main) for __main
    startup_mkl05z4.o(.text) refers to startup_mkl05z4.o(HEAP) for Heap_Mem
    startup_mkl05z4.o(.text) refers to startup_mkl05z4.o(STACK) for Stack_Mem
    system_mkl05z4.o(i.SystemCoreClockUpdate) refers to aeabi_sdiv.o(.text) for __aeabi_uidivmod
    system_mkl05z4.o(i.SystemCoreClockUpdate) refers to system_mkl05z4.o(i.__ARM_common_switch8) for __ARM_common_switch8
    system_mkl05z4.o(i.SystemCoreClockUpdate) refers to system_mkl05z4.o(.data) for SystemCoreClock
    __2sprintf.o(.text) refers to _printf_char_common.o(.text) for _printf_char_common
    __2sprintf.o(.text) refers to _sputc.o(.text) for _sputc
    noretval__2sprintf.o(.text) refers to _printf_char_common.o(.text) for _printf_char_common
    noretval__2sprintf.o(.text) refers to _sputc.o(.text) for _sputc
    __printf.o(.text) refers to _printf_percent.o(.ARM.Collect$$_printf_percent$$00000000) for _printf_percent
    _printf_dec.o(.text) refers to rtudiv10.o(.text) for __rt_udiv10
    _printf_dec.o(.text) refers to _printf_intcommon.o(.text) for _printf_int_common
    __printf_flags.o(.text) refers to _printf_percent.o(.ARM.Collect$$_printf_percent$$00000000) for _printf_percent
    __printf_flags.o(.text) refers to __printf_flags.o(.constdata) for .constdata
    __printf_ss.o(.text) refers to _printf_percent.o(.ARM.Collect$$_printf_percent$$00000000) for _printf_percent
    __printf_flags_ss.o(.text) refers to _printf_percent.o(.ARM.Collect$$_printf_percent$$00000000) for _printf_percent
    __printf_flags_ss.o(.text) refers to __printf_flags_ss.o(.constdata) for .constdata
    __printf_wp.o(.text) refers to __printf_wp.o(i._is_digit) for _is_digit
    __printf_wp.o(.text) refers to _printf_percent.o(.ARM.Collect$$_printf_percent$$00000000) for _printf_percent
    __printf_flags_wp.o(.text) refers to __printf_wp.o(i._is_digit) for _is_digit
    __printf_flags_wp.o(.text) refers to _printf_percent.o(.ARM.Collect$$_printf_percent$$00000000) for _printf_percent
    __printf_flags_wp.o(.text) refers to __printf_flags_wp.o(.constdata) for .constdata
    __printf_ss_wp.o(.text) refers to __printf_wp.o(i._is_digit) for _is_digit
    __printf_ss_wp.o(.text) refers to _printf_percent.o(.ARM.Collect$$_printf_percent$$00000000) for _printf_percent
    __printf_flags_ss_wp.o(.text) refers to __printf_wp.o(i._is_digit) for _is_digit
    __printf_flags_ss_wp.o(.text) refers to _printf_percent.o(.ARM.Collect$$_printf_percent$$00000000) for _printf_percent
    __printf_flags_ss_wp.o(.text) refers to __printf_flags_ss_wp.o(.constdata) for .constdata
    _printf_d.o(.ARM.Collect$$_printf_percent$$00000009) refers (Weak) to _printf_dec.o(.text) for _printf_int_dec
    _printf_f.o(.ARM.Collect$$_printf_percent$$00000003) refers (Weak) to printf1.o(x$fpl$printf1) for _printf_fp_dec
    _printf_percent.o(.ARM.Collect$$_printf_percent$$00000000) refers (Special) to _printf_percent_end.o(.ARM.Collect$$_printf_percent$$00000017) for _printf_percent_end
    rt_memcpy.o(.text) refers to rt_memcpy.o(.emb_text) for __aeabi_memcpy4
    __main.o(!!!main) refers to __rtentry.o(.ARM.Collect$$rtentry$$00000000) for __rt_entry
    f2d.o(.text) refers (Special) to usenofp.o(x$fpl$usenofp) for __I$use$fp
    fflti.o(.text) refers (Special) to usenofp.o(x$fpl$usenofp) for __I$use$fp
    fmul.o(x$fpl$fmul) refers (Special) to usenofp.o(x$fpl$usenofp) for __I$use$fp
    printf1.o(x$fpl$printf1) refers to _printf_fp_dec.o(.text) for _printf_fp_dec_real
    __rtentry.o(.ARM.Collect$$rtentry$$00000000) refers (Special) to __rtentry2.o(.ARM.Collect$$rtentry$$0000000A) for __rt_entry_li
    __rtentry.o(.ARM.Collect$$rtentry$$00000000) refers (Special) to __rtentry2.o(.ARM.Collect$$rtentry$$0000000D) for __rt_entry_main
    __rtentry.o(.ARM.Collect$$rtentry$$00000000) refers (Special) to __rtentry2.o(.ARM.Collect$$rtentry$$0000000C) for __rt_entry_postli_1
    __rtentry.o(.ARM.Collect$$rtentry$$00000000) refers (Special) to __rtentry2.o(.ARM.Collect$$rtentry$$00000009) for __rt_entry_postsh_1
    __rtentry.o(.ARM.Collect$$rtentry$$00000000) refers (Special) to __rtentry2.o(.ARM.Collect$$rtentry$$00000002) for __rt_entry_presh_1
    __rtentry.o(.ARM.Collect$$rtentry$$00000000) refers (Special) to __rtentry4.o(.ARM.Collect$$rtentry$$00000004) for __rt_entry_sh
    aeabi_idiv0_sigfpe.o(.text) refers to rt_div0.o(.text) for __rt_div0
    _printf_fp_dec.o(.text) refers (Special) to usenofp.o(x$fpl$usenofp) for __I$use$fp
    _printf_fp_dec.o(.text) refers (Special) to lc_numeric_c.o(locale$$code) for _get_lc_numeric
    _printf_fp_dec.o(.text) refers to bigflt0.o(.text) for _btod_etento
    _printf_fp_dec.o(.text) refers to btod.o(.text) for _btod_d2e
    _printf_fp_dec.o(.text) refers to lludiv10.o(.text) for _ll_udiv10
    _printf_fp_dec.o(.text) refers to fpclassify.o(i.__ARM_fpclassify) for __ARM_fpclassify
    _printf_fp_dec.o(.text) refers to _printf_fp_infnan.o(.text) for _printf_fp_infnan
    _printf_fp_dec.o(.text) refers to rtudiv10.o(.text) for __rt_udiv10
    _printf_fp_dec.o(.text) refers to rt_locale_intlibspace.o(.text) for __rt_locale
    _printf_char_common.o(.text) refers to __printf_wp.o(.text) for __printf
    __rtentry2.o(.ARM.Collect$$rtentry$$00000008) refers to boardinit2.o(.text) for _platform_post_stackheap_init
    __rtentry2.o(.ARM.Collect$$rtentry$$0000000A) refers to libinit.o(.ARM.Collect$$libinit$$00000000) for __rt_lib_init
    __rtentry2.o(.ARM.Collect$$rtentry$$0000000B) refers to boardinit3.o(.text) for _platform_post_lib_init
    __rtentry2.o(.ARM.Collect$$rtentry$$0000000D) refers to main.o(i.main) for main
    __rtentry2.o(.ARM.Collect$$rtentry$$0000000D) refers to exit.o(.text) for exit
    __rtentry2.o(.ARM.exidx) refers to __rtentry2.o(.ARM.Collect$$rtentry$$00000001) for .ARM.Collect$$rtentry$$00000001
    __rtentry2.o(.ARM.exidx) refers to __rtentry2.o(.ARM.Collect$$rtentry$$00000008) for .ARM.Collect$$rtentry$$00000008
    __rtentry2.o(.ARM.exidx) refers to __rtentry2.o(.ARM.Collect$$rtentry$$0000000A) for .ARM.Collect$$rtentry$$0000000A
    __rtentry2.o(.ARM.exidx) refers to __rtentry2.o(.ARM.Collect$$rtentry$$0000000B) for .ARM.Collect$$rtentry$$0000000B
    __rtentry2.o(.ARM.exidx) refers to __rtentry2.o(.ARM.Collect$$rtentry$$0000000D) for .ARM.Collect$$rtentry$$0000000D
    __rtentry4.o(.ARM.Collect$$rtentry$$00000004) refers to sys_stackheap_outer.o(.text) for __user_setup_stackheap
    __rtentry4.o(.ARM.exidx) refers to __rtentry4.o(.ARM.Collect$$rtentry$$00000004) for .ARM.Collect$$rtentry$$00000004
    rt_div0.o(.text) refers to defsig_fpe_outer.o(.text) for __rt_SIGFPE
    rt_locale.o(.text) refers to rt_locale.o(.bss) for __rt_locale_data
    rt_locale_intlibspace.o(.text) refers to libspace.o(.bss) for __libspace_start
    bigflt0.o(.text) refers (Special) to usenofp.o(x$fpl$usenofp) for __I$use$fp
    bigflt0.o(.text) refers to aeabi_sdiv.o(.text) for __aeabi_idivmod
    bigflt0.o(.text) refers to btod.o(.text) for _btod_emul
    bigflt0.o(.text) refers to bigflt0.o(.constdata) for .constdata
    bigflt0.o(.constdata) refers (Special) to usenofp.o(x$fpl$usenofp) for __I$use$fp
    btod.o(.text) refers to btod.o(i.__ARM_common_ll_muluu) for __ARM_common_ll_muluu
    lc_numeric_c.o(locale$$data) refers (Special) to libinit2.o(.ARM.Collect$$libinit$$00000016) for __rt_lib_init_lc_numeric_2
    lc_numeric_c.o(locale$$code) refers (Special) to libinit2.o(.ARM.Collect$$libinit$$00000016) for __rt_lib_init_lc_numeric_2
    lc_numeric_c.o(locale$$code) refers to strcmp.o(.text) for strcmp
    lc_numeric_c.o(locale$$code) refers to lc_numeric_c.o(locale$$data) for __lcnum_c_name
    ieee_status.o(.text) refers (Special) to usenofp.o(x$fpl$usenofp) for __I$use$fp
    fpclassify.o(i.__ARM_fpclassify) refers (Special) to usenofp.o(x$fpl$usenofp) for __I$use$fp
    libspace.o(.text) refers to libspace.o(.bss) for __libspace_start
    sys_stackheap_outer.o(.text) refers to libspace.o(.text) for __user_perproc_libspace
    sys_stackheap_outer.o(.text) refers to startup_mkl05z4.o(.text) for __user_initial_stackheap
    sys_stackheap_outer.o(__vectab_stack_and_reset_area) refers to tempstk.o(.text) for __temporary_stack_top
    sys_stackheap_outer.o(__vectab_stack_and_reset_area) refers to __main.o(!!!main) for __main
    exit.o(.text) refers to rtexit.o(.ARM.Collect$$rtexit$$00000000) for __rt_exit
    defsig_fpe_outer.o(.text) refers to defsig_fpe_inner.o(.text) for __rt_SIGFPE_inner
    defsig_fpe_outer.o(.text) refers to defsig_exit.o(.text) for __sig_exit
    defsig_fpe_formal.o(.text) refers to rt_raise.o(.text) for __rt_raise
    libinit.o(.ARM.Collect$$libinit$$00000000) refers (Special) to libinit2.o(.ARM.Collect$$libinit$$0000002E) for __rt_lib_init_alloca_1
    libinit.o(.ARM.Collect$$libinit$$00000000) refers (Special) to libinit2.o(.ARM.Collect$$libinit$$0000002C) for __rt_lib_init_argv_1
    libinit.o(.ARM.Collect$$libinit$$00000000) refers (Special) to libinit2.o(.ARM.Collect$$libinit$$0000001B) for __rt_lib_init_atexit_1
    libinit.o(.ARM.Collect$$libinit$$00000000) refers (Special) to libinit2.o(.ARM.Collect$$libinit$$00000021) for __rt_lib_init_clock_1
    libinit.o(.ARM.Collect$$libinit$$00000000) refers (Special) to libinit2.o(.ARM.Collect$$libinit$$00000032) for __rt_lib_init_cpp_1
    libinit.o(.ARM.Collect$$libinit$$00000000) refers (Special) to libinit2.o(.ARM.Collect$$libinit$$00000030) for __rt_lib_init_exceptions_1
    libinit.o(.ARM.Collect$$libinit$$00000000) refers (Special) to libinit2.o(.ARM.Collect$$libinit$$00000002) for __rt_lib_init_fp_1
    libinit.o(.ARM.Collect$$libinit$$00000000) refers (Special) to libinit2.o(.ARM.Collect$$libinit$$0000001F) for __rt_lib_init_fp_trap_1
    libinit.o(.ARM.Collect$$libinit$$00000000) refers (Special) to libinit2.o(.ARM.Collect$$libinit$$00000023) for __rt_lib_init_getenv_1
    libinit.o(.ARM.Collect$$libinit$$00000000) refers (Special) to libinit2.o(.ARM.Collect$$libinit$$0000000A) for __rt_lib_init_heap_1
    libinit.o(.ARM.Collect$$libinit$$00000000) refers (Special) to libinit2.o(.ARM.Collect$$libinit$$00000011) for __rt_lib_init_lc_collate_1
    libinit.o(.ARM.Collect$$libinit$$00000000) refers (Special) to libinit2.o(.ARM.Collect$$libinit$$00000013) for __rt_lib_init_lc_ctype_1
    libinit.o(.ARM.Collect$$libinit$$00000000) refers (Special) to libinit2.o(.ARM.Collect$$libinit$$00000015) for __rt_lib_init_lc_monetary_1
    libinit.o(.ARM.Collect$$libinit$$00000000) refers (Special) to libinit2.o(.ARM.Collect$$libinit$$00000017) for __rt_lib_init_lc_numeric_1
    libinit.o(.ARM.Collect$$libinit$$00000000) refers (Special) to libinit2.o(.ARM.Collect$$libinit$$00000019) for __rt_lib_init_lc_time_1
    libinit.o(.ARM.Collect$$libinit$$00000000) refers (Special) to libinit2.o(.ARM.Collect$$libinit$$00000004) for __rt_lib_init_preinit_1
    libinit.o(.ARM.Collect$$libinit$$00000000) refers (Special) to libinit2.o(.ARM.Collect$$libinit$$0000000E) for __rt_lib_init_rand_1
    libinit.o(.ARM.Collect$$libinit$$00000000) refers (Special) to libinit2.o(.ARM.Collect$$libinit$$00000033) for __rt_lib_init_return
    libinit.o(.ARM.Collect$$libinit$$00000000) refers (Special) to libinit2.o(.ARM.Collect$$libinit$$0000001D) for __rt_lib_init_signal_1
    libinit.o(.ARM.Collect$$libinit$$00000000) refers (Special) to libinit2.o(.ARM.Collect$$libinit$$00000025) for __rt_lib_init_stdio_1
    libinit.o(.ARM.Collect$$libinit$$00000000) refers (Special) to libinit2.o(.ARM.Collect$$libinit$$0000000C) for __rt_lib_init_user_alloc_1
    libinit2.o(.ARM.Collect$$libinit$$0000000F) refers (Weak) to rt_locale_intlibspace.o(.text) for __rt_locale
    libinit2.o(.ARM.Collect$$libinit$$00000010) refers to libinit2.o(.ARM.Collect$$libinit$$0000000F) for .ARM.Collect$$libinit$$0000000F
    libinit2.o(.ARM.Collect$$libinit$$00000012) refers to libinit2.o(.ARM.Collect$$libinit$$0000000F) for .ARM.Collect$$libinit$$0000000F
    libinit2.o(.ARM.Collect$$libinit$$00000014) refers to libinit2.o(.ARM.Collect$$libinit$$0000000F) for .ARM.Collect$$libinit$$0000000F
    libinit2.o(.ARM.Collect$$libinit$$00000016) refers to libinit2.o(.ARM.Collect$$libinit$$0000000F) for .ARM.Collect$$libinit$$0000000F
    libinit2.o(.ARM.Collect$$libinit$$00000016) refers (Weak) to lc_numeric_c.o(locale$$code) for _get_lc_numeric
    libinit2.o(.ARM.Collect$$libinit$$00000018) refers to libinit2.o(.ARM.Collect$$libinit$$0000000F) for .ARM.Collect$$libinit$$0000000F
    libinit2.o(.ARM.Collect$$libinit$$00000026) refers to argv_veneer.o(.text) for __ARM_argv_veneer
    libinit2.o(.ARM.Collect$$libinit$$00000027) refers to argv_veneer.o(.text) for __ARM_argv_veneer
    rtexit.o(.ARM.Collect$$rtexit$$00000000) refers (Special) to rtexit2.o(.ARM.Collect$$rtexit$$00000004) for __rt_exit_exit
    rtexit.o(.ARM.Collect$$rtexit$$00000000) refers (Special) to rtexit2.o(.ARM.Collect$$rtexit$$00000003) for __rt_exit_ls
    rtexit.o(.ARM.Collect$$rtexit$$00000000) refers (Special) to rtexit2.o(.ARM.Collect$$rtexit$$00000002) for __rt_exit_prels_1
    rtexit.o(.ARM.exidx) refers (Special) to rtexit2.o(.ARM.Collect$$rtexit$$00000004) for __rt_exit_exit
    rtexit.o(.ARM.exidx) refers (Special) to rtexit2.o(.ARM.Collect$$rtexit$$00000003) for __rt_exit_ls
    rtexit.o(.ARM.exidx) refers (Special) to rtexit2.o(.ARM.Collect$$rtexit$$00000002) for __rt_exit_prels_1
    rtexit.o(.ARM.exidx) refers to rtexit.o(.ARM.Collect$$rtexit$$00000000) for .ARM.Collect$$rtexit$$00000000
    rt_raise.o(.text) refers to __raise.o(.text) for __raise
    rt_raise.o(.text) refers to sys_exit.o(.text) for _sys_exit
    defsig_exit.o(.text) refers to sys_exit.o(.text) for _sys_exit
    defsig_fpe_inner.o(.text) refers to defsig_general.o(.text) for __default_signal_display
    sys_exit.o(.text) refers (Special) to use_no_semi.o(.text) for __I$use$semihosting
    sys_exit.o(.text) refers (Special) to indicate_semi.o(.text) for __semihosting_library_function
    rtexit2.o(.ARM.Collect$$rtexit$$00000003) refers to libshutdown.o(.ARM.Collect$$libshutdown$$00000000) for __rt_lib_shutdown
    rtexit2.o(.ARM.Collect$$rtexit$$00000004) refers to sys_exit.o(.text) for _sys_exit
    rtexit2.o(.ARM.exidx) refers to rtexit2.o(.ARM.Collect$$rtexit$$00000001) for .ARM.Collect$$rtexit$$00000001
    rtexit2.o(.ARM.exidx) refers to rtexit2.o(.ARM.Collect$$rtexit$$00000003) for .ARM.Collect$$rtexit$$00000003
    rtexit2.o(.ARM.exidx) refers to rtexit2.o(.ARM.Collect$$rtexit$$00000004) for .ARM.Collect$$rtexit$$00000004
    __raise.o(.text) refers to defsig.o(CL$$defsig) for __default_signal_handler
    defsig_general.o(.text) refers to sys_wrch.o(.text) for _ttywrch
    _get_argv_nomalloc.o(.text) refers (Special) to hrguard.o(.text) for __heap_region$guard
    _get_argv_nomalloc.o(.text) refers to defsig_rtmem_outer.o(.text) for __rt_SIGRTMEM
    _get_argv_nomalloc.o(.text) refers to sys_command.o(.text) for _sys_command_string
    sys_wrch.o(.text) refers (Special) to use_no_semi.o(.text) for __I$use$semihosting
    sys_wrch.o(.text) refers (Special) to indicate_semi.o(.text) for __semihosting_library_function
    sys_command.o(.text) refers (Special) to use_no_semi.o(.text) for __I$use$semihosting
    sys_command.o(.text) refers (Special) to indicate_semi.o(.text) for __semihosting_library_function
    defsig_rtmem_outer.o(.text) refers to defsig_rtmem_inner.o(.text) for __rt_SIGRTMEM_inner
    defsig_rtmem_outer.o(.text) refers to defsig_exit.o(.text) for __sig_exit
    defsig_rtmem_formal.o(.text) refers to rt_raise.o(.text) for __rt_raise
    defsig.o(CL$$defsig) refers to defsig_fpe_inner.o(.text) for __rt_SIGFPE_inner
    defsig.o(CL$$defsig) refers to defsig_rtmem_inner.o(.text) for __rt_SIGRTMEM_inner
    libshutdown.o(.ARM.Collect$$libshutdown$$00000000) refers (Special) to libshutdown2.o(.ARM.Collect$$libshutdown$$00000004) for __rt_lib_shutdown_cpp_1
    libshutdown.o(.ARM.Collect$$libshutdown$$00000000) refers (Special) to libshutdown2.o(.ARM.Collect$$libshutdown$$00000002) for __rt_lib_shutdown_fini_1
    libshutdown.o(.ARM.Collect$$libshutdown$$00000000) refers (Special) to libshutdown2.o(.ARM.Collect$$libshutdown$$00000009) for __rt_lib_shutdown_fp_trap_1
    libshutdown.o(.ARM.Collect$$libshutdown$$00000000) refers (Special) to libshutdown2.o(.ARM.Collect$$libshutdown$$00000011) for __rt_lib_shutdown_heap_1
    libshutdown.o(.ARM.Collect$$libshutdown$$00000000) refers (Special) to libshutdown2.o(.ARM.Collect$$libshutdown$$00000012) for __rt_lib_shutdown_return
    libshutdown.o(.ARM.Collect$$libshutdown$$00000000) refers (Special) to libshutdown2.o(.ARM.Collect$$libshutdown$$0000000C) for __rt_lib_shutdown_signal_1
    libshutdown.o(.ARM.Collect$$libshutdown$$00000000) refers (Special) to libshutdown2.o(.ARM.Collect$$libshutdown$$00000006) for __rt_lib_shutdown_stdio_1
    libshutdown.o(.ARM.Collect$$libshutdown$$00000000) refers (Special) to libshutdown2.o(.ARM.Collect$$libshutdown$$0000000E) for __rt_lib_shutdown_user_alloc_1
    defsig_abrt_inner.o(.text) refers to defsig_general.o(.text) for __default_signal_display
    defsig_rtred_inner.o(.text) refers to defsig_general.o(.text) for __default_signal_display
    defsig_rtmem_inner.o(.text) refers to defsig_general.o(.text) for __default_signal_display
    defsig_stak_inner.o(.text) refers to defsig_general.o(.text) for __default_signal_display
    defsig_pvfn_inner.o(.text) refers to defsig_general.o(.text) for __default_signal_display
    defsig_cppl_inner.o(.text) refers to defsig_general.o(.text) for __default_signal_display
    defsig_segv_inner.o(.text) refers to defsig_general.o(.text) for __default_signal_display
    defsig_other.o(.text) refers to defsig_general.o(.text) for __default_signal_display


==============================================================================

Removing Unused input sections from the image.

    Removing i2c.o(.rev16_text), (4 bytes).
    Removing i2c.o(.revsh_text), (4 bytes).
    Removing i2c.o(i.I2C_Ping), (52 bytes).
    Removing i2c.o(i.I2C_Read), (88 bytes).
    Removing i2c.o(i.I2C_ReadReg), (120 bytes).
    Removing i2c.o(i.I2C_ReadRegBlock), (164 bytes).
    Removing i2c.o(i.I2C_WriteReg), (76 bytes).
    Removing i2c.o(i.i2c_ack), (20 bytes).
    Removing i2c.o(i.i2c_m_rstart), (32 bytes).
    Removing i2c.o(i.i2c_nack), (20 bytes).
    Removing i2c.o(i.i2c_rec), (20 bytes).
    Removing i2c.o(i.i2c_recv), (12 bytes).
    Removing lcd1602.o(.rev16_text), (4 bytes).
    Removing lcd1602.o(.revsh_text), (4 bytes).
    Removing lcd1602.o(i.LCD1602_BF_AC), (160 bytes).
    Removing lcd1602.o(i.LCD1602_Blink_Off), (12 bytes).
    Removing lcd1602.o(i.LCD1602_Blink_Off_Cursor_On), (12 bytes).
    Removing lcd1602.o(i.LCD1602_Blink_On), (12 bytes).
    Removing lcd1602.o(i.LCD1602_ClearAll), (12 bytes).
    Removing lcd1602.o(i.LCD1602_PL_CH), (324 bytes).
    Removing lcd1602.o(i.LCD1602_PrintNum), (40 bytes).
    Removing lcd1602.o(i.LCD1602_PrintPL), (142 bytes).
    Removing lcd1602.o(i.itoa), (108 bytes).
    Removing main.o(.rev16_text), (4 bytes).
    Removing main.o(.revsh_text), (4 bytes).
    Removing uart0.o(.rev16_text), (4 bytes).
    Removing uart0.o(.revsh_text), (4 bytes).
    Removing tsi.o(.rev16_text), (4 bytes).
    Removing tsi.o(.revsh_text), (4 bytes).
    Removing adc.o(.rev16_text), (4 bytes).
    Removing adc.o(.revsh_text), (4 bytes).
    Removing pit.o(.rev16_text), (4 bytes).
    Removing pit.o(.revsh_text), (4 bytes).
    Removing system_mkl05z4.o(.rev16_text), (4 bytes).
    Removing system_mkl05z4.o(.revsh_text), (4 bytes).
    Removing system_mkl05z4.o(i.SystemCoreClockUpdate), (280 bytes).
    Removing system_mkl05z4.o(i.__ARM_common_switch8), (28 bytes).

37 unused section(s) (total 1798 bytes) removed from the image.

==============================================================================

Image Symbol Table

    Local Symbols

    Symbol Name                              Value     Ov Type        Size  Object(Section)

    RESET                                    0x00000000   Section      192  startup_mkl05z4.o(RESET)
    ../clib/angel/boardlib.s                 0x00000000   Number         0  boardinit3.o ABSOLUTE
    ../clib/angel/boardlib.s                 0x00000000   Number         0  boardshut.o ABSOLUTE
    ../clib/angel/boardlib.s                 0x00000000   Number         0  boardinit1.o ABSOLUTE
    ../clib/angel/boardlib.s                 0x00000000   Number         0  boardinit2.o ABSOLUTE
    ../clib/angel/handlers.s                 0x00000000   Number         0  __scatter_copy.o ABSOLUTE
    ../clib/angel/handlers.s                 0x00000000   Number         0  __scatter_zi.o ABSOLUTE
    ../clib/angel/kernel.s                   0x00000000   Number         0  __rtentry.o ABSOLUTE
    ../clib/angel/kernel.s                   0x00000000   Number         0  __rtentry4.o ABSOLUTE
    ../clib/angel/kernel.s                   0x00000000   Number         0  rtexit.o ABSOLUTE
    ../clib/angel/kernel.s                   0x00000000   Number         0  __rtentry2.o ABSOLUTE
    ../clib/angel/kernel.s                   0x00000000   Number         0  rtexit2.o ABSOLUTE
    ../clib/angel/rt.s                       0x00000000   Number         0  rt_div0.o ABSOLUTE
    ../clib/angel/rt.s                       0x00000000   Number         0  rt_raise.o ABSOLUTE
    ../clib/angel/rt.s                       0x00000000   Number         0  rt_locale_intlibspace.o ABSOLUTE
    ../clib/angel/rt.s                       0x00000000   Number         0  aeabi_idiv0_sigfpe.o ABSOLUTE
    ../clib/angel/rt.s                       0x00000000   Number         0  rt_locale.o ABSOLUTE
    ../clib/angel/rt.s                       0x00000000   Number         0  aeabi_idiv0.o ABSOLUTE
    ../clib/angel/scatterp.s                 0x00000000   Number         0  __scatter.o ABSOLUTE
    ../clib/angel/startup.s                  0x00000000   Number         0  __main.o ABSOLUTE
    ../clib/angel/sys.s                      0x00000000   Number         0  libspace.o ABSOLUTE
    ../clib/angel/sys.s                      0x00000000   Number         0  use_no_semi.o ABSOLUTE
    ../clib/angel/sys.s                      0x00000000   Number         0  indicate_semi.o ABSOLUTE
    ../clib/angel/sys.s                      0x00000000   Number         0  sys_stackheap_outer.o ABSOLUTE
    ../clib/angel/sys.s                      0x00000000   Number         0  tempstk.o ABSOLUTE
    ../clib/angel/sysapp.c                   0x00000000   Number         0  sys_exit.o ABSOLUTE
    ../clib/angel/sysapp.c                   0x00000000   Number         0  sys_command.o ABSOLUTE
    ../clib/angel/sysapp.c                   0x00000000   Number         0  sys_wrch.o ABSOLUTE
    ../clib/armsys.c                         0x00000000   Number         0  argv_veneer.o ABSOLUTE
    ../clib/armsys.c                         0x00000000   Number         0  no_argv.o ABSOLUTE
    ../clib/armsys.c                         0x00000000   Number         0  _get_argv_nomalloc.o ABSOLUTE
    ../clib/bigflt.c                         0x00000000   Number         0  bigflt0.o ABSOLUTE
    ../clib/btod.c                           0x00000000   Number         0  btod.o ABSOLUTE
    ../clib/division.c                       0x00000000   Number         0  lludiv10.o ABSOLUTE
    ../clib/division.c                       0x00000000   Number         0  rtudiv10.o ABSOLUTE
    ../clib/division.s                       0x00000000   Number         0  aeabi_sdiv.o ABSOLUTE
    ../clib/division.s                       0x00000000   Number         0  aeabi_sdiv_div0.o ABSOLUTE
    ../clib/heapalloc.c                      0x00000000   Number         0  hrguard.o ABSOLUTE
    ../clib/heapaux.c                        0x00000000   Number         0  heapauxi.o ABSOLUTE
    ../clib/libinit.s                        0x00000000   Number         0  libshutdown2.o ABSOLUTE
    ../clib/libinit.s                        0x00000000   Number         0  libinit2.o ABSOLUTE
    ../clib/libinit.s                        0x00000000   Number         0  libshutdown.o ABSOLUTE
    ../clib/libinit.s                        0x00000000   Number         0  libinit.o ABSOLUTE
    ../clib/locale.s                         0x00000000   Number         0  lc_numeric_c.o ABSOLUTE
    ../clib/memcpset.c                       0x00000000   Number         0  rt_memcpy.o ABSOLUTE
    ../clib/memcpset.c                       0x00000000   Number         0  rt_memcpy.o ABSOLUTE
    ../clib/misc.s                           0x00000000   Number         0  printf_stubs.o ABSOLUTE
    ../clib/printf.c                         0x00000000   Number         0  __printf.o ABSOLUTE
    ../clib/printf.c                         0x00000000   Number         0  _printf_dec.o ABSOLUTE
    ../clib/printf.c                         0x00000000   Number         0  __printf_flags.o ABSOLUTE
    ../clib/printf.c                         0x00000000   Number         0  __printf_ss.o ABSOLUTE
    ../clib/printf.c                         0x00000000   Number         0  __2sprintf.o ABSOLUTE
    ../clib/printf.c                         0x00000000   Number         0  __printf_flags_ss.o ABSOLUTE
    ../clib/printf.c                         0x00000000   Number         0  __printf_wp.o ABSOLUTE
    ../clib/printf.c                         0x00000000   Number         0  __printf_flags_wp.o ABSOLUTE
    ../clib/printf.c                         0x00000000   Number         0  __printf_ss_wp.o ABSOLUTE
    ../clib/printf.c                         0x00000000   Number         0  __printf_flags_ss_wp.o ABSOLUTE
    ../clib/printf.c                         0x00000000   Number         0  _sputc.o ABSOLUTE
    ../clib/printf.c                         0x00000000   Number         0  _printf_char_common.o ABSOLUTE
    ../clib/printf.c                         0x00000000   Number         0  noretval__2sprintf.o ABSOLUTE
    ../clib/printf.c                         0x00000000   Number         0  _printf_fp_infnan.o ABSOLUTE
    ../clib/printf.c                         0x00000000   Number         0  __printf_nopercent.o ABSOLUTE
    ../clib/printf.c                         0x00000000   Number         0  _printf_fp_dec.o ABSOLUTE
    ../clib/printf.c                         0x00000000   Number         0  _printf_intcommon.o ABSOLUTE
    ../clib/printf_percent.s                 0x00000000   Number         0  _printf_percent_end.o ABSOLUTE
    ../clib/printf_percent.s                 0x00000000   Number         0  _printf_f.o ABSOLUTE
    ../clib/printf_percent.s                 0x00000000   Number         0  _printf_percent.o ABSOLUTE
    ../clib/printf_percent.s                 0x00000000   Number         0  _printf_d.o ABSOLUTE
    ../clib/signal.c                         0x00000000   Number         0  defsig_abrt_inner.o ABSOLUTE
    ../clib/signal.c                         0x00000000   Number         0  defsig_rtmem_outer.o ABSOLUTE
    ../clib/signal.c                         0x00000000   Number         0  defsig_general.o ABSOLUTE
    ../clib/signal.c                         0x00000000   Number         0  defsig_fpe_formal.o ABSOLUTE
    ../clib/signal.c                         0x00000000   Number         0  __raise.o ABSOLUTE
    ../clib/signal.c                         0x00000000   Number         0  defsig_rtmem_formal.o ABSOLUTE
    ../clib/signal.c                         0x00000000   Number         0  defsig_fpe_outer.o ABSOLUTE
    ../clib/signal.c                         0x00000000   Number         0  defsig_fpe_inner.o ABSOLUTE
    ../clib/signal.c                         0x00000000   Number         0  defsig_exit.o ABSOLUTE
    ../clib/signal.c                         0x00000000   Number         0  defsig_other.o ABSOLUTE
    ../clib/signal.c                         0x00000000   Number         0  defsig_segv_inner.o ABSOLUTE
    ../clib/signal.c                         0x00000000   Number         0  defsig_cppl_inner.o ABSOLUTE
    ../clib/signal.c                         0x00000000   Number         0  defsig_pvfn_inner.o ABSOLUTE
    ../clib/signal.c                         0x00000000   Number         0  defsig_stak_inner.o ABSOLUTE
    ../clib/signal.c                         0x00000000   Number         0  defsig_rtmem_inner.o ABSOLUTE
    ../clib/signal.c                         0x00000000   Number         0  defsig_rtred_inner.o ABSOLUTE
    ../clib/signal.s                         0x00000000   Number         0  defsig.o ABSOLUTE
    ../clib/stdlib.c                         0x00000000   Number         0  exit.o ABSOLUTE
    ../clib/string.c                         0x00000000   Number         0  strcmp.o ABSOLUTE
    ../fplib/cfplib/f2d.c                    0x00000000   Number         0  f2d.o ABSOLUTE
    ../fplib/cfplib/fflt.c                   0x00000000   Number         0  fflti.o ABSOLUTE
    ../fplib/cfplib/fpinit.c                 0x00000000   Number         0  fpinit.o ABSOLUTE
    ../fplib/cfplib/ieee_status.c            0x00000000   Number         0  ieee_status.o ABSOLUTE
    ../fplib/fmul6m.s                        0x00000000   Number         0  fmul.o ABSOLUTE
    ../fplib/printf1.s                       0x00000000   Number         0  printf1.o ABSOLUTE
    ../fplib/usenofp.s                       0x00000000   Number         0  usenofp.o ABSOLUTE
    ../mathlib/fpclassify.c                  0x00000000   Number         0  fpclassify.o ABSOLUTE
    ADC.c                                    0x00000000   Number         0  adc.o ABSOLUTE
    ADC.c                                    0x00000000   Number         0  adc.o ABSOLUTE
    RTE\Device\MKL05Z32xxx4\startup_MKL05Z4.s 0x00000000   Number         0  startup_mkl05z4.o ABSOLUTE
    RTE\Device\MKL05Z32xxx4\system_MKL05Z4.c 0x00000000   Number         0  system_mkl05z4.o ABSOLUTE
    RTE\\Device\\MKL05Z32xxx4\\system_MKL05Z4.c 0x00000000   Number         0  system_mkl05z4.o ABSOLUTE
    dc.s                                     0x00000000   Number         0  dc.o ABSOLUTE
    i2c.c                                    0x00000000   Number         0  i2c.o ABSOLUTE
    i2c.c                                    0x00000000   Number         0  i2c.o ABSOLUTE
    lcd1602.c                                0x00000000   Number         0  lcd1602.o ABSOLUTE
    lcd1602.c                                0x00000000   Number         0  lcd1602.o ABSOLUTE
    main.c                                   0x00000000   Number         0  main.o ABSOLUTE
    main.c                                   0x00000000   Number         0  main.o ABSOLUTE
    pit.c                                    0x00000000   Number         0  pit.o ABSOLUTE
    pit.c                                    0x00000000   Number         0  pit.o ABSOLUTE
    tsi.c                                    0x00000000   Number         0  tsi.o ABSOLUTE
    tsi.c                                    0x00000000   Number         0  tsi.o ABSOLUTE
    uart0.c                                  0x00000000   Number         0  uart0.o ABSOLUTE
    uart0.c                                  0x00000000   Number         0  uart0.o ABSOLUTE
    !!!main                                  0x000000c0   Section        8  __main.o(!!!main)
    !!!scatter                               0x000000c8   Section       60  __scatter.o(!!!scatter)
    !!handler_copy                           0x00000104   Section       26  __scatter_copy.o(!!handler_copy)
    !!handler_zi                             0x00000120   Section       28  __scatter_zi.o(!!handler_zi)
    .ARM.Collect$$_printf_percent$$00000000  0x0000013c   Section        2  _printf_percent.o(.ARM.Collect$$_printf_percent$$00000000)
    .ARM.Collect$$_printf_percent$$00000003  0x0000013e   Section       10  _printf_f.o(.ARM.Collect$$_printf_percent$$00000003)
    .ARM.Collect$$_printf_percent$$00000009  0x00000148   Section       10  _printf_d.o(.ARM.Collect$$_printf_percent$$00000009)
    .ARM.Collect$$_printf_percent$$00000017  0x00000152   Section        4  _printf_percent_end.o(.ARM.Collect$$_printf_percent$$00000017)
    .ARM.Collect$$libinit$$00000000          0x00000156   Section        2  libinit.o(.ARM.Collect$$libinit$$00000000)
    .ARM.Collect$$libinit$$00000002          0x00000158   Section        0  libinit2.o(.ARM.Collect$$libinit$$00000002)
    .ARM.Collect$$libinit$$00000004          0x00000158   Section        0  libinit2.o(.ARM.Collect$$libinit$$00000004)
    .ARM.Collect$$libinit$$0000000A          0x00000158   Section        0  libinit2.o(.ARM.Collect$$libinit$$0000000A)
    .ARM.Collect$$libinit$$0000000C          0x00000158   Section        0  libinit2.o(.ARM.Collect$$libinit$$0000000C)
    .ARM.Collect$$libinit$$0000000E          0x00000158   Section        0  libinit2.o(.ARM.Collect$$libinit$$0000000E)
    .ARM.Collect$$libinit$$0000000F          0x00000158   Section        6  libinit2.o(.ARM.Collect$$libinit$$0000000F)
    .ARM.Collect$$libinit$$00000011          0x0000015e   Section        0  libinit2.o(.ARM.Collect$$libinit$$00000011)
    .ARM.Collect$$libinit$$00000013          0x0000015e   Section        0  libinit2.o(.ARM.Collect$$libinit$$00000013)
    .ARM.Collect$$libinit$$00000015          0x0000015e   Section        0  libinit2.o(.ARM.Collect$$libinit$$00000015)
    .ARM.Collect$$libinit$$00000016          0x0000015e   Section       10  libinit2.o(.ARM.Collect$$libinit$$00000016)
    .ARM.Collect$$libinit$$00000017          0x00000168   Section        0  libinit2.o(.ARM.Collect$$libinit$$00000017)
    .ARM.Collect$$libinit$$00000019          0x00000168   Section        0  libinit2.o(.ARM.Collect$$libinit$$00000019)
    .ARM.Collect$$libinit$$0000001B          0x00000168   Section        0  libinit2.o(.ARM.Collect$$libinit$$0000001B)
    .ARM.Collect$$libinit$$0000001D          0x00000168   Section        0  libinit2.o(.ARM.Collect$$libinit$$0000001D)
    .ARM.Collect$$libinit$$0000001F          0x00000168   Section        0  libinit2.o(.ARM.Collect$$libinit$$0000001F)
    .ARM.Collect$$libinit$$00000021          0x00000168   Section        0  libinit2.o(.ARM.Collect$$libinit$$00000021)
    .ARM.Collect$$libinit$$00000023          0x00000168   Section        0  libinit2.o(.ARM.Collect$$libinit$$00000023)
    .ARM.Collect$$libinit$$00000025          0x00000168   Section        0  libinit2.o(.ARM.Collect$$libinit$$00000025)
    .ARM.Collect$$libinit$$0000002C          0x00000168   Section        0  libinit2.o(.ARM.Collect$$libinit$$0000002C)
    .ARM.Collect$$libinit$$0000002E          0x00000168   Section        0  libinit2.o(.ARM.Collect$$libinit$$0000002E)
    .ARM.Collect$$libinit$$00000030          0x00000168   Section        0  libinit2.o(.ARM.Collect$$libinit$$00000030)
    .ARM.Collect$$libinit$$00000032          0x00000168   Section        0  libinit2.o(.ARM.Collect$$libinit$$00000032)
    .ARM.Collect$$libinit$$00000033          0x00000168   Section        2  libinit2.o(.ARM.Collect$$libinit$$00000033)
    .ARM.Collect$$libshutdown$$00000000      0x0000016a   Section        2  libshutdown.o(.ARM.Collect$$libshutdown$$00000000)
    .ARM.Collect$$libshutdown$$00000002      0x0000016c   Section        0  libshutdown2.o(.ARM.Collect$$libshutdown$$00000002)
    .ARM.Collect$$libshutdown$$00000004      0x0000016c   Section        0  libshutdown2.o(.ARM.Collect$$libshutdown$$00000004)
    .ARM.Collect$$libshutdown$$00000006      0x0000016c   Section        0  libshutdown2.o(.ARM.Collect$$libshutdown$$00000006)
    .ARM.Collect$$libshutdown$$00000009      0x0000016c   Section        0  libshutdown2.o(.ARM.Collect$$libshutdown$$00000009)
    .ARM.Collect$$libshutdown$$0000000C      0x0000016c   Section        0  libshutdown2.o(.ARM.Collect$$libshutdown$$0000000C)
    .ARM.Collect$$libshutdown$$0000000E      0x0000016c   Section        0  libshutdown2.o(.ARM.Collect$$libshutdown$$0000000E)
    .ARM.Collect$$libshutdown$$00000011      0x0000016c   Section        0  libshutdown2.o(.ARM.Collect$$libshutdown$$00000011)
    .ARM.Collect$$libshutdown$$00000012      0x0000016c   Section        2  libshutdown2.o(.ARM.Collect$$libshutdown$$00000012)
    .ARM.Collect$$rtentry$$00000000          0x0000016e   Section        0  __rtentry.o(.ARM.Collect$$rtentry$$00000000)
    .ARM.Collect$$rtentry$$00000002          0x0000016e   Section        0  __rtentry2.o(.ARM.Collect$$rtentry$$00000002)
    .ARM.Collect$$rtentry$$00000004          0x0000016e   Section        6  __rtentry4.o(.ARM.Collect$$rtentry$$00000004)
    .ARM.Collect$$rtentry$$00000009          0x00000174   Section        0  __rtentry2.o(.ARM.Collect$$rtentry$$00000009)
    .ARM.Collect$$rtentry$$0000000A          0x00000174   Section        4  __rtentry2.o(.ARM.Collect$$rtentry$$0000000A)
    .ARM.Collect$$rtentry$$0000000C          0x00000178   Section        0  __rtentry2.o(.ARM.Collect$$rtentry$$0000000C)
    .ARM.Collect$$rtentry$$0000000D          0x00000178   Section        8  __rtentry2.o(.ARM.Collect$$rtentry$$0000000D)
    .ARM.Collect$$rtexit$$00000000           0x00000180   Section        2  rtexit.o(.ARM.Collect$$rtexit$$00000000)
    .ARM.Collect$$rtexit$$00000002           0x00000182   Section        0  rtexit2.o(.ARM.Collect$$rtexit$$00000002)
    .ARM.Collect$$rtexit$$00000003           0x00000182   Section        4  rtexit2.o(.ARM.Collect$$rtexit$$00000003)
    .ARM.Collect$$rtexit$$00000004           0x00000186   Section        6  rtexit2.o(.ARM.Collect$$rtexit$$00000004)
    .emb_text                                0x0000018c   Section       56  rt_memcpy.o(.emb_text)
    .text                                    0x000001c4   Section       52  startup_mkl05z4.o(.text)
    .text                                    0x000001f8   Section        0  noretval__2sprintf.o(.text)
    .text                                    0x00000220   Section        0  _printf_dec.o(.text)
    .text                                    0x0000028c   Section        0  __printf_wp.o(.text)
    .text                                    0x0000039a   Section        0  heapauxi.o(.text)
    .text                                    0x000003a0   Section        0  f2d.o(.text)
    .text                                    0x000003f4   Section        0  _sputc.o(.text)
    .text                                    0x000003fe   Section        2  use_no_semi.o(.text)
    .ARM.__at_0x400                          0x00000400   Section       16  startup_mkl05z4.o(.ARM.__at_0x400)
    .text                                    0x00000410   Section      346  aeabi_sdiv.o(.text)
    .text                                    0x0000056a   Section        0  fflti.o(.text)
    .text                                    0x000005c8   Section        0  _printf_intcommon.o(.text)
    .text                                    0x00000678   Section        0  _printf_fp_dec.o(.text)
    _fp_digits                               0x0000067b   Thumb Code   412  _printf_fp_dec.o(.text)
    .text                                    0x00000a90   Section        0  _printf_char_common.o(.text)
    _printf_input_char                       0x00000a91   Thumb Code    10  _printf_char_common.o(.text)
    .text                                    0x00000ac0   Section        0  rtudiv10.o(.text)
    .text                                    0x00000ae8   Section        8  rt_locale_intlibspace.o(.text)
    .text                                    0x00000af0   Section        0  lludiv10.o(.text)
    .text                                    0x00000b6c   Section        0  _printf_fp_infnan.o(.text)
    .text                                    0x00000bf4   Section        0  bigflt0.o(.text)
    .text                                    0x00000ccc   Section        0  btod.o(.text)
    btod_internal_mul                        0x00000d0d   Thumb Code   492  btod.o(.text)
    btod_internal_div                        0x00000ef9   Thumb Code   520  btod.o(.text)
    .text                                    0x0000124c   Section        8  libspace.o(.text)
    .text                                    0x00001254   Section       62  sys_stackheap_outer.o(.text)
    .text                                    0x00001292   Section        0  exit.o(.text)
    .text                                    0x000012a4   Section        0  strcmp.o(.text)
    .text                                    0x0000132c   Section        0  sys_exit.o(.text)
    .text                                    0x00001338   Section        0  indicate_semi.o(.text)
    i.ADC0_IRQHandler                        0x00001338   Section        0  main.o(i.ADC0_IRQHandler)
    i.ADC_Init                               0x00001370   Section        0  adc.o(i.ADC_Init)
    i.I2C_Init                               0x00001498   Section        0  i2c.o(i.I2C_Init)
    i.I2C_Write                              0x000014fc   Section        0  i2c.o(i.I2C_Write)
    i.LCD1602_Backlight                      0x0000153c   Section        0  lcd1602.o(i.LCD1602_Backlight)
    i.LCD1602_CheckAddress                   0x00001550   Section        0  lcd1602.o(i.LCD1602_CheckAddress)
    i.LCD1602_Init                           0x00001584   Section        0  lcd1602.o(i.LCD1602_Init)
    i.LCD1602_Print                          0x000015d4   Section        0  lcd1602.o(i.LCD1602_Print)
    i.LCD1602_SetCursor                      0x000015f0   Section        0  lcd1602.o(i.LCD1602_SetCursor)
    i.LCD1602_Write4                         0x00001614   Section        0  lcd1602.o(i.LCD1602_Write4)
    i.LCD1602_Write8                         0x00001664   Section        0  lcd1602.o(i.LCD1602_Write8)
    i.PCF8574_Write                          0x00001680   Section        0  lcd1602.o(i.PCF8574_Write)
    i.PIT_IRQHandler                         0x000016a8   Section        0  main.o(i.PIT_IRQHandler)
    i.PIT_Init                               0x000016b8   Section        0  pit.o(i.PIT_Init)
    i.SystemInit                             0x0000172c   Section        0  system_mkl05z4.o(i.SystemInit)
    i.TSI0_IRQHandler                        0x00001788   Section        0  tsi.o(i.TSI0_IRQHandler)
    i.TSI_Init                               0x000017ac   Section        0  tsi.o(i.TSI_Init)
    i.TSI_ReadSlider                         0x00001830   Section        0  tsi.o(i.TSI_ReadSlider)
    i.UART0_Init                             0x000018b4   Section        0  uart0.o(i.UART0_Init)
    i.__ARM_common_ll_muluu                  0x00001934   Section        0  btod.o(i.__ARM_common_ll_muluu)
    i.__ARM_fpclassify                       0x00001964   Section        0  fpclassify.o(i.__ARM_fpclassify)
    i._is_digit                              0x00001990   Section        0  __printf_wp.o(i._is_digit)
    i.change_electrode                       0x000019a0   Section        0  tsi.o(i.change_electrode)
    i.i2c_clr_IICIF                          0x00001a34   Section        0  i2c.o(i.i2c_clr_IICIF)
    i.i2c_disable                            0x00001a48   Section        0  i2c.o(i.i2c_disable)
    i.i2c_enable                             0x00001a5c   Section        0  i2c.o(i.i2c_enable)
    i.i2c_m_start                            0x00001a70   Section        0  i2c.o(i.i2c_m_start)
    i.i2c_m_stop                             0x00001a84   Section        0  i2c.o(i.i2c_m_stop)
    i.i2c_send                               0x00001a98   Section        0  i2c.o(i.i2c_send)
    i.i2c_tran                               0x00001aa4   Section        0  i2c.o(i.i2c_tran)
    i.i2c_wait                               0x00001ab8   Section        0  i2c.o(i.i2c_wait)
    i.main                                   0x00001b34   Section        0  main.o(i.main)
    i.self_calibration                       0x00001d00   Section        0  tsi.o(i.self_calibration)
    locale$$code                             0x00001dfc   Section       44  lc_numeric_c.o(locale$$code)
    x$fpl$fmul                               0x00001e28   Section      176  fmul.o(x$fpl$fmul)
    x$fpl$printf1                            0x00001ed8   Section       16  printf1.o(x$fpl$printf1)
    .constdata                               0x00001ee8   Section      148  bigflt0.o(.constdata)
    x$fpl$usenofp                            0x00001ee8   Section        0  usenofp.o(x$fpl$usenofp)
    tenpwrs_x                                0x00001ee8   Data          60  bigflt0.o(.constdata)
    tenpwrs_i                                0x00001f24   Data          64  bigflt0.o(.constdata)
    locale$$data                             0x00001f9c   Section       28  lc_numeric_c.o(locale$$data)
    __lcnum_c_name                           0x00001fa0   Data           2  lc_numeric_c.o(locale$$data)
    __lcnum_c_start                          0x00001fa8   Data           0  lc_numeric_c.o(locale$$data)
    __lcnum_c_point                          0x00001fb4   Data           0  lc_numeric_c.o(locale$$data)
    __lcnum_c_thousands                      0x00001fb6   Data           0  lc_numeric_c.o(locale$$data)
    __lcnum_c_grouping                       0x00001fb7   Data           0  lc_numeric_c.o(locale$$data)
    __lcnum_c_end                            0x00001fb8   Data           0  lc_numeric_c.o(locale$$data)
    .data                                    0x1ffffc00   Section        5  i2c.o(.data)
    error                                    0x1ffffc00   Data           1  i2c.o(.data)
    timeout                                  0x1ffffc02   Data           2  i2c.o(.data)
    .data                                    0x1ffffc05   Section       74  lcd1602.o(.data)
    lcd_backlight                            0x1ffffc05   Data           1  lcd1602.o(.data)
    pcf_address                              0x1ffffc06   Data           1  lcd1602.o(.data)
    .data                                    0x1ffffc50   Section       12  main.o(.data)
    .data                                    0x1ffffc5c   Section       20  tsi.o(.data)
    elec_array                               0x1ffffc5c   Data           2  tsi.o(.data)
    gu16TSICount                             0x1ffffc5e   Data           4  tsi.o(.data)
    gu16Baseline                             0x1ffffc62   Data           4  tsi.o(.data)
    gu16Threshold                            0x1ffffc66   Data           4  tsi.o(.data)
    gu16Delta                                0x1ffffc6a   Data           4  tsi.o(.data)
    ongoing_elec                             0x1ffffc6e   Data           1  tsi.o(.data)
    end_flag                                 0x1ffffc6f   Data           1  tsi.o(.data)
    .data                                    0x1ffffc70   Section        4  system_mkl05z4.o(.data)
    .bss                                     0x1ffffc74   Section       96  libspace.o(.bss)
    HEAP                                     0x1ffffcd8   Section        0  startup_mkl05z4.o(HEAP)
    STACK                                    0x1ffffcd8   Section      768  startup_mkl05z4.o(STACK)
    Heap_Mem                                 0x1ffffcd8   Data           0  startup_mkl05z4.o(HEAP)
    Stack_Mem                                0x1ffffcd8   Data         768  startup_mkl05z4.o(STACK)
    __initial_sp                             0x1fffffd8   Data           0  startup_mkl05z4.o(STACK)

    Global Symbols

    Symbol Name                              Value     Ov Type        Size  Object(Section)

    BuildAttributes$$THM_ISAv3M$S$PE$A:L22$X:L11$S22$IEEE1$IW$USESV6$~STKCKD$USESV7$~SHL$OTIME$ROPI$IEEEJ$EBA8$UX$STANDARDLIB$REQ8$PRES8$EABIv2 0x00000000   Number         0  anon$$obj.o ABSOLUTE
    __ARM_use_no_argv                        0x00000000   Number         0  main.o ABSOLUTE
    __Vectors                                0x00000000   Data           4  startup_mkl05z4.o(RESET)
    _printf_flags                            0x00000000   Number         0  printf_stubs.o ABSOLUTE
    _printf_return_value                     0x00000000   Number         0  printf_stubs.o ABSOLUTE
    _printf_sizespec                         0x00000000   Number         0  printf_stubs.o ABSOLUTE
    _printf_widthprec                        0x00000000   Number         0  printf_stubs.o ABSOLUTE
    __ARM_exceptions_init                     - Undefined Weak Reference
    __alloca_initialize                       - Undefined Weak Reference
    __arm_fini_                               - Undefined Weak Reference
    __arm_preinit_                            - Undefined Weak Reference
    __cpp_initialize__aeabi_                  - Undefined Weak Reference
    __cxa_finalize                            - Undefined Weak Reference
    __sigvec_lookup                           - Undefined Weak Reference
    _atexit_init                              - Undefined Weak Reference
    _call_atexit_fns                          - Undefined Weak Reference
    _clock_init                               - Undefined Weak Reference
    _fp_trap_init                             - Undefined Weak Reference
    _fp_trap_shutdown                         - Undefined Weak Reference
    _get_lc_collate                           - Undefined Weak Reference
    _get_lc_ctype                             - Undefined Weak Reference
    _get_lc_monetary                          - Undefined Weak Reference
    _get_lc_time                              - Undefined Weak Reference
    _getenv_init                              - Undefined Weak Reference
    _handle_redirection                       - Undefined Weak Reference
    _init_alloc                               - Undefined Weak Reference
    _init_user_alloc                          - Undefined Weak Reference
    _initio                                   - Undefined Weak Reference
    _printf_post_padding                      - Undefined Weak Reference
    _printf_pre_padding                       - Undefined Weak Reference
    _printf_truncate_signed                   - Undefined Weak Reference
    _printf_truncate_unsigned                 - Undefined Weak Reference
    _rand_init                                - Undefined Weak Reference
    _signal_finish                            - Undefined Weak Reference
    _signal_init                              - Undefined Weak Reference
    _terminate_alloc                          - Undefined Weak Reference
    _terminate_user_alloc                     - Undefined Weak Reference
    _terminateio                              - Undefined Weak Reference
    __Vectors_End                            0x000000c0   Data           0  startup_mkl05z4.o(RESET)
    __Vectors_Size                           0x000000c0   Number         0  startup_mkl05z4.o ABSOLUTE
    __main                                   0x000000c1   Thumb Code     8  __main.o(!!!main)
    __scatterload                            0x000000c9   Thumb Code     0  __scatter.o(!!!scatter)
    __scatterload_rt2                        0x000000c9   Thumb Code    52  __scatter.o(!!!scatter)
    __scatterload_rt2_thumb_only             0x000000c9   Thumb Code     0  __scatter.o(!!!scatter)
    __scatterload_null                       0x000000d9   Thumb Code     0  __scatter.o(!!!scatter)
    __scatterload_copy                       0x00000105   Thumb Code    26  __scatter_copy.o(!!handler_copy)
    __scatterload_zeroinit                   0x00000121   Thumb Code    28  __scatter_zi.o(!!handler_zi)
    _printf_percent                          0x0000013d   Thumb Code     0  _printf_percent.o(.ARM.Collect$$_printf_percent$$00000000)
    _printf_f                                0x0000013f   Thumb Code     0  _printf_f.o(.ARM.Collect$$_printf_percent$$00000003)
    _printf_d                                0x00000149   Thumb Code     0  _printf_d.o(.ARM.Collect$$_printf_percent$$00000009)
    _printf_percent_end                      0x00000153   Thumb Code     0  _printf_percent_end.o(.ARM.Collect$$_printf_percent$$00000017)
    __rt_lib_init                            0x00000157   Thumb Code     0  libinit.o(.ARM.Collect$$libinit$$00000000)
    __rt_lib_init_fp_1                       0x00000159   Thumb Code     0  libinit2.o(.ARM.Collect$$libinit$$00000002)
    __rt_lib_init_heap_1                     0x00000159   Thumb Code     0  libinit2.o(.ARM.Collect$$libinit$$0000000A)
    __rt_lib_init_lc_common                  0x00000159   Thumb Code     0  libinit2.o(.ARM.Collect$$libinit$$0000000F)
    __rt_lib_init_preinit_1                  0x00000159   Thumb Code     0  libinit2.o(.ARM.Collect$$libinit$$00000004)
    __rt_lib_init_rand_1                     0x00000159   Thumb Code     0  libinit2.o(.ARM.Collect$$libinit$$0000000E)
    __rt_lib_init_user_alloc_1               0x00000159   Thumb Code     0  libinit2.o(.ARM.Collect$$libinit$$0000000C)
    __rt_lib_init_lc_collate_1               0x0000015f   Thumb Code     0  libinit2.o(.ARM.Collect$$libinit$$00000011)
    __rt_lib_init_lc_ctype_1                 0x0000015f   Thumb Code     0  libinit2.o(.ARM.Collect$$libinit$$00000013)
    __rt_lib_init_lc_monetary_1              0x0000015f   Thumb Code     0  libinit2.o(.ARM.Collect$$libinit$$00000015)
    __rt_lib_init_lc_numeric_2               0x0000015f   Thumb Code     0  libinit2.o(.ARM.Collect$$libinit$$00000016)
    __rt_lib_init_alloca_1                   0x00000169   Thumb Code     0  libinit2.o(.ARM.Collect$$libinit$$0000002E)
    __rt_lib_init_argv_1                     0x00000169   Thumb Code     0  libinit2.o(.ARM.Collect$$libinit$$0000002C)
    __rt_lib_init_atexit_1                   0x00000169   Thumb Code     0  libinit2.o(.ARM.Collect$$libinit$$0000001B)
    __rt_lib_init_clock_1                    0x00000169   Thumb Code     0  libinit2.o(.ARM.Collect$$libinit$$00000021)
    __rt_lib_init_cpp_1                      0x00000169   Thumb Code     0  libinit2.o(.ARM.Collect$$libinit$$00000032)
    __rt_lib_init_exceptions_1               0x00000169   Thumb Code     0  libinit2.o(.ARM.Collect$$libinit$$00000030)
    __rt_lib_init_fp_trap_1                  0x00000169   Thumb Code     0  libinit2.o(.ARM.Collect$$libinit$$0000001F)
    __rt_lib_init_getenv_1                   0x00000169   Thumb Code     0  libinit2.o(.ARM.Collect$$libinit$$00000023)
    __rt_lib_init_lc_numeric_1               0x00000169   Thumb Code     0  libinit2.o(.ARM.Collect$$libinit$$00000017)
    __rt_lib_init_lc_time_1                  0x00000169   Thumb Code     0  libinit2.o(.ARM.Collect$$libinit$$00000019)
    __rt_lib_init_return                     0x00000169   Thumb Code     0  libinit2.o(.ARM.Collect$$libinit$$00000033)
    __rt_lib_init_signal_1                   0x00000169   Thumb Code     0  libinit2.o(.ARM.Collect$$libinit$$0000001D)
    __rt_lib_init_stdio_1                    0x00000169   Thumb Code     0  libinit2.o(.ARM.Collect$$libinit$$00000025)
    __rt_lib_shutdown                        0x0000016b   Thumb Code     0  libshutdown.o(.ARM.Collect$$libshutdown$$00000000)
    __rt_lib_shutdown_cpp_1                  0x0000016d   Thumb Code     0  libshutdown2.o(.ARM.Collect$$libshutdown$$00000004)
    __rt_lib_shutdown_fini_1                 0x0000016d   Thumb Code     0  libshutdown2.o(.ARM.Collect$$libshutdown$$00000002)
    __rt_lib_shutdown_fp_trap_1              0x0000016d   Thumb Code     0  libshutdown2.o(.ARM.Collect$$libshutdown$$00000009)
    __rt_lib_shutdown_heap_1                 0x0000016d   Thumb Code     0  libshutdown2.o(.ARM.Collect$$libshutdown$$00000011)
    __rt_lib_shutdown_return                 0x0000016d   Thumb Code     0  libshutdown2.o(.ARM.Collect$$libshutdown$$00000012)
    __rt_lib_shutdown_signal_1               0x0000016d   Thumb Code     0  libshutdown2.o(.ARM.Collect$$libshutdown$$0000000C)
    __rt_lib_shutdown_stdio_1                0x0000016d   Thumb Code     0  libshutdown2.o(.ARM.Collect$$libshutdown$$00000006)
    __rt_lib_shutdown_user_alloc_1           0x0000016d   Thumb Code     0  libshutdown2.o(.ARM.Collect$$libshutdown$$0000000E)
    __rt_entry                               0x0000016f   Thumb Code     0  __rtentry.o(.ARM.Collect$$rtentry$$00000000)
    __rt_entry_presh_1                       0x0000016f   Thumb Code     0  __rtentry2.o(.ARM.Collect$$rtentry$$00000002)
    __rt_entry_sh                            0x0000016f   Thumb Code     0  __rtentry4.o(.ARM.Collect$$rtentry$$00000004)
    __rt_entry_li                            0x00000175   Thumb Code     0  __rtentry2.o(.ARM.Collect$$rtentry$$0000000A)
    __rt_entry_postsh_1                      0x00000175   Thumb Code     0  __rtentry2.o(.ARM.Collect$$rtentry$$00000009)
    __rt_entry_main                          0x00000179   Thumb Code     0  __rtentry2.o(.ARM.Collect$$rtentry$$0000000D)
    __rt_entry_postli_1                      0x00000179   Thumb Code     0  __rtentry2.o(.ARM.Collect$$rtentry$$0000000C)
    __rt_exit                                0x00000181   Thumb Code     0  rtexit.o(.ARM.Collect$$rtexit$$00000000)
    __rt_exit_ls                             0x00000183   Thumb Code     0  rtexit2.o(.ARM.Collect$$rtexit$$00000003)
    __rt_exit_prels_1                        0x00000183   Thumb Code     0  rtexit2.o(.ARM.Collect$$rtexit$$00000002)
    __rt_exit_exit                           0x00000187   Thumb Code     0  rtexit2.o(.ARM.Collect$$rtexit$$00000004)
    __aeabi_memcpy4                          0x0000018d   Thumb Code    56  rt_memcpy.o(.emb_text)
    __aeabi_memcpy8                          0x0000018d   Thumb Code     0  rt_memcpy.o(.emb_text)
    Reset_Handler                            0x000001c5   Thumb Code     8  startup_mkl05z4.o(.text)
    NMI_Handler                              0x000001cd   Thumb Code     2  startup_mkl05z4.o(.text)
    HardFault_Handler                        0x000001cf   Thumb Code     2  startup_mkl05z4.o(.text)
    SVC_Handler                              0x000001d1   Thumb Code     2  startup_mkl05z4.o(.text)
    PendSV_Handler                           0x000001d3   Thumb Code     2  startup_mkl05z4.o(.text)
    SysTick_Handler                          0x000001d5   Thumb Code     2  startup_mkl05z4.o(.text)
    CMP0_IRQHandler                          0x000001d7   Thumb Code     0  startup_mkl05z4.o(.text)
    DAC0_IRQHandler                          0x000001d7   Thumb Code     0  startup_mkl05z4.o(.text)
    DMA0_IRQHandler                          0x000001d7   Thumb Code     0  startup_mkl05z4.o(.text)
    DMA1_IRQHandler                          0x000001d7   Thumb Code     0  startup_mkl05z4.o(.text)
    DMA2_IRQHandler                          0x000001d7   Thumb Code     0  startup_mkl05z4.o(.text)
    DMA3_IRQHandler                          0x000001d7   Thumb Code     0  startup_mkl05z4.o(.text)
    DefaultISR                               0x000001d7   Thumb Code     0  startup_mkl05z4.o(.text)
    FTFA_IRQHandler                          0x000001d7   Thumb Code     0  startup_mkl05z4.o(.text)
    I2C0_IRQHandler                          0x000001d7   Thumb Code     0  startup_mkl05z4.o(.text)
    LLW_IRQHandler                           0x000001d7   Thumb Code     0  startup_mkl05z4.o(.text)
    LPTimer_IRQHandler                       0x000001d7   Thumb Code     0  startup_mkl05z4.o(.text)
    LVD_LVW_IRQHandler                       0x000001d7   Thumb Code     0  startup_mkl05z4.o(.text)
    MCG_IRQHandler                           0x000001d7   Thumb Code     0  startup_mkl05z4.o(.text)
    PORTA_IRQHandler                         0x000001d7   Thumb Code     0  startup_mkl05z4.o(.text)
    PORTB_IRQHandler                         0x000001d7   Thumb Code     0  startup_mkl05z4.o(.text)
    RTC_IRQHandler                           0x000001d7   Thumb Code     0  startup_mkl05z4.o(.text)
    RTC_Seconds_IRQHandler                   0x000001d7   Thumb Code     0  startup_mkl05z4.o(.text)
    Reserved20_IRQHandler                    0x000001d7   Thumb Code     0  startup_mkl05z4.o(.text)
    Reserved25_IRQHandler                    0x000001d7   Thumb Code     0  startup_mkl05z4.o(.text)
    Reserved27_IRQHandler                    0x000001d7   Thumb Code     0  startup_mkl05z4.o(.text)
    Reserved29_IRQHandler                    0x000001d7   Thumb Code     0  startup_mkl05z4.o(.text)
    Reserved30_IRQHandler                    0x000001d7   Thumb Code     0  startup_mkl05z4.o(.text)
    Reserved35_IRQHandler                    0x000001d7   Thumb Code     0  startup_mkl05z4.o(.text)
    Reserved39_IRQHandler                    0x000001d7   Thumb Code     0  startup_mkl05z4.o(.text)
    Reserved40_IRQHandler                    0x000001d7   Thumb Code     0  startup_mkl05z4.o(.text)
    Reserved45_IRQHandler                    0x000001d7   Thumb Code     0  startup_mkl05z4.o(.text)
    SPI0_IRQHandler                          0x000001d7   Thumb Code     0  startup_mkl05z4.o(.text)
    TPM0_IRQHandler                          0x000001d7   Thumb Code     0  startup_mkl05z4.o(.text)
    TPM1_IRQHandler                          0x000001d7   Thumb Code     0  startup_mkl05z4.o(.text)
    UART0_IRQHandler                         0x000001d7   Thumb Code     0  startup_mkl05z4.o(.text)
    __user_initial_stackheap                 0x000001d9   Thumb Code     0  startup_mkl05z4.o(.text)
    __2sprintf                               0x000001f9   Thumb Code    36  noretval__2sprintf.o(.text)
    _printf_int_dec                          0x00000221   Thumb Code    90  _printf_dec.o(.text)
    __printf                                 0x0000028d   Thumb Code   270  __printf_wp.o(.text)
    __use_two_region_memory                  0x0000039b   Thumb Code     2  heapauxi.o(.text)
    __rt_heap_escrow$2region                 0x0000039d   Thumb Code     2  heapauxi.o(.text)
    __rt_heap_expand$2region                 0x0000039f   Thumb Code     2  heapauxi.o(.text)
    __aeabi_f2d                              0x000003a1   Thumb Code     0  f2d.o(.text)
    _f2d                                     0x000003a1   Thumb Code    80  f2d.o(.text)
    _sputc                                   0x000003f5   Thumb Code    10  _sputc.o(.text)
    __I$use$semihosting                      0x000003ff   Thumb Code     0  use_no_semi.o(.text)
    __use_no_semihosting_swi                 0x000003ff   Thumb Code     2  use_no_semi.o(.text)
    __aeabi_uidiv                            0x00000411   Thumb Code     0  aeabi_sdiv.o(.text)
    __aeabi_uidivmod                         0x00000411   Thumb Code    20  aeabi_sdiv.o(.text)
    __aeabi_idiv                             0x00000425   Thumb Code     0  aeabi_sdiv.o(.text)
    __aeabi_idivmod                          0x00000425   Thumb Code   326  aeabi_sdiv.o(.text)
    __aeabi_i2f_normalise                    0x0000056b   Thumb Code    72  fflti.o(.text)
    __aeabi_i2f                              0x000005b3   Thumb Code    16  fflti.o(.text)
    _fflt                                    0x000005b3   Thumb Code     0  fflti.o(.text)
    __aeabi_ui2f                             0x000005c3   Thumb Code     6  fflti.o(.text)
    _ffltu                                   0x000005c3   Thumb Code     0  fflti.o(.text)
    _printf_int_common                       0x000005c9   Thumb Code   176  _printf_intcommon.o(.text)
    __lib_sel_fp_printf                      0x00000679   Thumb Code     2  _printf_fp_dec.o(.text)
    _printf_fp_dec_real                      0x00000817   Thumb Code   620  _printf_fp_dec.o(.text)
    _printf_char_common                      0x00000a9b   Thumb Code    32  _printf_char_common.o(.text)
    __rt_udiv10                              0x00000ac1   Thumb Code    40  rtudiv10.o(.text)
    __rt_locale                              0x00000ae9   Thumb Code     8  rt_locale_intlibspace.o(.text)
    _ll_udiv10                               0x00000af1   Thumb Code   122  lludiv10.o(.text)
    _printf_fp_infnan                        0x00000b6d   Thumb Code   120  _printf_fp_infnan.o(.text)
    _btod_etento                             0x00000bf5   Thumb Code   210  bigflt0.o(.text)
    _btod_d2e                                0x00000ccd   Thumb Code    64  btod.o(.text)
    _btod_emul                               0x00001101   Thumb Code    28  btod.o(.text)
    _btod_emuld                              0x0000111d   Thumb Code   144  btod.o(.text)
    _btod_ediv                               0x000011ad   Thumb Code    26  btod.o(.text)
    _btod_edivd                              0x000011c7   Thumb Code   124  btod.o(.text)
    __user_libspace                          0x0000124d   Thumb Code     8  libspace.o(.text)
    __user_perproc_libspace                  0x0000124d   Thumb Code     0  libspace.o(.text)
    __user_perthread_libspace                0x0000124d   Thumb Code     0  libspace.o(.text)
    __user_setup_stackheap                   0x00001255   Thumb Code    62  sys_stackheap_outer.o(.text)
    exit                                     0x00001293   Thumb Code    16  exit.o(.text)
    strcmp                                   0x000012a5   Thumb Code   132  strcmp.o(.text)
    _sys_exit                                0x0000132d   Thumb Code     8  sys_exit.o(.text)
    ADC0_IRQHandler                          0x00001339   Thumb Code    38  main.o(i.ADC0_IRQHandler)
    __semihosting_library_function           0x00001339   Thumb Code     0  indicate_semi.o(.text)
    ADC_Init                                 0x00001371   Thumb Code   276  adc.o(i.ADC_Init)
    I2C_Init                                 0x00001499   Thumb Code    86  i2c.o(i.I2C_Init)
    I2C_Write                                0x000014fd   Thumb Code    60  i2c.o(i.I2C_Write)
    LCD1602_Backlight                        0x0000153d   Thumb Code    16  lcd1602.o(i.LCD1602_Backlight)
    LCD1602_CheckAddress                     0x00001551   Thumb Code    48  lcd1602.o(i.LCD1602_CheckAddress)
    LCD1602_Init                             0x00001585   Thumb Code    74  lcd1602.o(i.LCD1602_Init)
    LCD1602_Print                            0x000015d5   Thumb Code    28  lcd1602.o(i.LCD1602_Print)
    LCD1602_SetCursor                        0x000015f1   Thumb Code    36  lcd1602.o(i.LCD1602_SetCursor)
    LCD1602_Write4                           0x00001615   Thumb Code    74  lcd1602.o(i.LCD1602_Write4)
    LCD1602_Write8                           0x00001665   Thumb Code    28  lcd1602.o(i.LCD1602_Write8)
    PCF8574_Write                            0x00001681   Thumb Code    32  lcd1602.o(i.PCF8574_Write)
    PIT_IRQHandler                           0x000016a9   Thumb Code    12  main.o(i.PIT_IRQHandler)
    PIT_Init                                 0x000016b9   Thumb Code    90  pit.o(i.PIT_Init)
    SystemInit                               0x0000172d   Thumb Code    78  system_mkl05z4.o(i.SystemInit)
    TSI0_IRQHandler                          0x00001789   Thumb Code    26  tsi.o(i.TSI0_IRQHandler)
    TSI_Init                                 0x000017ad   Thumb Code   104  tsi.o(i.TSI_Init)
    TSI_ReadSlider                           0x00001831   Thumb Code   120  tsi.o(i.TSI_ReadSlider)
    UART0_Init                               0x000018b5   Thumb Code   116  uart0.o(i.UART0_Init)
    __ARM_common_ll_muluu                    0x00001935   Thumb Code    48  btod.o(i.__ARM_common_ll_muluu)
    __ARM_fpclassify                         0x00001965   Thumb Code    40  fpclassify.o(i.__ARM_fpclassify)
    _is_digit                                0x00001991   Thumb Code    14  __printf_wp.o(i._is_digit)
    change_electrode                         0x000019a1   Thumb Code   122  tsi.o(i.change_electrode)
    i2c_clr_IICIF                            0x00001a35   Thumb Code    14  i2c.o(i.i2c_clr_IICIF)
    i2c_disable                              0x00001a49   Thumb Code    14  i2c.o(i.i2c_disable)
    i2c_enable                               0x00001a5d   Thumb Code    14  i2c.o(i.i2c_enable)
    i2c_m_start                              0x00001a71   Thumb Code    14  i2c.o(i.i2c_m_start)
    i2c_m_stop                               0x00001a85   Thumb Code    14  i2c.o(i.i2c_m_stop)
    i2c_send                                 0x00001a99   Thumb Code     6  i2c.o(i.i2c_send)
    i2c_tran                                 0x00001aa5   Thumb Code    14  i2c.o(i.i2c_tran)
    i2c_wait                                 0x00001ab9   Thumb Code   106  i2c.o(i.i2c_wait)
    main                                     0x00001b35   Thumb Code   344  main.o(i.main)
    self_calibration                         0x00001d01   Thumb Code   240  tsi.o(i.self_calibration)
    _get_lc_numeric                          0x00001dfd   Thumb Code    44  lc_numeric_c.o(locale$$code)
    __aeabi_fmul                             0x00001e29   Thumb Code     0  fmul.o(x$fpl$fmul)
    _fmul                                    0x00001e29   Thumb Code   172  fmul.o(x$fpl$fmul)
    _printf_fp_dec                           0x00001ed9   Thumb Code    16  printf1.o(x$fpl$printf1)
    __I$use$fp                               0x00001ee8   Number         0  usenofp.o(x$fpl$usenofp)
    Region$$Table$$Base                      0x00001f7c   Number         0  anon$$obj.o(Region$$Table)
    Region$$Table$$Limit                     0x00001f9c   Number         0  anon$$obj.o(Region$$Table)
    dummy                                    0x1ffffc04   Data           1  i2c.o(.data)
    PL_CH_a_                                 0x1ffffc07   Data           8  lcd1602.o(.data)
    PL_CH_c_                                 0x1ffffc0f   Data           8  lcd1602.o(.data)
    PL_CH_e_                                 0x1ffffc17   Data           8  lcd1602.o(.data)
    PL_CH_l_                                 0x1ffffc1f   Data           8  lcd1602.o(.data)
    PL_CH_n_                                 0x1ffffc27   Data           8  lcd1602.o(.data)
    PL_CH_o_                                 0x1ffffc2f   Data           8  lcd1602.o(.data)
    PL_CH_s_                                 0x1ffffc37   Data           8  lcd1602.o(.data)
    PL_CH_z_                                 0x1ffffc3f   Data           8  lcd1602.o(.data)
    PL_CH_z__                                0x1ffffc47   Data           8  lcd1602.o(.data)
    adc_volt_coeff                           0x1ffffc50   Data           4  main.o(.data)
    wynik_ok                                 0x1ffffc54   Data           1  main.o(.data)
    temp                                     0x1ffffc56   Data           2  main.o(.data)
    wynik                                    0x1ffffc58   Data           4  main.o(.data)
    SystemCoreClock                          0x1ffffc70   Data           4  system_mkl05z4.o(.data)
    __libspace_start                         0x1ffffc74   Data          96  libspace.o(.bss)
    __temporary_stack_top$libspace           0x1ffffcd4   Data           0  libspace.o(.bss)



==============================================================================

Memory Map of the image

  Image Entry point : 0x000000c1

  Load Region LR_IROM1 (Base: 0x00000000, Size: 0x0000202c, Max: 0x00008000, ABSOLUTE)

    Execution Region ER_IROM1 (Exec base: 0x00000000, Load base: 0x00000000, Size: 0x00001fb8, Max: 0x00008000, ABSOLUTE)

    Exec Addr    Load Addr    Size         Type   Attr      Idx    E Section Name        Object

    0x00000000   0x00000000   0x000000c0   Data   RO          480    RESET               startup_mkl05z4.o
    0x000000c0   0x000000c0   0x00000008   Code   RO          565  * !!!main             c_p.l(__main.o)
    0x000000c8   0x000000c8   0x0000003c   Code   RO          783    !!!scatter          c_p.l(__scatter.o)
    0x00000104   0x00000104   0x0000001a   Code   RO          785    !!handler_copy      c_p.l(__scatter_copy.o)
    0x0000011e   0x0000011e   0x00000002   PAD
    0x00000120   0x00000120   0x0000001c   Code   RO          787    !!handler_zi        c_p.l(__scatter_zi.o)
    0x0000013c   0x0000013c   0x00000002   Code   RO          554    .ARM.Collect$$_printf_percent$$00000000  c_p.l(_printf_percent.o)
    0x0000013e   0x0000013e   0x0000000a   Code   RO          553    .ARM.Collect$$_printf_percent$$00000003  c_p.l(_printf_f.o)
    0x00000148   0x00000148   0x0000000a   Code   RO          552    .ARM.Collect$$_printf_percent$$00000009  c_p.l(_printf_d.o)
    0x00000152   0x00000152   0x00000004   Code   RO          588    .ARM.Collect$$_printf_percent$$00000017  c_p.l(_printf_percent_end.o)
    0x00000156   0x00000156   0x00000002   Code   RO          653    .ARM.Collect$$libinit$$00000000  c_p.l(libinit.o)
    0x00000158   0x00000158   0x00000000   Code   RO          655    .ARM.Collect$$libinit$$00000002  c_p.l(libinit2.o)
    0x00000158   0x00000158   0x00000000   Code   RO          657    .ARM.Collect$$libinit$$00000004  c_p.l(libinit2.o)
    0x00000158   0x00000158   0x00000000   Code   RO          660    .ARM.Collect$$libinit$$0000000A  c_p.l(libinit2.o)
    0x00000158   0x00000158   0x00000000   Code   RO          662    .ARM.Collect$$libinit$$0000000C  c_p.l(libinit2.o)
    0x00000158   0x00000158   0x00000000   Code   RO          664    .ARM.Collect$$libinit$$0000000E  c_p.l(libinit2.o)
    0x00000158   0x00000158   0x00000006   Code   RO          665    .ARM.Collect$$libinit$$0000000F  c_p.l(libinit2.o)
    0x0000015e   0x0000015e   0x00000000   Code   RO          667    .ARM.Collect$$libinit$$00000011  c_p.l(libinit2.o)
    0x0000015e   0x0000015e   0x00000000   Code   RO          669    .ARM.Collect$$libinit$$00000013  c_p.l(libinit2.o)
    0x0000015e   0x0000015e   0x00000000   Code   RO          671    .ARM.Collect$$libinit$$00000015  c_p.l(libinit2.o)
    0x0000015e   0x0000015e   0x0000000a   Code   RO          672    .ARM.Collect$$libinit$$00000016  c_p.l(libinit2.o)
    0x00000168   0x00000168   0x00000000   Code   RO          673    .ARM.Collect$$libinit$$00000017  c_p.l(libinit2.o)
    0x00000168   0x00000168   0x00000000   Code   RO          675    .ARM.Collect$$libinit$$00000019  c_p.l(libinit2.o)
    0x00000168   0x00000168   0x00000000   Code   RO          677    .ARM.Collect$$libinit$$0000001B  c_p.l(libinit2.o)
    0x00000168   0x00000168   0x00000000   Code   RO          679    .ARM.Collect$$libinit$$0000001D  c_p.l(libinit2.o)
    0x00000168   0x00000168   0x00000000   Code   RO          681    .ARM.Collect$$libinit$$0000001F  c_p.l(libinit2.o)
    0x00000168   0x00000168   0x00000000   Code   RO          683    .ARM.Collect$$libinit$$00000021  c_p.l(libinit2.o)
    0x00000168   0x00000168   0x00000000   Code   RO          685    .ARM.Collect$$libinit$$00000023  c_p.l(libinit2.o)
    0x00000168   0x00000168   0x00000000   Code   RO          687    .ARM.Collect$$libinit$$00000025  c_p.l(libinit2.o)
    0x00000168   0x00000168   0x00000000   Code   RO          691    .ARM.Collect$$libinit$$0000002C  c_p.l(libinit2.o)
    0x00000168   0x00000168   0x00000000   Code   RO          693    .ARM.Collect$$libinit$$0000002E  c_p.l(libinit2.o)
    0x00000168   0x00000168   0x00000000   Code   RO          695    .ARM.Collect$$libinit$$00000030  c_p.l(libinit2.o)
    0x00000168   0x00000168   0x00000000   Code   RO          697    .ARM.Collect$$libinit$$00000032  c_p.l(libinit2.o)
    0x00000168   0x00000168   0x00000002   Code   RO          698    .ARM.Collect$$libinit$$00000033  c_p.l(libinit2.o)
    0x0000016a   0x0000016a   0x00000002   Code   RO          746    .ARM.Collect$$libshutdown$$00000000  c_p.l(libshutdown.o)
    0x0000016c   0x0000016c   0x00000000   Code   RO          764    .ARM.Collect$$libshutdown$$00000002  c_p.l(libshutdown2.o)
    0x0000016c   0x0000016c   0x00000000   Code   RO          766    .ARM.Collect$$libshutdown$$00000004  c_p.l(libshutdown2.o)
    0x0000016c   0x0000016c   0x00000000   Code   RO          768    .ARM.Collect$$libshutdown$$00000006  c_p.l(libshutdown2.o)
    0x0000016c   0x0000016c   0x00000000   Code   RO          771    .ARM.Collect$$libshutdown$$00000009  c_p.l(libshutdown2.o)
    0x0000016c   0x0000016c   0x00000000   Code   RO          774    .ARM.Collect$$libshutdown$$0000000C  c_p.l(libshutdown2.o)
    0x0000016c   0x0000016c   0x00000000   Code   RO          776    .ARM.Collect$$libshutdown$$0000000E  c_p.l(libshutdown2.o)
    0x0000016c   0x0000016c   0x00000000   Code   RO          779    .ARM.Collect$$libshutdown$$00000011  c_p.l(libshutdown2.o)
    0x0000016c   0x0000016c   0x00000002   Code   RO          780    .ARM.Collect$$libshutdown$$00000012  c_p.l(libshutdown2.o)
    0x0000016e   0x0000016e   0x00000000   Code   RO          575    .ARM.Collect$$rtentry$$00000000  c_p.l(__rtentry.o)
    0x0000016e   0x0000016e   0x00000000   Code   RO          593    .ARM.Collect$$rtentry$$00000002  c_p.l(__rtentry2.o)
    0x0000016e   0x0000016e   0x00000006   Code   RO          605    .ARM.Collect$$rtentry$$00000004  c_p.l(__rtentry4.o)
    0x00000174   0x00000174   0x00000000   Code   RO          595    .ARM.Collect$$rtentry$$00000009  c_p.l(__rtentry2.o)
    0x00000174   0x00000174   0x00000004   Code   RO          596    .ARM.Collect$$rtentry$$0000000A  c_p.l(__rtentry2.o)
    0x00000178   0x00000178   0x00000000   Code   RO          598    .ARM.Collect$$rtentry$$0000000C  c_p.l(__rtentry2.o)
    0x00000178   0x00000178   0x00000008   Code   RO          599    .ARM.Collect$$rtentry$$0000000D  c_p.l(__rtentry2.o)
    0x00000180   0x00000180   0x00000002   Code   RO          700    .ARM.Collect$$rtexit$$00000000  c_p.l(rtexit.o)
    0x00000182   0x00000182   0x00000000   Code   RO          715    .ARM.Collect$$rtexit$$00000002  c_p.l(rtexit2.o)
    0x00000182   0x00000182   0x00000004   Code   RO          716    .ARM.Collect$$rtexit$$00000003  c_p.l(rtexit2.o)
    0x00000186   0x00000186   0x00000006   Code   RO          717    .ARM.Collect$$rtexit$$00000004  c_p.l(rtexit2.o)
    0x0000018c   0x0000018c   0x00000038   Code   RO          555    .emb_text           c_p.l(rt_memcpy.o)
    0x000001c4   0x000001c4   0x00000034   Code   RO          482    .text               startup_mkl05z4.o
    0x000001f8   0x000001f8   0x00000028   Code   RO          526    .text               c_p.l(noretval__2sprintf.o)
    0x00000220   0x00000220   0x0000006c   Code   RO          530    .text               c_p.l(_printf_dec.o)
    0x0000028c   0x0000028c   0x0000010e   Code   RO          540    .text               c_p.l(__printf_wp.o)
    0x0000039a   0x0000039a   0x00000006   Code   RO          563    .text               c_p.l(heapauxi.o)
    0x000003a0   0x000003a0   0x00000054   Code   RO          567    .text               fz_ps.l(f2d.o)
    0x000003f4   0x000003f4   0x0000000a   Code   RO          586    .text               c_p.l(_sputc.o)
    0x000003fe   0x000003fe   0x00000002   Code   RO          733    .text               c_p.l(use_no_semi.o)
    0x00000400   0x00000400   0x00000010   Code   RO          481    .ARM.__at_0x400     startup_mkl05z4.o
    0x00000410   0x00000410   0x0000015a   Code   RO          559    .text               c_p.l(aeabi_sdiv.o)
    0x0000056a   0x0000056a   0x0000005e   Code   RO          569    .text               fz_ps.l(fflti.o)
    0x000005c8   0x000005c8   0x000000b0   Code   RO          580    .text               c_p.l(_printf_intcommon.o)
    0x00000678   0x00000678   0x00000418   Code   RO          582    .text               c_p.l(_printf_fp_dec.o)
    0x00000a90   0x00000a90   0x00000030   Code   RO          584    .text               c_p.l(_printf_char_common.o)
    0x00000ac0   0x00000ac0   0x00000028   Code   RO          589    .text               c_p.l(rtudiv10.o)
    0x00000ae8   0x00000ae8   0x00000008   Code   RO          612    .text               c_p.l(rt_locale_intlibspace.o)
    0x00000af0   0x00000af0   0x0000007a   Code   RO          614    .text               c_p.l(lludiv10.o)
    0x00000b6a   0x00000b6a   0x00000002   PAD
    0x00000b6c   0x00000b6c   0x00000088   Code   RO          616    .text               c_p.l(_printf_fp_infnan.o)
    0x00000bf4   0x00000bf4   0x000000d8   Code   RO          620    .text               c_p.l(bigflt0.o)
    0x00000ccc   0x00000ccc   0x00000580   Code   RO          623    .text               c_p.l(btod.o)
    0x0000124c   0x0000124c   0x00000008   Code   RO          634    .text               c_p.l(libspace.o)
    0x00001254   0x00001254   0x0000003e   Code   RO          637    .text               c_p.l(sys_stackheap_outer.o)
    0x00001292   0x00001292   0x00000010   Code   RO          640    .text               c_p.l(exit.o)
    0x000012a2   0x000012a2   0x00000002   PAD
    0x000012a4   0x000012a4   0x00000088   Code   RO          646    .text               c_p.l(strcmp.o)
    0x0000132c   0x0000132c   0x0000000c   Code   RO          712    .text               c_p.l(sys_exit.o)
    0x00001338   0x00001338   0x00000000   Code   RO          735    .text               c_p.l(indicate_semi.o)
    0x00001338   0x00001338   0x00000038   Code   RO          293    i.ADC0_IRQHandler   main.o
    0x00001370   0x00001370   0x00000128   Code   RO          434    i.ADC_Init          adc.o
    0x00001498   0x00001498   0x00000064   Code   RO            3    i.I2C_Init          i2c.o
    0x000014fc   0x000014fc   0x00000040   Code   RO            8    i.I2C_Write         i2c.o
    0x0000153c   0x0000153c   0x00000014   Code   RO          172    i.LCD1602_Backlight  lcd1602.o
    0x00001550   0x00001550   0x00000034   Code   RO          176    i.LCD1602_CheckAddress  lcd1602.o
    0x00001584   0x00001584   0x00000050   Code   RO          178    i.LCD1602_Init      lcd1602.o
    0x000015d4   0x000015d4   0x0000001c   Code   RO          180    i.LCD1602_Print     lcd1602.o
    0x000015f0   0x000015f0   0x00000024   Code   RO          183    i.LCD1602_SetCursor  lcd1602.o
    0x00001614   0x00001614   0x00000050   Code   RO          184    i.LCD1602_Write4    lcd1602.o
    0x00001664   0x00001664   0x0000001c   Code   RO          185    i.LCD1602_Write8    lcd1602.o
    0x00001680   0x00001680   0x00000028   Code   RO          186    i.PCF8574_Write     lcd1602.o
    0x000016a8   0x000016a8   0x00000010   Code   RO          294    i.PIT_IRQHandler    main.o
    0x000016b8   0x000016b8   0x00000074   Code   RO          457    i.PIT_Init          pit.o
    0x0000172c   0x0000172c   0x0000005c   Code   RO          491    i.SystemInit        system_mkl05z4.o
    0x00001788   0x00001788   0x00000024   Code   RO          382    i.TSI0_IRQHandler   tsi.o
    0x000017ac   0x000017ac   0x00000084   Code   RO          383    i.TSI_Init          tsi.o
    0x00001830   0x00001830   0x00000084   Code   RO          384    i.TSI_ReadSlider    tsi.o
    0x000018b4   0x000018b4   0x00000080   Code   RO          359    i.UART0_Init        uart0.o
    0x00001934   0x00001934   0x00000030   Code   RO          625    i.__ARM_common_ll_muluu  c_p.l(btod.o)
    0x00001964   0x00001964   0x0000002c   Code   RO          632    i.__ARM_fpclassify  m_ps.l(fpclassify.o)
    0x00001990   0x00001990   0x0000000e   Code   RO          542    i._is_digit         c_p.l(__printf_wp.o)
    0x0000199e   0x0000199e   0x00000002   PAD
    0x000019a0   0x000019a0   0x00000094   Code   RO          385    i.change_electrode  tsi.o
    0x00001a34   0x00001a34   0x00000014   Code   RO           11    i.i2c_clr_IICIF     i2c.o
    0x00001a48   0x00001a48   0x00000014   Code   RO           12    i.i2c_disable       i2c.o
    0x00001a5c   0x00001a5c   0x00000014   Code   RO           13    i.i2c_enable        i2c.o
    0x00001a70   0x00001a70   0x00000014   Code   RO           15    i.i2c_m_start       i2c.o
    0x00001a84   0x00001a84   0x00000014   Code   RO           16    i.i2c_m_stop        i2c.o
    0x00001a98   0x00001a98   0x0000000c   Code   RO           20    i.i2c_send          i2c.o
    0x00001aa4   0x00001aa4   0x00000014   Code   RO           21    i.i2c_tran          i2c.o
    0x00001ab8   0x00001ab8   0x0000007c   Code   RO           22    i.i2c_wait          i2c.o
    0x00001b34   0x00001b34   0x000001cc   Code   RO          295    i.main              main.o
    0x00001d00   0x00001d00   0x000000fc   Code   RO          386    i.self_calibration  tsi.o
    0x00001dfc   0x00001dfc   0x0000002c   Code   RO          628    locale$$code        c_p.l(lc_numeric_c.o)
    0x00001e28   0x00001e28   0x000000b0   Code   RO          571    x$fpl$fmul          fz_ps.l(fmul.o)
    0x00001ed8   0x00001ed8   0x00000010   Code   RO          573    x$fpl$printf1       fz_ps.l(printf1.o)
    0x00001ee8   0x00001ee8   0x00000000   Code   RO          591    x$fpl$usenofp       fz_ps.l(usenofp.o)
    0x00001ee8   0x00001ee8   0x00000094   Data   RO          621    .constdata          c_p.l(bigflt0.o)
    0x00001f7c   0x00001f7c   0x00000020   Data   RO          781    Region$$Table       anon$$obj.o
    0x00001f9c   0x00001f9c   0x0000001c   Data   RO          627    locale$$data        c_p.l(lc_numeric_c.o)


    Execution Region RW_IRAM1 (Exec base: 0x1ffffc00, Load base: 0x00001fb8, Size: 0x000003d8, Max: 0x00001000, ABSOLUTE)

    Exec Addr    Load Addr    Size         Type   Attr      Idx    E Section Name        Object

    0x1ffffc00   0x00001fb8   0x00000005   Data   RW           23    .data               i2c.o
    0x1ffffc05   0x00001fbd   0x0000004a   Data   RW          188    .data               lcd1602.o
    0x1ffffc4f   0x00002007   0x00000001   PAD
    0x1ffffc50   0x00002008   0x0000000c   Data   RW          296    .data               main.o
    0x1ffffc5c   0x00002014   0x00000014   Data   RW          387    .data               tsi.o
    0x1ffffc70   0x00002028   0x00000004   Data   RW          492    .data               system_mkl05z4.o
    0x1ffffc74        -       0x00000060   Zero   RW          635    .bss                c_p.l(libspace.o)
    0x1ffffcd4   0x0000202c   0x00000004   PAD
    0x1ffffcd8        -       0x00000000   Zero   RW          479    HEAP                startup_mkl05z4.o
    0x1ffffcd8        -       0x00000300   Zero   RW          478    STACK               startup_mkl05z4.o


==============================================================================

Image component sizes


      Code (inc. data)   RO Data    RW Data    ZI Data      Debug   Object Name

       296         20          0          0          0        851   adc.o
       420         78          0          5          0      85250   i2c.o
       364         28          0         74          0       5428   lcd1602.o
       532        138          0         12          0       2191   main.o
       116         26          0          0          0        683   pit.o
        68         38        192          0        768        944   startup_mkl05z4.o
        92         14          0          4          0        807   system_mkl05z4.o
       700         88          0         20          0      11664   tsi.o
       128         12          0          0          0        449   uart0.o

    ----------------------------------------------------------------------
      2716        442        224        116        768     108267   Object Totals
         0          0         32          0          0          0   (incl. Generated)
         0          0          0          1          0          0   (incl. Padding)

    ----------------------------------------------------------------------

      Code (inc. data)   RO Data    RW Data    ZI Data      Debug   Library Member Name

         8          0          0          0          0         68   __main.o
       284          0          0          0          0        136   __printf_wp.o
         0          0          0          0          0          0   __rtentry.o
        12          0          0          0          0          0   __rtentry2.o
         6          0          0          0          0          0   __rtentry4.o
        60          8          0          0          0          0   __scatter.o
        26          0          0          0          0          0   __scatter_copy.o
        28          0          0          0          0          0   __scatter_zi.o
        48          6          0          0          0         88   _printf_char_common.o
        10          0          0          0          0          0   _printf_d.o
       108         18          0          0          0         76   _printf_dec.o
        10          0          0          0          0          0   _printf_f.o
      1048         14          0          0          0        176   _printf_fp_dec.o
       136         16          0          0          0         76   _printf_fp_infnan.o
       176          0          0          0          0         84   _printf_intcommon.o
         2          0          0          0          0          0   _printf_percent.o
         4          0          0          0          0          0   _printf_percent_end.o
        10          0          0          0          0         60   _sputc.o
       346          0          0          0          0         92   aeabi_sdiv.o
       216          6        148          0          0         80   bigflt0.o
      1456         30          0          0          0        336   btod.o
        16          0          0          0          0         68   exit.o
         6          0          0          0          0        136   heapauxi.o
         0          0          0          0          0          0   indicate_semi.o
        44         10         28          0          0         76   lc_numeric_c.o
         2          0          0          0          0          0   libinit.o
        18          0          0          0          0          0   libinit2.o
         2          0          0          0          0          0   libshutdown.o
         2          0          0          0          0          0   libshutdown2.o
         8          4          0          0         96         68   libspace.o
       122          0          0          0          0         72   lludiv10.o
        40          4          0          0          0         84   noretval__2sprintf.o
         8          4          0          0          0         68   rt_locale_intlibspace.o
        56          0          0          0          0         68   rt_memcpy.o
         2          0          0          0          0          0   rtexit.o
        10          0          0          0          0          0   rtexit2.o
        40          0          0          0          0         60   rtudiv10.o
       136          4          0          0          0         72   strcmp.o
        12          4          0          0          0         60   sys_exit.o
        62          0          0          0          0         80   sys_stackheap_outer.o
         2          0          0          0          0         68   use_no_semi.o
        84          4          0          0          0         60   f2d.o
        94          0          0          0          0         92   fflti.o
       176          4          0          0          0         80   fmul.o
        16          4          0          0          0         76   printf1.o
         0          0          0          0          0          0   usenofp.o
        44          4          0          0          0         60   fpclassify.o

    ----------------------------------------------------------------------
      5004        144        176          0        100       2620   Library Totals
         8          0          0          0          4          0   (incl. Padding)

    ----------------------------------------------------------------------

      Code (inc. data)   RO Data    RW Data    ZI Data      Debug   Library Name

      4582        128        176          0         96       2252   c_p.l
       370         12          0          0          0        308   fz_ps.l
        44          4          0          0          0         60   m_ps.l

    ----------------------------------------------------------------------
      5004        144        176          0        100       2620   Library Totals

    ----------------------------------------------------------------------

==============================================================================


      Code (inc. data)   RO Data    RW Data    ZI Data      Debug   

      7720        586        400        116        868     108371   Grand Totals
      7720        586        400        116        868     108371   ELF Image Totals
      7720        586        400        116          0          0   ROM Totals

==============================================================================

    Total RO  Size (Code + RO Data)                 8120 (   7.93kB)
    Total RW  Size (RW Data + ZI Data)               984 (   0.96kB)
    Total ROM Size (Code + RO Data + RW Data)       8236 (   8.04kB)

==============================================================================

